/opt/pytorch/lib/python3.12/site-packages/torch/cuda/__init__.py:61: FutureWarning: The pynvml package is deprecated. Please install nvidia-ml-py instead. If you did not install pynvml directly, please report this to the maintainers of the package that installed pynvml for you.
  import pynvml  # type: ignore[import]
[ml-1m_lightgcn_d64_l3] epoch   5 loss 0.4555 valid ndcg@10 0.1097 recall@20 0.1138 *
[ml-1m_lightgcn_d64_l3] epoch  10 loss 0.4372 valid ndcg@10 0.1101 recall@20 0.1139 *
[ml-1m_lightgcn_d64_l3] epoch  15 loss 0.4261 valid ndcg@10 0.1098 recall@20 0.1138
[ml-1m_lightgcn_d64_l3] epoch  20 loss 0.4211 valid ndcg@10 0.1100 recall@20 0.1142
[ml-1m_lightgcn_d64_l3] epoch  25 loss 0.4147 valid ndcg@10 0.1110 recall@20 0.1143 *
[ml-1m_lightgcn_d64_l3] epoch  30 loss 0.4007 valid ndcg@10 0.1166 recall@20 0.1179 *
[ml-1m_lightgcn_d64_l3] epoch  35 loss 0.3810 valid ndcg@10 0.1243 recall@20 0.1256 *
[ml-1m_lightgcn_d64_l3] epoch  40 loss 0.3701 valid ndcg@10 0.1297 recall@20 0.1317 *
[ml-1m_lightgcn_d64_l3] epoch  45 loss 0.3569 valid ndcg@10 0.1395 recall@20 0.1411 *
[ml-1m_lightgcn_d64_l3] epoch  50 loss 0.3478 valid ndcg@10 0.1470 recall@20 0.1486 *
[ml-1m_lightgcn_d64_l3] epoch  55 loss 0.3401 valid ndcg@10 0.1513 recall@20 0.1536 *
[ml-1m_lightgcn_d64_l3] epoch  60 loss 0.3329 valid ndcg@10 0.1548 recall@20 0.1578 *
[ml-1m_lightgcn_d64_l3] epoch  65 loss 0.3270 valid ndcg@10 0.1585 recall@20 0.1636 *
[ml-1m_lightgcn_d64_l3] epoch  70 loss 0.3213 valid ndcg@10 0.1621 recall@20 0.1671 *
[ml-1m_lightgcn_d64_l3] epoch  75 loss 0.3184 valid ndcg@10 0.1651 recall@20 0.1699 *
[ml-1m_lightgcn_d64_l3] epoch  80 loss 0.3146 valid ndcg@10 0.1655 recall@20 0.1724 *
[ml-1m_lightgcn_d64_l3] epoch  85 loss 0.3109 valid ndcg@10 0.1683 recall@20 0.1748 *
[ml-1m_lightgcn_d64_l3] epoch  90 loss 0.3087 valid ndcg@10 0.1709 recall@20 0.1771 *
[ml-1m_lightgcn_d64_l3] epoch  95 loss 0.3046 valid ndcg@10 0.1729 recall@20 0.1793 *
[ml-1m_lightgcn_d64_l3] epoch 100 loss 0.3018 valid ndcg@10 0.1753 recall@20 0.1831 *
[ml-1m_lightgcn_d64_l3] epoch 105 loss 0.2984 valid ndcg@10 0.1780 recall@20 0.1854 *
[ml-1m_lightgcn_d64_l3] epoch 110 loss 0.2969 valid ndcg@10 0.1803 recall@20 0.1893 *
[ml-1m_lightgcn_d64_l3] epoch 115 loss 0.2947 valid ndcg@10 0.1822 recall@20 0.1928 *
[ml-1m_lightgcn_d64_l3] epoch 120 loss 0.2921 valid ndcg@10 0.1846 recall@20 0.1964 *
[ml-1m_lightgcn_d64_l3] epoch 125 loss 0.2901 valid ndcg@10 0.1867 recall@20 0.1988 *
[ml-1m_lightgcn_d64_l3] epoch 130 loss 0.2879 valid ndcg@10 0.1875 recall@20 0.1997 *
[ml-1m_lightgcn_d64_l3] epoch 135 loss 0.2855 valid ndcg@10 0.1886 recall@20 0.2013 *
[ml-1m_lightgcn_d64_l3] epoch 140 loss 0.2838 valid ndcg@10 0.1903 recall@20 0.2039 *
[ml-1m_lightgcn_d64_l3] epoch 145 loss 0.2828 valid ndcg@10 0.1911 recall@20 0.2055 *
[ml-1m_lightgcn_d64_l3] epoch 150 loss 0.2810 valid ndcg@10 0.1919 recall@20 0.2074 *
[ml-1m_lightgcn_d64_l3] epoch 155 loss 0.2790 valid ndcg@10 0.1929 recall@20 0.2089 *
[ml-1m_lightgcn_d64_l3] epoch 160 loss 0.2775 valid ndcg@10 0.1932 recall@20 0.2093 *
[ml-1m_lightgcn_d64_l3] epoch 165 loss 0.2758 valid ndcg@10 0.1951 recall@20 0.2109 *
[ml-1m_lightgcn_d64_l3] epoch 170 loss 0.2744 valid ndcg@10 0.1945 recall@20 0.2125
[ml-1m_lightgcn_d64_l3] epoch 175 loss 0.2731 valid ndcg@10 0.1952 recall@20 0.2130 *
[ml-1m_lightgcn_d64_l3] epoch 180 loss 0.2724 valid ndcg@10 0.1953 recall@20 0.2146 *
[ml-1m_lightgcn_d64_l3] epoch 185 loss 0.2707 valid ndcg@10 0.1952 recall@20 0.2146
[ml-1m_lightgcn_d64_l3] epoch 190 loss 0.2691 valid ndcg@10 0.1958 recall@20 0.2161 *
[ml-1m_lightgcn_d64_l3] epoch 195 loss 0.2683 valid ndcg@10 0.1969 recall@20 0.2167 *
[ml-1m_lightgcn_d64_l3] epoch 200 loss 0.2676 valid ndcg@10 0.1970 recall@20 0.2170 *
[ml-1m_lightgcn_d64_l3] epoch 205 loss 0.2671 valid ndcg@10 0.1966 recall@20 0.2181
[ml-1m_lightgcn_d64_l3] epoch 210 loss 0.2648 valid ndcg@10 0.1969 recall@20 0.2185
[ml-1m_lightgcn_d64_l3] epoch 215 loss 0.2647 valid ndcg@10 0.1969 recall@20 0.2184
[ml-1m_lightgcn_d64_l3] epoch 220 loss 0.2637 valid ndcg@10 0.1966 recall@20 0.2189
[ml-1m_lightgcn_d64_l3] epoch 225 loss 0.2628 valid ndcg@10 0.1970 recall@20 0.2199 *
[ml-1m_lightgcn_d64_l3] epoch 230 loss 0.2618 valid ndcg@10 0.1971 recall@20 0.2213 *
[ml-1m_lightgcn_d64_l3] epoch 235 loss 0.2612 valid ndcg@10 0.1973 recall@20 0.2202 *
[ml-1m_lightgcn_d64_l3] epoch 240 loss 0.2602 valid ndcg@10 0.1976 recall@20 0.2206 *
[ml-1m_lightgcn_d64_l3] epoch 245 loss 0.2587 valid ndcg@10 0.1981 recall@20 0.2218 *
[ml-1m_lightgcn_d64_l3] epoch 250 loss 0.2582 valid ndcg@10 0.1989 recall@20 0.2222 *
[ml-1m_lightgcn_d64_l3] epoch 255 loss 0.2572 valid ndcg@10 0.1990 recall@20 0.2237 *
[ml-1m_lightgcn_d64_l3] epoch 260 loss 0.2570 valid ndcg@10 0.1988 recall@20 0.2239
[ml-1m_lightgcn_d64_l3] epoch 265 loss 0.2555 valid ndcg@10 0.1999 recall@20 0.2253 *
[ml-1m_lightgcn_d64_l3] epoch 270 loss 0.2544 valid ndcg@10 0.1997 recall@20 0.2261
[ml-1m_lightgcn_d64_l3] epoch 275 loss 0.2545 valid ndcg@10 0.1996 recall@20 0.2263
[ml-1m_lightgcn_d64_l3] epoch 280 loss 0.2528 valid ndcg@10 0.2004 recall@20 0.2260 *
[ml-1m_lightgcn_d64_l3] epoch 285 loss 0.2521 valid ndcg@10 0.2008 recall@20 0.2275 *
[ml-1m_lightgcn_d64_l3] epoch 290 loss 0.2517 valid ndcg@10 0.2013 recall@20 0.2286 *
[ml-1m_lightgcn_d64_l3] epoch 295 loss 0.2510 valid ndcg@10 0.2012 recall@20 0.2274
[ml-1m_lightgcn_d64_l3] epoch 300 loss 0.2488 valid ndcg@10 0.2024 recall@20 0.2285 *
[ml-1m_lightgcn_d64_l3] epoch 305 loss 0.2484 valid ndcg@10 0.2021 recall@20 0.2287
[ml-1m_lightgcn_d64_l3] epoch 310 loss 0.2475 valid ndcg@10 0.2019 recall@20 0.2294
[ml-1m_lightgcn_d64_l3] epoch 315 loss 0.2481 valid ndcg@10 0.2027 recall@20 0.2301 *
[ml-1m_lightgcn_d64_l3] epoch 320 loss 0.2466 valid ndcg@10 0.2026 recall@20 0.2299
[ml-1m_lightgcn_d64_l3] epoch 325 loss 0.2450 valid ndcg@10 0.2027 recall@20 0.2311 *
[ml-1m_lightgcn_d64_l3] epoch 330 loss 0.2448 valid ndcg@10 0.2028 recall@20 0.2315 *
[ml-1m_lightgcn_d64_l3] epoch 335 loss 0.2437 valid ndcg@10 0.2019 recall@20 0.2320
[ml-1m_lightgcn_d64_l3] epoch 340 loss 0.2432 valid ndcg@10 0.2028 recall@20 0.2319
[ml-1m_lightgcn_d64_l3] epoch 345 loss 0.2428 valid ndcg@10 0.2039 recall@20 0.2328 *
[ml-1m_lightgcn_d64_l3] epoch 350 loss 0.2418 valid ndcg@10 0.2033 recall@20 0.2337
[ml-1m_lightgcn_d64_l3] epoch 355 loss 0.2414 valid ndcg@10 0.2036 recall@20 0.2341
[ml-1m_lightgcn_d64_l3] epoch 360 loss 0.2398 valid ndcg@10 0.2041 recall@20 0.2335 *
[ml-1m_lightgcn_d64_l3] epoch 365 loss 0.2384 valid ndcg@10 0.2046 recall@20 0.2338 *
[ml-1m_lightgcn_d64_l3] epoch 370 loss 0.2385 valid ndcg@10 0.2049 recall@20 0.2337 *
[ml-1m_lightgcn_d64_l3] epoch 375 loss 0.2376 valid ndcg@10 0.2048 recall@20 0.2345
[ml-1m_lightgcn_d64_l3] epoch 380 loss 0.2367 valid ndcg@10 0.2047 recall@20 0.2342
[ml-1m_lightgcn_d64_l3] epoch 385 loss 0.2365 valid ndcg@10 0.2047 recall@20 0.2347
[ml-1m_lightgcn_d64_l3] epoch 390 loss 0.2361 valid ndcg@10 0.2046 recall@20 0.2352
[ml-1m_lightgcn_d64_l3] epoch 395 loss 0.2349 valid ndcg@10 0.2045 recall@20 0.2355
[ml-1m_lightgcn_d64_l3] epoch 400 loss 0.2340 valid ndcg@10 0.2050 recall@20 0.2354 *
[ml-1m_lightgcn_d64_l3] epoch 405 loss 0.2330 valid ndcg@10 0.2048 recall@20 0.2367
[ml-1m_lightgcn_d64_l3] epoch 410 loss 0.2333 valid ndcg@10 0.2049 recall@20 0.2369
[ml-1m_lightgcn_d64_l3] epoch 415 loss 0.2326 valid ndcg@10 0.2046 recall@20 0.2364
[ml-1m_lightgcn_d64_l3] epoch 420 loss 0.2327 valid ndcg@10 0.2054 recall@20 0.2369 *
[ml-1m_lightgcn_d64_l3] epoch 425 loss 0.2309 valid ndcg@10 0.2053 recall@20 0.2369
[ml-1m_lightgcn_d64_l3] epoch 430 loss 0.2311 valid ndcg@10 0.2050 recall@20 0.2371
[ml-1m_lightgcn_d64_l3] epoch 435 loss 0.2304 valid ndcg@10 0.2050 recall@20 0.2376
[ml-1m_lightgcn_d64_l3] epoch 440 loss 0.2292 valid ndcg@10 0.2050 recall@20 0.2375
[ml-1m_lightgcn_d64_l3] epoch 445 loss 0.2289 valid ndcg@10 0.2058 recall@20 0.2376 *
[ml-1m_lightgcn_d64_l3] epoch 450 loss 0.2288 valid ndcg@10 0.2060 recall@20 0.2378 *
[ml-1m_lightgcn_d64_l3] epoch 455 loss 0.2279 valid ndcg@10 0.2058 recall@20 0.2385
[ml-1m_lightgcn_d64_l3] epoch 460 loss 0.2282 valid ndcg@10 0.2058 recall@20 0.2392
[ml-1m_lightgcn_d64_l3] epoch 465 loss 0.2263 valid ndcg@10 0.2050 recall@20 0.2392
[ml-1m_lightgcn_d64_l3] epoch 470 loss 0.2262 valid ndcg@10 0.2054 recall@20 0.2393
[ml-1m_lightgcn_d64_l3] epoch 475 loss 0.2256 valid ndcg@10 0.2055 recall@20 0.2397
[ml-1m_lightgcn_d64_l3] epoch 480 loss 0.2252 valid ndcg@10 0.2055 recall@20 0.2403
[ml-1m_lightgcn_d64_l3] early stop at epoch 480
[ml-1m_lightgcn_d64_l3] TEST {"recall@10": 0.17281902193467455, "ndcg@10": 0.26050820748615744, "recall@20": 0.2637624882667492, "ndcg@20": 0.2709121204425714} -> /home/ubuntu/movielens-data/project1/results/ml-1m_lightgcn_d64_l3.json
/opt/pytorch/lib/python3.12/site-packages/torch/cuda/__init__.py:61: FutureWarning: The pynvml package is deprecated. Please install nvidia-ml-py instead. If you did not install pynvml directly, please report this to the maintainers of the package that installed pynvml for you.
  import pynvml  # type: ignore[import]
[vgames_lightgcn_d64_l3] epoch   5 loss 0.4406 valid ndcg@10 0.0152 recall@20 0.0462 *
[vgames_lightgcn_d64_l3] epoch  10 loss 0.2968 valid ndcg@10 0.0171 recall@20 0.0521 *
[vgames_lightgcn_d64_l3] epoch  15 loss 0.2433 valid ndcg@10 0.0195 recall@20 0.0591 *
[vgames_lightgcn_d64_l3] epoch  20 loss 0.2132 valid ndcg@10 0.0208 recall@20 0.0634 *
[vgames_lightgcn_d64_l3] epoch  25 loss 0.1938 valid ndcg@10 0.0219 recall@20 0.0676 *
[vgames_lightgcn_d64_l3] epoch  30 loss 0.1761 valid ndcg@10 0.0232 recall@20 0.0717 *
[vgames_lightgcn_d64_l3] epoch  35 loss 0.1617 valid ndcg@10 0.0245 recall@20 0.0757 *
[vgames_lightgcn_d64_l3] epoch  40 loss 0.1475 valid ndcg@10 0.0258 recall@20 0.0790 *
[vgames_lightgcn_d64_l3] epoch  45 loss 0.1357 valid ndcg@10 0.0271 recall@20 0.0819 *
[vgames_lightgcn_d64_l3] epoch  50 loss 0.1251 valid ndcg@10 0.0281 recall@20 0.0845 *
[vgames_lightgcn_d64_l3] epoch  55 loss 0.1154 valid ndcg@10 0.0290 recall@20 0.0869 *
[vgames_lightgcn_d64_l3] epoch  60 loss 0.1075 valid ndcg@10 0.0299 recall@20 0.0894 *
[vgames_lightgcn_d64_l3] epoch  65 loss 0.1011 valid ndcg@10 0.0306 recall@20 0.0919 *
[vgames_lightgcn_d64_l3] epoch  70 loss 0.0942 valid ndcg@10 0.0314 recall@20 0.0937 *
[vgames_lightgcn_d64_l3] epoch  75 loss 0.0887 valid ndcg@10 0.0322 recall@20 0.0963 *
[vgames_lightgcn_d64_l3] epoch  80 loss 0.0830 valid ndcg@10 0.0329 recall@20 0.0981 *
[vgames_lightgcn_d64_l3] epoch  85 loss 0.0776 valid ndcg@10 0.0334 recall@20 0.1002 *
[vgames_lightgcn_d64_l3] epoch  90 loss 0.0731 valid ndcg@10 0.0341 recall@20 0.1020 *
[vgames_lightgcn_d64_l3] epoch  95 loss 0.0690 valid ndcg@10 0.0348 recall@20 0.1037 *
[vgames_lightgcn_d64_l3] epoch 100 loss 0.0656 valid ndcg@10 0.0353 recall@20 0.1053 *
[vgames_lightgcn_d64_l3] epoch 105 loss 0.0618 valid ndcg@10 0.0359 recall@20 0.1067 *
[vgames_lightgcn_d64_l3] epoch 110 loss 0.0590 valid ndcg@10 0.0364 recall@20 0.1083 *
[vgames_lightgcn_d64_l3] epoch 115 loss 0.0567 valid ndcg@10 0.0370 recall@20 0.1093 *
[vgames_lightgcn_d64_l3] epoch 120 loss 0.0547 valid ndcg@10 0.0375 recall@20 0.1103 *
[vgames_lightgcn_d64_l3] epoch 125 loss 0.0518 valid ndcg@10 0.0380 recall@20 0.1115 *
[vgames_lightgcn_d64_l3] epoch 130 loss 0.0494 valid ndcg@10 0.0383 recall@20 0.1130 *
[vgames_lightgcn_d64_l3] epoch 135 loss 0.0472 valid ndcg@10 0.0388 recall@20 0.1142 *
[vgames_lightgcn_d64_l3] epoch 140 loss 0.0455 valid ndcg@10 0.0392 recall@20 0.1151 *
[vgames_lightgcn_d64_l3] epoch 145 loss 0.0443 valid ndcg@10 0.0395 recall@20 0.1162 *
[vgames_lightgcn_d64_l3] epoch 150 loss 0.0421 valid ndcg@10 0.0400 recall@20 0.1169 *
[vgames_lightgcn_d64_l3] epoch 155 loss 0.0411 valid ndcg@10 0.0402 recall@20 0.1178 *
[vgames_lightgcn_d64_l3] epoch 160 loss 0.0394 valid ndcg@10 0.0406 recall@20 0.1186 *
[vgames_lightgcn_d64_l3] epoch 165 loss 0.0381 valid ndcg@10 0.0410 recall@20 0.1196 *
[vgames_lightgcn_d64_l3] epoch 170 loss 0.0367 valid ndcg@10 0.0413 recall@20 0.1199 *
[vgames_lightgcn_d64_l3] epoch 175 loss 0.0358 valid ndcg@10 0.0417 recall@20 0.1210 *
[vgames_lightgcn_d64_l3] epoch 180 loss 0.0344 valid ndcg@10 0.0419 recall@20 0.1216 *
[vgames_lightgcn_d64_l3] epoch 185 loss 0.0338 valid ndcg@10 0.0422 recall@20 0.1220 *
[vgames_lightgcn_d64_l3] epoch 190 loss 0.0330 valid ndcg@10 0.0425 recall@20 0.1230 *
[vgames_lightgcn_d64_l3] epoch 195 loss 0.0320 valid ndcg@10 0.0427 recall@20 0.1235 *
[vgames_lightgcn_d64_l3] epoch 200 loss 0.0310 valid ndcg@10 0.0429 recall@20 0.1240 *
[vgames_lightgcn_d64_l3] epoch 205 loss 0.0304 valid ndcg@10 0.0431 recall@20 0.1244 *
[vgames_lightgcn_d64_l3] epoch 210 loss 0.0298 valid ndcg@10 0.0434 recall@20 0.1250 *
[vgames_lightgcn_d64_l3] epoch 215 loss 0.0289 valid ndcg@10 0.0437 recall@20 0.1257 *
[vgames_lightgcn_d64_l3] epoch 220 loss 0.0283 valid ndcg@10 0.0439 recall@20 0.1259 *
[vgames_lightgcn_d64_l3] epoch 225 loss 0.0279 valid ndcg@10 0.0441 recall@20 0.1265 *
[vgames_lightgcn_d64_l3] epoch 230 loss 0.0269 valid ndcg@10 0.0443 recall@20 0.1268 *
[vgames_lightgcn_d64_l3] epoch 235 loss 0.0263 valid ndcg@10 0.0444 recall@20 0.1271 *
[vgames_lightgcn_d64_l3] epoch 240 loss 0.0258 valid ndcg@10 0.0446 recall@20 0.1276 *
[vgames_lightgcn_d64_l3] epoch 245 loss 0.0254 valid ndcg@10 0.0448 recall@20 0.1282 *
[vgames_lightgcn_d64_l3] epoch 250 loss 0.0250 valid ndcg@10 0.0450 recall@20 0.1286 *
[vgames_lightgcn_d64_l3] epoch 255 loss 0.0245 valid ndcg@10 0.0452 recall@20 0.1288 *
[vgames_lightgcn_d64_l3] epoch 260 loss 0.0240 valid ndcg@10 0.0452 recall@20 0.1293 *
[vgames_lightgcn_d64_l3] epoch 265 loss 0.0235 valid ndcg@10 0.0455 recall@20 0.1299 *
[vgames_lightgcn_d64_l3] epoch 270 loss 0.0232 valid ndcg@10 0.0456 recall@20 0.1303 *
[vgames_lightgcn_d64_l3] epoch 275 loss 0.0226 valid ndcg@10 0.0456 recall@20 0.1306 *
[vgames_lightgcn_d64_l3] epoch 280 loss 0.0227 valid ndcg@10 0.0459 recall@20 0.1310 *
[vgames_lightgcn_d64_l3] epoch 285 loss 0.0223 valid ndcg@10 0.0460 recall@20 0.1313 *
[vgames_lightgcn_d64_l3] epoch 290 loss 0.0221 valid ndcg@10 0.0460 recall@20 0.1319 *
[vgames_lightgcn_d64_l3] epoch 295 loss 0.0215 valid ndcg@10 0.0462 recall@20 0.1315 *
[vgames_lightgcn_d64_l3] epoch 300 loss 0.0216 valid ndcg@10 0.0463 recall@20 0.1321 *
[vgames_lightgcn_d64_l3] epoch 305 loss 0.0209 valid ndcg@10 0.0464 recall@20 0.1321 *
[vgames_lightgcn_d64_l3] epoch 310 loss 0.0209 valid ndcg@10 0.0464 recall@20 0.1325 *
[vgames_lightgcn_d64_l3] epoch 315 loss 0.0204 valid ndcg@10 0.0464 recall@20 0.1325 *
[vgames_lightgcn_d64_l3] epoch 320 loss 0.0203 valid ndcg@10 0.0467 recall@20 0.1325 *
[vgames_lightgcn_d64_l3] epoch 325 loss 0.0200 valid ndcg@10 0.0467 recall@20 0.1327
[vgames_lightgcn_d64_l3] epoch 330 loss 0.0199 valid ndcg@10 0.0467 recall@20 0.1332 *
[vgames_lightgcn_d64_l3] epoch 335 loss 0.0195 valid ndcg@10 0.0468 recall@20 0.1333 *
[vgames_lightgcn_d64_l3] epoch 340 loss 0.0197 valid ndcg@10 0.0469 recall@20 0.1336 *
[vgames_lightgcn_d64_l3] epoch 345 loss 0.0194 valid ndcg@10 0.0469 recall@20 0.1335
[vgames_lightgcn_d64_l3] epoch 350 loss 0.0193 valid ndcg@10 0.0471 recall@20 0.1339 *
[vgames_lightgcn_d64_l3] epoch 355 loss 0.0187 valid ndcg@10 0.0471 recall@20 0.1339
[vgames_lightgcn_d64_l3] epoch 360 loss 0.0186 valid ndcg@10 0.0471 recall@20 0.1336
[vgames_lightgcn_d64_l3] epoch 365 loss 0.0186 valid ndcg@10 0.0472 recall@20 0.1340 *
[vgames_lightgcn_d64_l3] epoch 370 loss 0.0183 valid ndcg@10 0.0472 recall@20 0.1343 *
[vgames_lightgcn_d64_l3] epoch 375 loss 0.0180 valid ndcg@10 0.0473 recall@20 0.1342 *
[vgames_lightgcn_d64_l3] epoch 380 loss 0.0177 valid ndcg@10 0.0473 recall@20 0.1344 *
[vgames_lightgcn_d64_l3] epoch 385 loss 0.0180 valid ndcg@10 0.0473 recall@20 0.1341 *
[vgames_lightgcn_d64_l3] epoch 390 loss 0.0176 valid ndcg@10 0.0474 recall@20 0.1343 *
[vgames_lightgcn_d64_l3] epoch 395 loss 0.0177 valid ndcg@10 0.0475 recall@20 0.1345 *
[vgames_lightgcn_d64_l3] epoch 400 loss 0.0172 valid ndcg@10 0.0475 recall@20 0.1347
[vgames_lightgcn_d64_l3] epoch 405 loss 0.0173 valid ndcg@10 0.0477 recall@20 0.1350 *
[vgames_lightgcn_d64_l3] epoch 410 loss 0.0171 valid ndcg@10 0.0477 recall@20 0.1349 *
[vgames_lightgcn_d64_l3] epoch 415 loss 0.0171 valid ndcg@10 0.0476 recall@20 0.1347
[vgames_lightgcn_d64_l3] epoch 420 loss 0.0167 valid ndcg@10 0.0476 recall@20 0.1347
[vgames_lightgcn_d64_l3] epoch 425 loss 0.0169 valid ndcg@10 0.0478 recall@20 0.1351 *
[vgames_lightgcn_d64_l3] epoch 430 loss 0.0165 valid ndcg@10 0.0477 recall@20 0.1350
[vgames_lightgcn_d64_l3] epoch 435 loss 0.0165 valid ndcg@10 0.0478 recall@20 0.1350
[vgames_lightgcn_d64_l3] epoch 440 loss 0.0165 valid ndcg@10 0.0478 recall@20 0.1354 *
[vgames_lightgcn_d64_l3] epoch 445 loss 0.0162 valid ndcg@10 0.0479 recall@20 0.1353 *
[vgames_lightgcn_d64_l3] epoch 450 loss 0.0161 valid ndcg@10 0.0480 recall@20 0.1352 *
[vgames_lightgcn_d64_l3] epoch 455 loss 0.0162 valid ndcg@10 0.0479 recall@20 0.1354
[vgames_lightgcn_d64_l3] epoch 460 loss 0.0157 valid ndcg@10 0.0480 recall@20 0.1353
[vgames_lightgcn_d64_l3] epoch 465 loss 0.0159 valid ndcg@10 0.0481 recall@20 0.1352 *
[vgames_lightgcn_d64_l3] epoch 470 loss 0.0156 valid ndcg@10 0.0479 recall@20 0.1353
[vgames_lightgcn_d64_l3] epoch 475 loss 0.0158 valid ndcg@10 0.0480 recall@20 0.1350
[vgames_lightgcn_d64_l3] epoch 480 loss 0.0155 valid ndcg@10 0.0480 recall@20 0.1354
[vgames_lightgcn_d64_l3] epoch 485 loss 0.0155 valid ndcg@10 0.0481 recall@20 0.1358 *
[vgames_lightgcn_d64_l3] epoch 490 loss 0.0155 valid ndcg@10 0.0481 recall@20 0.1357
[vgames_lightgcn_d64_l3] epoch 495 loss 0.0154 valid ndcg@10 0.0482 recall@20 0.1360 *
[vgames_lightgcn_d64_l3] epoch 500 loss 0.0152 valid ndcg@10 0.0482 recall@20 0.1357 *
[vgames_lightgcn_d64_l3] epoch 505 loss 0.0151 valid ndcg@10 0.0482 recall@20 0.1356
[vgames_lightgcn_d64_l3] epoch 510 loss 0.0149 valid ndcg@10 0.0482 recall@20 0.1356
[vgames_lightgcn_d64_l3] epoch 515 loss 0.0148 valid ndcg@10 0.0483 recall@20 0.1357 *
[vgames_lightgcn_d64_l3] epoch 520 loss 0.0149 valid ndcg@10 0.0483 recall@20 0.1358
[vgames_lightgcn_d64_l3] epoch 525 loss 0.0149 valid ndcg@10 0.0483 recall@20 0.1357 *
[vgames_lightgcn_d64_l3] epoch 530 loss 0.0149 valid ndcg@10 0.0482 recall@20 0.1359
[vgames_lightgcn_d64_l3] epoch 535 loss 0.0146 valid ndcg@10 0.0484 recall@20 0.1355 *
[vgames_lightgcn_d64_l3] epoch 540 loss 0.0146 valid ndcg@10 0.0484 recall@20 0.1358 *
[vgames_lightgcn_d64_l3] epoch 545 loss 0.0146 valid ndcg@10 0.0484 recall@20 0.1358 *
[vgames_lightgcn_d64_l3] epoch 550 loss 0.0144 valid ndcg@10 0.0484 recall@20 0.1356 *
[vgames_lightgcn_d64_l3] epoch 555 loss 0.0144 valid ndcg@10 0.0485 recall@20 0.1355 *
[vgames_lightgcn_d64_l3] epoch 560 loss 0.0142 valid ndcg@10 0.0485 recall@20 0.1356 *
[vgames_lightgcn_d64_l3] epoch 565 loss 0.0142 valid ndcg@10 0.0485 recall@20 0.1357 *
[vgames_lightgcn_d64_l3] epoch 570 loss 0.0142 valid ndcg@10 0.0485 recall@20 0.1358
[vgames_lightgcn_d64_l3] epoch 575 loss 0.0142 valid ndcg@10 0.0484 recall@20 0.1358
[vgames_lightgcn_d64_l3] epoch 580 loss 0.0141 valid ndcg@10 0.0485 recall@20 0.1356
[vgames_lightgcn_d64_l3] epoch 585 loss 0.0140 valid ndcg@10 0.0484 recall@20 0.1357
[vgames_lightgcn_d64_l3] epoch 590 loss 0.0141 valid ndcg@10 0.0484 recall@20 0.1353
[vgames_lightgcn_d64_l3] epoch 595 loss 0.0138 valid ndcg@10 0.0484 recall@20 0.1356
[vgames_lightgcn_d64_l3] early stop at epoch 595
[vgames_lightgcn_d64_l3] TEST {"recall@10": 0.09073902215380002, "ndcg@10": 0.049384781383424954, "recall@20": 0.1349064740755483, "ndcg@20": 0.060818065425796465} -> /home/ubuntu/movielens-data/project1/results/vgames_lightgcn_d64_l3.json
/opt/pytorch/lib/python3.12/site-packages/torch/cuda/__init__.py:61: FutureWarning: The pynvml package is deprecated. Please install nvidia-ml-py instead. If you did not install pynvml directly, please report this to the maintainers of the package that installed pynvml for you.
  import pynvml  # type: ignore[import]
[vgames_lightgcn_d64_l2] epoch   5 loss 0.4603 valid ndcg@10 0.0176 recall@20 0.0522 *
[vgames_lightgcn_d64_l2] epoch  10 loss 0.2644 valid ndcg@10 0.0197 recall@20 0.0588 *
[vgames_lightgcn_d64_l2] epoch  15 loss 0.2132 valid ndcg@10 0.0215 recall@20 0.0663 *
[vgames_lightgcn_d64_l2] epoch  20 loss 0.1835 valid ndcg@10 0.0234 recall@20 0.0722 *
[vgames_lightgcn_d64_l2] epoch  25 loss 0.1617 valid ndcg@10 0.0254 recall@20 0.0776 *
[vgames_lightgcn_d64_l2] epoch  30 loss 0.1430 valid ndcg@10 0.0270 recall@20 0.0818 *
[vgames_lightgcn_d64_l2] epoch  35 loss 0.1281 valid ndcg@10 0.0284 recall@20 0.0852 *
[vgames_lightgcn_d64_l2] epoch  40 loss 0.1145 valid ndcg@10 0.0295 recall@20 0.0892 *
[vgames_lightgcn_d64_l2] epoch  45 loss 0.1034 valid ndcg@10 0.0306 recall@20 0.0924 *
[vgames_lightgcn_d64_l2] epoch  50 loss 0.0937 valid ndcg@10 0.0317 recall@20 0.0947 *
[vgames_lightgcn_d64_l2] epoch  55 loss 0.0849 valid ndcg@10 0.0327 recall@20 0.0977 *
[vgames_lightgcn_d64_l2] epoch  60 loss 0.0780 valid ndcg@10 0.0337 recall@20 0.1003 *
[vgames_lightgcn_d64_l2] epoch  65 loss 0.0723 valid ndcg@10 0.0345 recall@20 0.1033 *
[vgames_lightgcn_d64_l2] epoch  70 loss 0.0666 valid ndcg@10 0.0352 recall@20 0.1054 *
[vgames_lightgcn_d64_l2] epoch  75 loss 0.0624 valid ndcg@10 0.0360 recall@20 0.1077 *
[vgames_lightgcn_d64_l2] epoch  80 loss 0.0578 valid ndcg@10 0.0369 recall@20 0.1094 *
[vgames_lightgcn_d64_l2] epoch  85 loss 0.0534 valid ndcg@10 0.0374 recall@20 0.1112 *
[vgames_lightgcn_d64_l2] epoch  90 loss 0.0501 valid ndcg@10 0.0380 recall@20 0.1126 *
[vgames_lightgcn_d64_l2] epoch  95 loss 0.0468 valid ndcg@10 0.0387 recall@20 0.1139 *
[vgames_lightgcn_d64_l2] epoch 100 loss 0.0445 valid ndcg@10 0.0392 recall@20 0.1157 *
[vgames_lightgcn_d64_l2] epoch 105 loss 0.0417 valid ndcg@10 0.0397 recall@20 0.1169 *
[vgames_lightgcn_d64_l2] epoch 110 loss 0.0395 valid ndcg@10 0.0402 recall@20 0.1179 *
[vgames_lightgcn_d64_l2] epoch 115 loss 0.0379 valid ndcg@10 0.0407 recall@20 0.1187 *
[vgames_lightgcn_d64_l2] epoch 120 loss 0.0363 valid ndcg@10 0.0412 recall@20 0.1198 *
[vgames_lightgcn_d64_l2] epoch 125 loss 0.0343 valid ndcg@10 0.0416 recall@20 0.1206 *
[vgames_lightgcn_d64_l2] epoch 130 loss 0.0327 valid ndcg@10 0.0421 recall@20 0.1218 *
[vgames_lightgcn_d64_l2] epoch 135 loss 0.0311 valid ndcg@10 0.0426 recall@20 0.1221 *
[vgames_lightgcn_d64_l2] epoch 140 loss 0.0299 valid ndcg@10 0.0429 recall@20 0.1234 *
[vgames_lightgcn_d64_l2] epoch 145 loss 0.0292 valid ndcg@10 0.0433 recall@20 0.1244 *
[vgames_lightgcn_d64_l2] epoch 150 loss 0.0277 valid ndcg@10 0.0436 recall@20 0.1251 *
[vgames_lightgcn_d64_l2] epoch 155 loss 0.0270 valid ndcg@10 0.0438 recall@20 0.1257 *
[vgames_lightgcn_d64_l2] epoch 160 loss 0.0258 valid ndcg@10 0.0442 recall@20 0.1264 *
[vgames_lightgcn_d64_l2] epoch 165 loss 0.0251 valid ndcg@10 0.0445 recall@20 0.1271 *
[vgames_lightgcn_d64_l2] epoch 170 loss 0.0241 valid ndcg@10 0.0448 recall@20 0.1274 *
[vgames_lightgcn_d64_l2] epoch 175 loss 0.0236 valid ndcg@10 0.0451 recall@20 0.1278 *
[vgames_lightgcn_d64_l2] epoch 180 loss 0.0226 valid ndcg@10 0.0452 recall@20 0.1283 *
[vgames_lightgcn_d64_l2] epoch 185 loss 0.0224 valid ndcg@10 0.0455 recall@20 0.1286 *
[vgames_lightgcn_d64_l2] epoch 190 loss 0.0218 valid ndcg@10 0.0457 recall@20 0.1292 *
[vgames_lightgcn_d64_l2] epoch 195 loss 0.0212 valid ndcg@10 0.0459 recall@20 0.1302 *
[vgames_lightgcn_d64_l2] epoch 200 loss 0.0207 valid ndcg@10 0.0461 recall@20 0.1297 *
[vgames_lightgcn_d64_l2] epoch 205 loss 0.0202 valid ndcg@10 0.0461 recall@20 0.1301 *
[vgames_lightgcn_d64_l2] epoch 210 loss 0.0198 valid ndcg@10 0.0463 recall@20 0.1302 *
[vgames_lightgcn_d64_l2] epoch 215 loss 0.0193 valid ndcg@10 0.0466 recall@20 0.1303 *
[vgames_lightgcn_d64_l2] epoch 220 loss 0.0188 valid ndcg@10 0.0465 recall@20 0.1307
[vgames_lightgcn_d64_l2] epoch 225 loss 0.0187 valid ndcg@10 0.0466 recall@20 0.1314 *
[vgames_lightgcn_d64_l2] epoch 230 loss 0.0181 valid ndcg@10 0.0467 recall@20 0.1316 *
[vgames_lightgcn_d64_l2] epoch 235 loss 0.0176 valid ndcg@10 0.0468 recall@20 0.1312 *
[vgames_lightgcn_d64_l2] epoch 240 loss 0.0174 valid ndcg@10 0.0468 recall@20 0.1318 *
[vgames_lightgcn_d64_l2] epoch 245 loss 0.0171 valid ndcg@10 0.0470 recall@20 0.1316 *
[vgames_lightgcn_d64_l2] epoch 250 loss 0.0169 valid ndcg@10 0.0470 recall@20 0.1318
[vgames_lightgcn_d64_l2] epoch 255 loss 0.0166 valid ndcg@10 0.0471 recall@20 0.1322 *
[vgames_lightgcn_d64_l2] epoch 260 loss 0.0163 valid ndcg@10 0.0472 recall@20 0.1319 *
[vgames_lightgcn_d64_l2] epoch 265 loss 0.0160 valid ndcg@10 0.0474 recall@20 0.1322 *
[vgames_lightgcn_d64_l2] epoch 270 loss 0.0159 valid ndcg@10 0.0473 recall@20 0.1322
[vgames_lightgcn_d64_l2] epoch 275 loss 0.0154 valid ndcg@10 0.0474 recall@20 0.1325 *
[vgames_lightgcn_d64_l2] epoch 280 loss 0.0155 valid ndcg@10 0.0475 recall@20 0.1326 *
[vgames_lightgcn_d64_l2] epoch 285 loss 0.0152 valid ndcg@10 0.0475 recall@20 0.1325
[vgames_lightgcn_d64_l2] epoch 290 loss 0.0152 valid ndcg@10 0.0477 recall@20 0.1329 *
[vgames_lightgcn_d64_l2] epoch 295 loss 0.0148 valid ndcg@10 0.0476 recall@20 0.1327
[vgames_lightgcn_d64_l2] epoch 300 loss 0.0149 valid ndcg@10 0.0476 recall@20 0.1330
[vgames_lightgcn_d64_l2] epoch 305 loss 0.0145 valid ndcg@10 0.0476 recall@20 0.1328
[vgames_lightgcn_d64_l2] epoch 310 loss 0.0145 valid ndcg@10 0.0473 recall@20 0.1326
[vgames_lightgcn_d64_l2] epoch 315 loss 0.0142 valid ndcg@10 0.0475 recall@20 0.1328
[vgames_lightgcn_d64_l2] epoch 320 loss 0.0141 valid ndcg@10 0.0476 recall@20 0.1325
[vgames_lightgcn_d64_l2] early stop at epoch 320
[vgames_lightgcn_d64_l2] TEST {"recall@10": 0.08768484117279995, "ndcg@10": 0.047860774042190336, "recall@20": 0.13282824381181335, "ndcg@20": 0.059559203679794816} -> /home/ubuntu/movielens-data/project1/results/vgames_lightgcn_d64_l2.json
EXT DONE
