/opt/pytorch/lib/python3.12/site-packages/torch/cuda/__init__.py:61: FutureWarning: The pynvml package is deprecated. Please install nvidia-ml-py instead. If you did not install pynvml directly, please report this to the maintainers of the package that installed pynvml for you.
  import pynvml  # type: ignore[import]
[ml-1m_lightgcn_d64_l4] epoch   5 loss 0.4621 valid ndcg@10 0.1099 recall@20 0.1137 *
[ml-1m_lightgcn_d64_l4] epoch  10 loss 0.4478 valid ndcg@10 0.1102 recall@20 0.1139 *
[ml-1m_lightgcn_d64_l4] epoch  15 loss 0.4357 valid ndcg@10 0.1103 recall@20 0.1139 *
[ml-1m_lightgcn_d64_l4] epoch  20 loss 0.4289 valid ndcg@10 0.1101 recall@20 0.1141
[ml-1m_lightgcn_d64_l4] epoch  25 loss 0.4234 valid ndcg@10 0.1099 recall@20 0.1136
[ml-1m_lightgcn_d64_l4] epoch  30 loss 0.4200 valid ndcg@10 0.1105 recall@20 0.1143 *
[ml-1m_lightgcn_d64_l4] epoch  35 loss 0.4148 valid ndcg@10 0.1115 recall@20 0.1151 *
[ml-1m_lightgcn_d64_l4] epoch  40 loss 0.4037 valid ndcg@10 0.1173 recall@20 0.1190 *
[ml-1m_lightgcn_d64_l4] epoch  45 loss 0.3863 valid ndcg@10 0.1235 recall@20 0.1251 *
[ml-1m_lightgcn_d64_l4] epoch  50 loss 0.3765 valid ndcg@10 0.1263 recall@20 0.1304 *
[ml-1m_lightgcn_d64_l4] epoch  55 loss 0.3679 valid ndcg@10 0.1315 recall@20 0.1348 *
[ml-1m_lightgcn_d64_l4] epoch  60 loss 0.3580 valid ndcg@10 0.1406 recall@20 0.1423 *
[ml-1m_lightgcn_d64_l4] epoch  65 loss 0.3511 valid ndcg@10 0.1467 recall@20 0.1493 *
[ml-1m_lightgcn_d64_l4] epoch  70 loss 0.3462 valid ndcg@10 0.1497 recall@20 0.1529 *
[ml-1m_lightgcn_d64_l4] epoch  75 loss 0.3430 valid ndcg@10 0.1518 recall@20 0.1547 *
[ml-1m_lightgcn_d64_l4] epoch  80 loss 0.3376 valid ndcg@10 0.1544 recall@20 0.1588 *
[ml-1m_lightgcn_d64_l4] epoch  85 loss 0.3311 valid ndcg@10 0.1583 recall@20 0.1631 *
[ml-1m_lightgcn_d64_l4] epoch  90 loss 0.3268 valid ndcg@10 0.1614 recall@20 0.1657 *
[ml-1m_lightgcn_d64_l4] epoch  95 loss 0.3219 valid ndcg@10 0.1640 recall@20 0.1682 *
[ml-1m_lightgcn_d64_l4] epoch 100 loss 0.3188 valid ndcg@10 0.1661 recall@20 0.1700 *
[ml-1m_lightgcn_d64_l4] epoch 105 loss 0.3158 valid ndcg@10 0.1670 recall@20 0.1727 *
[ml-1m_lightgcn_d64_l4] epoch 110 loss 0.3147 valid ndcg@10 0.1682 recall@20 0.1744 *
[ml-1m_lightgcn_d64_l4] epoch 115 loss 0.3130 valid ndcg@10 0.1690 recall@20 0.1756 *
[ml-1m_lightgcn_d64_l4] epoch 120 loss 0.3107 valid ndcg@10 0.1714 recall@20 0.1774 *
[ml-1m_lightgcn_d64_l4] epoch 125 loss 0.3091 valid ndcg@10 0.1737 recall@20 0.1796 *
[ml-1m_lightgcn_d64_l4] epoch 130 loss 0.3069 valid ndcg@10 0.1750 recall@20 0.1811 *
[ml-1m_lightgcn_d64_l4] epoch 135 loss 0.3044 valid ndcg@10 0.1765 recall@20 0.1838 *
[ml-1m_lightgcn_d64_l4] epoch 140 loss 0.3024 valid ndcg@10 0.1790 recall@20 0.1866 *
[ml-1m_lightgcn_d64_l4] epoch 145 loss 0.3014 valid ndcg@10 0.1802 recall@20 0.1885 *
[ml-1m_lightgcn_d64_l4] epoch 150 loss 0.2993 valid ndcg@10 0.1825 recall@20 0.1924 *
[ml-1m_lightgcn_d64_l4] epoch 155 loss 0.2971 valid ndcg@10 0.1839 recall@20 0.1956 *
[ml-1m_lightgcn_d64_l4] epoch 160 loss 0.2954 valid ndcg@10 0.1855 recall@20 0.1976 *
[ml-1m_lightgcn_d64_l4] epoch 165 loss 0.2934 valid ndcg@10 0.1876 recall@20 0.1989 *
[ml-1m_lightgcn_d64_l4] epoch 170 loss 0.2923 valid ndcg@10 0.1877 recall@20 0.1988 *
[ml-1m_lightgcn_d64_l4] epoch 175 loss 0.2905 valid ndcg@10 0.1882 recall@20 0.2000 *
[ml-1m_lightgcn_d64_l4] epoch 180 loss 0.2902 valid ndcg@10 0.1891 recall@20 0.2020 *
[ml-1m_lightgcn_d64_l4] epoch 185 loss 0.2884 valid ndcg@10 0.1901 recall@20 0.2037 *
[ml-1m_lightgcn_d64_l4] epoch 190 loss 0.2865 valid ndcg@10 0.1907 recall@20 0.2047 *
[ml-1m_lightgcn_d64_l4] epoch 195 loss 0.2856 valid ndcg@10 0.1917 recall@20 0.2057 *
[ml-1m_lightgcn_d64_l4] epoch 200 loss 0.2847 valid ndcg@10 0.1926 recall@20 0.2077 *
[ml-1m_lightgcn_d64_l4] epoch 205 loss 0.2840 valid ndcg@10 0.1929 recall@20 0.2091 *
[ml-1m_lightgcn_d64_l4] epoch 210 loss 0.2818 valid ndcg@10 0.1935 recall@20 0.2100 *
[ml-1m_lightgcn_d64_l4] epoch 215 loss 0.2814 valid ndcg@10 0.1948 recall@20 0.2104 *
[ml-1m_lightgcn_d64_l4] epoch 220 loss 0.2804 valid ndcg@10 0.1946 recall@20 0.2120
[ml-1m_lightgcn_d64_l4] epoch 225 loss 0.2794 valid ndcg@10 0.1951 recall@20 0.2136 *
[ml-1m_lightgcn_d64_l4] epoch 230 loss 0.2783 valid ndcg@10 0.1947 recall@20 0.2142
[ml-1m_lightgcn_d64_l4] epoch 235 loss 0.2778 valid ndcg@10 0.1956 recall@20 0.2137 *
[ml-1m_lightgcn_d64_l4] epoch 240 loss 0.2771 valid ndcg@10 0.1958 recall@20 0.2145 *
[ml-1m_lightgcn_d64_l4] epoch 245 loss 0.2755 valid ndcg@10 0.1968 recall@20 0.2153 *
[ml-1m_lightgcn_d64_l4] epoch 250 loss 0.2752 valid ndcg@10 0.1969 recall@20 0.2156 *
[ml-1m_lightgcn_d64_l4] epoch 255 loss 0.2743 valid ndcg@10 0.1970 recall@20 0.2161 *
[ml-1m_lightgcn_d64_l4] epoch 260 loss 0.2742 valid ndcg@10 0.1973 recall@20 0.2165 *
[ml-1m_lightgcn_d64_l4] epoch 265 loss 0.2731 valid ndcg@10 0.1978 recall@20 0.2170 *
[ml-1m_lightgcn_d64_l4] epoch 270 loss 0.2723 valid ndcg@10 0.1975 recall@20 0.2181
[ml-1m_lightgcn_d64_l4] epoch 275 loss 0.2726 valid ndcg@10 0.1968 recall@20 0.2181
[ml-1m_lightgcn_d64_l4] epoch 280 loss 0.2710 valid ndcg@10 0.1984 recall@20 0.2186 *
[ml-1m_lightgcn_d64_l4] epoch 285 loss 0.2705 valid ndcg@10 0.1983 recall@20 0.2194
[ml-1m_lightgcn_d64_l4] epoch 290 loss 0.2706 valid ndcg@10 0.1987 recall@20 0.2187 *
[ml-1m_lightgcn_d64_l4] epoch 295 loss 0.2702 valid ndcg@10 0.1987 recall@20 0.2189 *
[ml-1m_lightgcn_d64_l4] epoch 300 loss 0.2681 valid ndcg@10 0.1984 recall@20 0.2191
[ml-1m_lightgcn_d64_l4] epoch 305 loss 0.2680 valid ndcg@10 0.1995 recall@20 0.2196 *
[ml-1m_lightgcn_d64_l4] epoch 310 loss 0.2673 valid ndcg@10 0.1997 recall@20 0.2210 *
[ml-1m_lightgcn_d64_l4] epoch 315 loss 0.2682 valid ndcg@10 0.1998 recall@20 0.2215 *
[ml-1m_lightgcn_d64_l4] epoch 320 loss 0.2670 valid ndcg@10 0.1996 recall@20 0.2216
[ml-1m_lightgcn_d64_l4] epoch 325 loss 0.2655 valid ndcg@10 0.2001 recall@20 0.2222 *
[ml-1m_lightgcn_d64_l4] epoch 330 loss 0.2656 valid ndcg@10 0.2006 recall@20 0.2226 *
[ml-1m_lightgcn_d64_l4] epoch 335 loss 0.2647 valid ndcg@10 0.2000 recall@20 0.2230
[ml-1m_lightgcn_d64_l4] epoch 340 loss 0.2641 valid ndcg@10 0.2005 recall@20 0.2248
[ml-1m_lightgcn_d64_l4] epoch 345 loss 0.2640 valid ndcg@10 0.2017 recall@20 0.2247 *
[ml-1m_lightgcn_d64_l4] epoch 350 loss 0.2631 valid ndcg@10 0.2017 recall@20 0.2249
[ml-1m_lightgcn_d64_l4] epoch 355 loss 0.2629 valid ndcg@10 0.2015 recall@20 0.2255
[ml-1m_lightgcn_d64_l4] epoch 360 loss 0.2614 valid ndcg@10 0.2021 recall@20 0.2260 *
[ml-1m_lightgcn_d64_l4] epoch 365 loss 0.2602 valid ndcg@10 0.2030 recall@20 0.2259 *
[ml-1m_lightgcn_d64_l4] epoch 370 loss 0.2602 valid ndcg@10 0.2032 recall@20 0.2264 *
[ml-1m_lightgcn_d64_l4] epoch 375 loss 0.2597 valid ndcg@10 0.2031 recall@20 0.2274
[ml-1m_lightgcn_d64_l4] epoch 380 loss 0.2590 valid ndcg@10 0.2032 recall@20 0.2274 *
[ml-1m_lightgcn_d64_l4] epoch 385 loss 0.2588 valid ndcg@10 0.2035 recall@20 0.2277 *
[ml-1m_lightgcn_d64_l4] epoch 390 loss 0.2585 valid ndcg@10 0.2032 recall@20 0.2295
[ml-1m_lightgcn_d64_l4] epoch 395 loss 0.2573 valid ndcg@10 0.2034 recall@20 0.2293
[ml-1m_lightgcn_d64_l4] epoch 400 loss 0.2566 valid ndcg@10 0.2039 recall@20 0.2297 *
[ml-1m_lightgcn_d64_l4] epoch 405 loss 0.2556 valid ndcg@10 0.2047 recall@20 0.2300 *
[ml-1m_lightgcn_d64_l4] epoch 410 loss 0.2560 valid ndcg@10 0.2047 recall@20 0.2307
[ml-1m_lightgcn_d64_l4] epoch 415 loss 0.2553 valid ndcg@10 0.2043 recall@20 0.2302
[ml-1m_lightgcn_d64_l4] epoch 420 loss 0.2557 valid ndcg@10 0.2050 recall@20 0.2312 *
[ml-1m_lightgcn_d64_l4] epoch 425 loss 0.2540 valid ndcg@10 0.2046 recall@20 0.2304
[ml-1m_lightgcn_d64_l4] epoch 430 loss 0.2543 valid ndcg@10 0.2046 recall@20 0.2319
[ml-1m_lightgcn_d64_l4] epoch 435 loss 0.2536 valid ndcg@10 0.2048 recall@20 0.2316
[ml-1m_lightgcn_d64_l4] epoch 440 loss 0.2526 valid ndcg@10 0.2051 recall@20 0.2318 *
[ml-1m_lightgcn_d64_l4] epoch 445 loss 0.2521 valid ndcg@10 0.2062 recall@20 0.2319 *
[ml-1m_lightgcn_d64_l4] epoch 450 loss 0.2521 valid ndcg@10 0.2055 recall@20 0.2328
[ml-1m_lightgcn_d64_l4] epoch 455 loss 0.2515 valid ndcg@10 0.2057 recall@20 0.2337
[ml-1m_lightgcn_d64_l4] epoch 460 loss 0.2518 valid ndcg@10 0.2061 recall@20 0.2341
[ml-1m_lightgcn_d64_l4] epoch 465 loss 0.2500 valid ndcg@10 0.2058 recall@20 0.2345
[ml-1m_lightgcn_d64_l4] epoch 470 loss 0.2499 valid ndcg@10 0.2064 recall@20 0.2350 *
[ml-1m_lightgcn_d64_l4] epoch 475 loss 0.2494 valid ndcg@10 0.2060 recall@20 0.2352
[ml-1m_lightgcn_d64_l4] epoch 480 loss 0.2490 valid ndcg@10 0.2064 recall@20 0.2353
[ml-1m_lightgcn_d64_l4] epoch 485 loss 0.2491 valid ndcg@10 0.2067 recall@20 0.2349 *
[ml-1m_lightgcn_d64_l4] epoch 490 loss 0.2487 valid ndcg@10 0.2072 recall@20 0.2354 *
[ml-1m_lightgcn_d64_l4] epoch 495 loss 0.2473 valid ndcg@10 0.2084 recall@20 0.2355 *
[ml-1m_lightgcn_d64_l4] epoch 500 loss 0.2481 valid ndcg@10 0.2085 recall@20 0.2362 *
[ml-1m_lightgcn_d64_l4] epoch 505 loss 0.2469 valid ndcg@10 0.2084 recall@20 0.2367
[ml-1m_lightgcn_d64_l4] epoch 510 loss 0.2472 valid ndcg@10 0.2082 recall@20 0.2363
[ml-1m_lightgcn_d64_l4] epoch 515 loss 0.2463 valid ndcg@10 0.2085 recall@20 0.2369
[ml-1m_lightgcn_d64_l4] epoch 520 loss 0.2460 valid ndcg@10 0.2089 recall@20 0.2379 *
[ml-1m_lightgcn_d64_l4] epoch 525 loss 0.2459 valid ndcg@10 0.2090 recall@20 0.2379 *
[ml-1m_lightgcn_d64_l4] epoch 530 loss 0.2456 valid ndcg@10 0.2094 recall@20 0.2377 *
[ml-1m_lightgcn_d64_l4] epoch 535 loss 0.2442 valid ndcg@10 0.2091 recall@20 0.2383
[ml-1m_lightgcn_d64_l4] epoch 540 loss 0.2446 valid ndcg@10 0.2094 recall@20 0.2383 *
[ml-1m_lightgcn_d64_l4] epoch 545 loss 0.2440 valid ndcg@10 0.2094 recall@20 0.2395 *
[ml-1m_lightgcn_d64_l4] epoch 550 loss 0.2438 valid ndcg@10 0.2093 recall@20 0.2387
[ml-1m_lightgcn_d64_l4] epoch 555 loss 0.2437 valid ndcg@10 0.2093 recall@20 0.2392
[ml-1m_lightgcn_d64_l4] epoch 560 loss 0.2422 valid ndcg@10 0.2091 recall@20 0.2392
[ml-1m_lightgcn_d64_l4] epoch 565 loss 0.2423 valid ndcg@10 0.2103 recall@20 0.2394 *
[ml-1m_lightgcn_d64_l4] epoch 570 loss 0.2421 valid ndcg@10 0.2098 recall@20 0.2402
[ml-1m_lightgcn_d64_l4] epoch 575 loss 0.2412 valid ndcg@10 0.2088 recall@20 0.2406
[ml-1m_lightgcn_d64_l4] epoch 580 loss 0.2412 valid ndcg@10 0.2093 recall@20 0.2410
[ml-1m_lightgcn_d64_l4] epoch 585 loss 0.2417 valid ndcg@10 0.2094 recall@20 0.2403
[ml-1m_lightgcn_d64_l4] epoch 590 loss 0.2402 valid ndcg@10 0.2095 recall@20 0.2407
[ml-1m_lightgcn_d64_l4] epoch 595 loss 0.2409 valid ndcg@10 0.2095 recall@20 0.2407
[ml-1m_lightgcn_d64_l4] early stop at epoch 595
[ml-1m_lightgcn_d64_l4] TEST {"recall@10": 0.17428073687826906, "ndcg@10": 0.2653995642896745, "recall@20": 0.2658959743689335, "ndcg@20": 0.2752632503066875} -> /home/ubuntu/movielens-data/project1/results/ml-1m_lightgcn_d64_l4.json
/opt/pytorch/lib/python3.12/site-packages/torch/cuda/__init__.py:61: FutureWarning: The pynvml package is deprecated. Please install nvidia-ml-py instead. If you did not install pynvml directly, please report this to the maintainers of the package that installed pynvml for you.
  import pynvml  # type: ignore[import]
[vgames_lightgcn_d64_l4] epoch   5 loss 0.4352 valid ndcg@10 0.0144 recall@20 0.0442 *
[vgames_lightgcn_d64_l4] epoch  10 loss 0.3297 valid ndcg@10 0.0155 recall@20 0.0486 *
[vgames_lightgcn_d64_l4] epoch  15 loss 0.2753 valid ndcg@10 0.0177 recall@20 0.0540 *
[vgames_lightgcn_d64_l4] epoch  20 loss 0.2391 valid ndcg@10 0.0194 recall@20 0.0594 *
[vgames_lightgcn_d64_l4] epoch  25 loss 0.2191 valid ndcg@10 0.0204 recall@20 0.0629 *
[vgames_lightgcn_d64_l4] epoch  30 loss 0.2025 valid ndcg@10 0.0212 recall@20 0.0652 *
[vgames_lightgcn_d64_l4] epoch  35 loss 0.1896 valid ndcg@10 0.0219 recall@20 0.0681 *
[vgames_lightgcn_d64_l4] epoch  40 loss 0.1758 valid ndcg@10 0.0229 recall@20 0.0715 *
[vgames_lightgcn_d64_l4] epoch  45 loss 0.1638 valid ndcg@10 0.0242 recall@20 0.0746 *
[vgames_lightgcn_d64_l4] epoch  50 loss 0.1528 valid ndcg@10 0.0253 recall@20 0.0775 *
[vgames_lightgcn_d64_l4] epoch  55 loss 0.1426 valid ndcg@10 0.0264 recall@20 0.0804 *
[vgames_lightgcn_d64_l4] epoch  60 loss 0.1340 valid ndcg@10 0.0274 recall@20 0.0823 *
[vgames_lightgcn_d64_l4] epoch  65 loss 0.1271 valid ndcg@10 0.0281 recall@20 0.0842 *
[vgames_lightgcn_d64_l4] epoch  70 loss 0.1198 valid ndcg@10 0.0289 recall@20 0.0864 *
[vgames_lightgcn_d64_l4] epoch  75 loss 0.1139 valid ndcg@10 0.0297 recall@20 0.0885 *
[vgames_lightgcn_d64_l4] epoch  80 loss 0.1075 valid ndcg@10 0.0303 recall@20 0.0908 *
[vgames_lightgcn_d64_l4] epoch  85 loss 0.1017 valid ndcg@10 0.0308 recall@20 0.0924 *
[vgames_lightgcn_d64_l4] epoch  90 loss 0.0962 valid ndcg@10 0.0314 recall@20 0.0940 *
[vgames_lightgcn_d64_l4] epoch  95 loss 0.0913 valid ndcg@10 0.0321 recall@20 0.0957 *
[vgames_lightgcn_d64_l4] epoch 100 loss 0.0871 valid ndcg@10 0.0326 recall@20 0.0975 *
[vgames_lightgcn_d64_l4] epoch 105 loss 0.0822 valid ndcg@10 0.0333 recall@20 0.0993 *
[vgames_lightgcn_d64_l4] epoch 110 loss 0.0790 valid ndcg@10 0.0340 recall@20 0.1007 *
[vgames_lightgcn_d64_l4] epoch 115 loss 0.0757 valid ndcg@10 0.0344 recall@20 0.1025 *
[vgames_lightgcn_d64_l4] epoch 120 loss 0.0730 valid ndcg@10 0.0350 recall@20 0.1036 *
[vgames_lightgcn_d64_l4] epoch 125 loss 0.0694 valid ndcg@10 0.0355 recall@20 0.1052 *
[vgames_lightgcn_d64_l4] epoch 130 loss 0.0664 valid ndcg@10 0.0361 recall@20 0.1069 *
[vgames_lightgcn_d64_l4] epoch 135 loss 0.0635 valid ndcg@10 0.0365 recall@20 0.1086 *
[vgames_lightgcn_d64_l4] epoch 140 loss 0.0612 valid ndcg@10 0.0370 recall@20 0.1099 *
[vgames_lightgcn_d64_l4] epoch 145 loss 0.0595 valid ndcg@10 0.0373 recall@20 0.1110 *
[vgames_lightgcn_d64_l4] epoch 150 loss 0.0566 valid ndcg@10 0.0378 recall@20 0.1122 *
[vgames_lightgcn_d64_l4] epoch 155 loss 0.0552 valid ndcg@10 0.0380 recall@20 0.1130 *
[vgames_lightgcn_d64_l4] epoch 160 loss 0.0531 valid ndcg@10 0.0384 recall@20 0.1143 *
[vgames_lightgcn_d64_l4] epoch 165 loss 0.0513 valid ndcg@10 0.0388 recall@20 0.1149 *
[vgames_lightgcn_d64_l4] epoch 170 loss 0.0496 valid ndcg@10 0.0392 recall@20 0.1157 *
[vgames_lightgcn_d64_l4] epoch 175 loss 0.0482 valid ndcg@10 0.0396 recall@20 0.1165 *
[vgames_lightgcn_d64_l4] epoch 180 loss 0.0464 valid ndcg@10 0.0400 recall@20 0.1173 *
[vgames_lightgcn_d64_l4] epoch 185 loss 0.0456 valid ndcg@10 0.0403 recall@20 0.1179 *
[vgames_lightgcn_d64_l4] epoch 190 loss 0.0446 valid ndcg@10 0.0406 recall@20 0.1188 *
[vgames_lightgcn_d64_l4] epoch 195 loss 0.0431 valid ndcg@10 0.0409 recall@20 0.1195 *
[vgames_lightgcn_d64_l4] epoch 200 loss 0.0419 valid ndcg@10 0.0411 recall@20 0.1200 *
[vgames_lightgcn_d64_l4] epoch 205 loss 0.0410 valid ndcg@10 0.0414 recall@20 0.1206 *
[vgames_lightgcn_d64_l4] epoch 210 loss 0.0402 valid ndcg@10 0.0418 recall@20 0.1212 *
[vgames_lightgcn_d64_l4] epoch 215 loss 0.0390 valid ndcg@10 0.0421 recall@20 0.1220 *
[vgames_lightgcn_d64_l4] epoch 220 loss 0.0380 valid ndcg@10 0.0423 recall@20 0.1223 *
[vgames_lightgcn_d64_l4] epoch 225 loss 0.0376 valid ndcg@10 0.0425 recall@20 0.1229 *
[vgames_lightgcn_d64_l4] epoch 230 loss 0.0362 valid ndcg@10 0.0428 recall@20 0.1234 *
[vgames_lightgcn_d64_l4] epoch 235 loss 0.0354 valid ndcg@10 0.0430 recall@20 0.1242 *
[vgames_lightgcn_d64_l4] epoch 240 loss 0.0348 valid ndcg@10 0.0432 recall@20 0.1248 *
[vgames_lightgcn_d64_l4] epoch 245 loss 0.0342 valid ndcg@10 0.0434 recall@20 0.1251 *
[vgames_lightgcn_d64_l4] epoch 250 loss 0.0337 valid ndcg@10 0.0436 recall@20 0.1256 *
[vgames_lightgcn_d64_l4] epoch 255 loss 0.0329 valid ndcg@10 0.0438 recall@20 0.1260 *
[vgames_lightgcn_d64_l4] epoch 260 loss 0.0322 valid ndcg@10 0.0439 recall@20 0.1266 *
[vgames_lightgcn_d64_l4] epoch 265 loss 0.0316 valid ndcg@10 0.0442 recall@20 0.1269 *
[vgames_lightgcn_d64_l4] epoch 270 loss 0.0311 valid ndcg@10 0.0444 recall@20 0.1273 *
[vgames_lightgcn_d64_l4] epoch 275 loss 0.0302 valid ndcg@10 0.0446 recall@20 0.1279 *
[vgames_lightgcn_d64_l4] epoch 280 loss 0.0302 valid ndcg@10 0.0448 recall@20 0.1282 *
[vgames_lightgcn_d64_l4] epoch 285 loss 0.0298 valid ndcg@10 0.0450 recall@20 0.1289 *
[vgames_lightgcn_d64_l4] epoch 290 loss 0.0294 valid ndcg@10 0.0452 recall@20 0.1294 *
[vgames_lightgcn_d64_l4] epoch 295 loss 0.0287 valid ndcg@10 0.0453 recall@20 0.1298 *
[vgames_lightgcn_d64_l4] epoch 300 loss 0.0286 valid ndcg@10 0.0454 recall@20 0.1301 *
[vgames_lightgcn_d64_l4] epoch 305 loss 0.0278 valid ndcg@10 0.0455 recall@20 0.1303 *
[vgames_lightgcn_d64_l4] epoch 310 loss 0.0277 valid ndcg@10 0.0457 recall@20 0.1307 *
[vgames_lightgcn_d64_l4] epoch 315 loss 0.0271 valid ndcg@10 0.0458 recall@20 0.1307 *
[vgames_lightgcn_d64_l4] epoch 320 loss 0.0269 valid ndcg@10 0.0460 recall@20 0.1311 *
[vgames_lightgcn_d64_l4] epoch 325 loss 0.0266 valid ndcg@10 0.0461 recall@20 0.1312 *
[vgames_lightgcn_d64_l4] epoch 330 loss 0.0263 valid ndcg@10 0.0461 recall@20 0.1314
[vgames_lightgcn_d64_l4] epoch 335 loss 0.0258 valid ndcg@10 0.0462 recall@20 0.1321 *
[vgames_lightgcn_d64_l4] epoch 340 loss 0.0259 valid ndcg@10 0.0464 recall@20 0.1324 *
[vgames_lightgcn_d64_l4] epoch 345 loss 0.0257 valid ndcg@10 0.0465 recall@20 0.1327 *
[vgames_lightgcn_d64_l4] epoch 350 loss 0.0255 valid ndcg@10 0.0465 recall@20 0.1327 *
[vgames_lightgcn_d64_l4] epoch 355 loss 0.0248 valid ndcg@10 0.0467 recall@20 0.1328 *
[vgames_lightgcn_d64_l4] epoch 360 loss 0.0246 valid ndcg@10 0.0467 recall@20 0.1332 *
[vgames_lightgcn_d64_l4] epoch 365 loss 0.0245 valid ndcg@10 0.0467 recall@20 0.1334
[vgames_lightgcn_d64_l4] epoch 370 loss 0.0242 valid ndcg@10 0.0468 recall@20 0.1332 *
[vgames_lightgcn_d64_l4] epoch 375 loss 0.0237 valid ndcg@10 0.0469 recall@20 0.1336 *
[vgames_lightgcn_d64_l4] epoch 380 loss 0.0232 valid ndcg@10 0.0469 recall@20 0.1339
[vgames_lightgcn_d64_l4] epoch 385 loss 0.0237 valid ndcg@10 0.0469 recall@20 0.1339
[vgames_lightgcn_d64_l4] epoch 390 loss 0.0230 valid ndcg@10 0.0470 recall@20 0.1339 *
[vgames_lightgcn_d64_l4] epoch 395 loss 0.0232 valid ndcg@10 0.0471 recall@20 0.1344 *
[vgames_lightgcn_d64_l4] epoch 400 loss 0.0227 valid ndcg@10 0.0472 recall@20 0.1344 *
[vgames_lightgcn_d64_l4] epoch 405 loss 0.0227 valid ndcg@10 0.0473 recall@20 0.1346 *
[vgames_lightgcn_d64_l4] epoch 410 loss 0.0225 valid ndcg@10 0.0475 recall@20 0.1351 *
[vgames_lightgcn_d64_l4] epoch 415 loss 0.0223 valid ndcg@10 0.0475 recall@20 0.1351 *
[vgames_lightgcn_d64_l4] epoch 420 loss 0.0219 valid ndcg@10 0.0475 recall@20 0.1353
[vgames_lightgcn_d64_l4] epoch 425 loss 0.0220 valid ndcg@10 0.0476 recall@20 0.1352 *
[vgames_lightgcn_d64_l4] epoch 430 loss 0.0216 valid ndcg@10 0.0477 recall@20 0.1355 *
[vgames_lightgcn_d64_l4] epoch 435 loss 0.0216 valid ndcg@10 0.0477 recall@20 0.1356
[vgames_lightgcn_d64_l4] epoch 440 loss 0.0214 valid ndcg@10 0.0478 recall@20 0.1359 *
[vgames_lightgcn_d64_l4] epoch 445 loss 0.0212 valid ndcg@10 0.0478 recall@20 0.1358 *
[vgames_lightgcn_d64_l4] epoch 450 loss 0.0211 valid ndcg@10 0.0480 recall@20 0.1361 *
[vgames_lightgcn_d64_l4] epoch 455 loss 0.0211 valid ndcg@10 0.0480 recall@20 0.1365 *
[vgames_lightgcn_d64_l4] epoch 460 loss 0.0205 valid ndcg@10 0.0480 recall@20 0.1360 *
[vgames_lightgcn_d64_l4] epoch 465 loss 0.0206 valid ndcg@10 0.0480 recall@20 0.1364
[vgames_lightgcn_d64_l4] epoch 470 loss 0.0204 valid ndcg@10 0.0482 recall@20 0.1364 *
[vgames_lightgcn_d64_l4] epoch 475 loss 0.0206 valid ndcg@10 0.0482 recall@20 0.1364
[vgames_lightgcn_d64_l4] epoch 480 loss 0.0201 valid ndcg@10 0.0482 recall@20 0.1359 *
[vgames_lightgcn_d64_l4] epoch 485 loss 0.0201 valid ndcg@10 0.0483 recall@20 0.1366 *
[vgames_lightgcn_d64_l4] epoch 490 loss 0.0201 valid ndcg@10 0.0483 recall@20 0.1365
[vgames_lightgcn_d64_l4] epoch 495 loss 0.0200 valid ndcg@10 0.0483 recall@20 0.1365 *
[vgames_lightgcn_d64_l4] epoch 500 loss 0.0197 valid ndcg@10 0.0484 recall@20 0.1370 *
[vgames_lightgcn_d64_l4] epoch 505 loss 0.0196 valid ndcg@10 0.0483 recall@20 0.1371
[vgames_lightgcn_d64_l4] epoch 510 loss 0.0194 valid ndcg@10 0.0484 recall@20 0.1373 *
[vgames_lightgcn_d64_l4] epoch 515 loss 0.0192 valid ndcg@10 0.0484 recall@20 0.1372 *
[vgames_lightgcn_d64_l4] epoch 520 loss 0.0193 valid ndcg@10 0.0483 recall@20 0.1373
[vgames_lightgcn_d64_l4] epoch 525 loss 0.0193 valid ndcg@10 0.0485 recall@20 0.1372 *
[vgames_lightgcn_d64_l4] epoch 530 loss 0.0193 valid ndcg@10 0.0484 recall@20 0.1374
[vgames_lightgcn_d64_l4] epoch 535 loss 0.0189 valid ndcg@10 0.0485 recall@20 0.1378 *
[vgames_lightgcn_d64_l4] epoch 540 loss 0.0189 valid ndcg@10 0.0486 recall@20 0.1379 *
[vgames_lightgcn_d64_l4] epoch 545 loss 0.0189 valid ndcg@10 0.0485 recall@20 0.1380
[vgames_lightgcn_d64_l4] epoch 550 loss 0.0186 valid ndcg@10 0.0487 recall@20 0.1378 *
[vgames_lightgcn_d64_l4] epoch 555 loss 0.0186 valid ndcg@10 0.0489 recall@20 0.1380 *
[vgames_lightgcn_d64_l4] epoch 560 loss 0.0184 valid ndcg@10 0.0488 recall@20 0.1381
[vgames_lightgcn_d64_l4] epoch 565 loss 0.0184 valid ndcg@10 0.0488 recall@20 0.1381
[vgames_lightgcn_d64_l4] epoch 570 loss 0.0183 valid ndcg@10 0.0487 recall@20 0.1381
[vgames_lightgcn_d64_l4] epoch 575 loss 0.0184 valid ndcg@10 0.0488 recall@20 0.1386
[vgames_lightgcn_d64_l4] epoch 580 loss 0.0182 valid ndcg@10 0.0488 recall@20 0.1386
[vgames_lightgcn_d64_l4] epoch 585 loss 0.0180 valid ndcg@10 0.0488 recall@20 0.1381
[vgames_lightgcn_d64_l4] early stop at epoch 585
[vgames_lightgcn_d64_l4] TEST {"recall@10": 0.09123018386105924, "ndcg@10": 0.04951857158586957, "recall@20": 0.13674648072602877, "ndcg@20": 0.06131338548639927} -> /home/ubuntu/movielens-data/project1/results/vgames_lightgcn_d64_l4.json
/opt/pytorch/lib/python3.12/site-packages/torch/cuda/__init__.py:61: FutureWarning: The pynvml package is deprecated. Please install nvidia-ml-py instead. If you did not install pynvml directly, please report this to the maintainers of the package that installed pynvml for you.
  import pynvml  # type: ignore[import]
[ml-1m_lightgcn_d16_l3] epoch   5 loss 0.5508 valid ndcg@10 0.1097 recall@20 0.1136 *
[ml-1m_lightgcn_d16_l3] epoch  10 loss 0.4520 valid ndcg@10 0.1098 recall@20 0.1136 *
[ml-1m_lightgcn_d16_l3] epoch  15 loss 0.4407 valid ndcg@10 0.1101 recall@20 0.1137 *
[ml-1m_lightgcn_d16_l3] epoch  20 loss 0.4343 valid ndcg@10 0.1099 recall@20 0.1138
[ml-1m_lightgcn_d16_l3] epoch  25 loss 0.4287 valid ndcg@10 0.1099 recall@20 0.1137
[ml-1m_lightgcn_d16_l3] epoch  30 loss 0.4254 valid ndcg@10 0.1099 recall@20 0.1137
[ml-1m_lightgcn_d16_l3] epoch  35 loss 0.4227 valid ndcg@10 0.1099 recall@20 0.1135
[ml-1m_lightgcn_d16_l3] epoch  40 loss 0.4212 valid ndcg@10 0.1100 recall@20 0.1140
[ml-1m_lightgcn_d16_l3] epoch  45 loss 0.4184 valid ndcg@10 0.1101 recall@20 0.1141 *
[ml-1m_lightgcn_d16_l3] epoch  50 loss 0.4164 valid ndcg@10 0.1105 recall@20 0.1144 *
[ml-1m_lightgcn_d16_l3] epoch  55 loss 0.4124 valid ndcg@10 0.1112 recall@20 0.1148 *
[ml-1m_lightgcn_d16_l3] epoch  60 loss 0.4049 valid ndcg@10 0.1140 recall@20 0.1167 *
[ml-1m_lightgcn_d16_l3] epoch  65 loss 0.3945 valid ndcg@10 0.1182 recall@20 0.1202 *
[ml-1m_lightgcn_d16_l3] epoch  70 loss 0.3835 valid ndcg@10 0.1230 recall@20 0.1247 *
[ml-1m_lightgcn_d16_l3] epoch  75 loss 0.3766 valid ndcg@10 0.1255 recall@20 0.1289 *
[ml-1m_lightgcn_d16_l3] epoch  80 loss 0.3710 valid ndcg@10 0.1285 recall@20 0.1315 *
[ml-1m_lightgcn_d16_l3] epoch  85 loss 0.3638 valid ndcg@10 0.1332 recall@20 0.1356 *
[ml-1m_lightgcn_d16_l3] epoch  90 loss 0.3583 valid ndcg@10 0.1387 recall@20 0.1403 *
[ml-1m_lightgcn_d16_l3] epoch  95 loss 0.3524 valid ndcg@10 0.1432 recall@20 0.1449 *
[ml-1m_lightgcn_d16_l3] epoch 100 loss 0.3486 valid ndcg@10 0.1461 recall@20 0.1482 *
[ml-1m_lightgcn_d16_l3] epoch 105 loss 0.3456 valid ndcg@10 0.1470 recall@20 0.1504 *
[ml-1m_lightgcn_d16_l3] epoch 110 loss 0.3444 valid ndcg@10 0.1485 recall@20 0.1514 *
[ml-1m_lightgcn_d16_l3] epoch 115 loss 0.3425 valid ndcg@10 0.1496 recall@20 0.1526 *
[ml-1m_lightgcn_d16_l3] epoch 120 loss 0.3396 valid ndcg@10 0.1509 recall@20 0.1535 *
[ml-1m_lightgcn_d16_l3] epoch 125 loss 0.3369 valid ndcg@10 0.1525 recall@20 0.1565 *
[ml-1m_lightgcn_d16_l3] epoch 130 loss 0.3330 valid ndcg@10 0.1549 recall@20 0.1588 *
[ml-1m_lightgcn_d16_l3] epoch 135 loss 0.3285 valid ndcg@10 0.1572 recall@20 0.1611 *
[ml-1m_lightgcn_d16_l3] epoch 140 loss 0.3247 valid ndcg@10 0.1598 recall@20 0.1644 *
[ml-1m_lightgcn_d16_l3] epoch 145 loss 0.3222 valid ndcg@10 0.1621 recall@20 0.1666 *
[ml-1m_lightgcn_d16_l3] epoch 150 loss 0.3193 valid ndcg@10 0.1642 recall@20 0.1685 *
[ml-1m_lightgcn_d16_l3] epoch 155 loss 0.3169 valid ndcg@10 0.1658 recall@20 0.1708 *
[ml-1m_lightgcn_d16_l3] epoch 160 loss 0.3149 valid ndcg@10 0.1669 recall@20 0.1724 *
[ml-1m_lightgcn_d16_l3] epoch 165 loss 0.3125 valid ndcg@10 0.1681 recall@20 0.1740 *
[ml-1m_lightgcn_d16_l3] epoch 170 loss 0.3115 valid ndcg@10 0.1696 recall@20 0.1749 *
[ml-1m_lightgcn_d16_l3] epoch 175 loss 0.3094 valid ndcg@10 0.1702 recall@20 0.1758 *
[ml-1m_lightgcn_d16_l3] epoch 180 loss 0.3092 valid ndcg@10 0.1710 recall@20 0.1780 *
[ml-1m_lightgcn_d16_l3] epoch 185 loss 0.3071 valid ndcg@10 0.1726 recall@20 0.1794 *
[ml-1m_lightgcn_d16_l3] epoch 190 loss 0.3049 valid ndcg@10 0.1737 recall@20 0.1803 *
[ml-1m_lightgcn_d16_l3] epoch 195 loss 0.3041 valid ndcg@10 0.1749 recall@20 0.1811 *
[ml-1m_lightgcn_d16_l3] epoch 200 loss 0.3031 valid ndcg@10 0.1758 recall@20 0.1824 *
[ml-1m_lightgcn_d16_l3] epoch 205 loss 0.3020 valid ndcg@10 0.1773 recall@20 0.1846 *
[ml-1m_lightgcn_d16_l3] epoch 210 loss 0.2999 valid ndcg@10 0.1780 recall@20 0.1856 *
[ml-1m_lightgcn_d16_l3] epoch 215 loss 0.2991 valid ndcg@10 0.1795 recall@20 0.1875 *
[ml-1m_lightgcn_d16_l3] epoch 220 loss 0.2980 valid ndcg@10 0.1801 recall@20 0.1894 *
[ml-1m_lightgcn_d16_l3] epoch 225 loss 0.2967 valid ndcg@10 0.1817 recall@20 0.1907 *
[ml-1m_lightgcn_d16_l3] epoch 230 loss 0.2954 valid ndcg@10 0.1821 recall@20 0.1915 *
[ml-1m_lightgcn_d16_l3] epoch 235 loss 0.2950 valid ndcg@10 0.1825 recall@20 0.1926 *
[ml-1m_lightgcn_d16_l3] epoch 240 loss 0.2938 valid ndcg@10 0.1823 recall@20 0.1938
[ml-1m_lightgcn_d16_l3] epoch 245 loss 0.2924 valid ndcg@10 0.1832 recall@20 0.1945 *
[ml-1m_lightgcn_d16_l3] epoch 250 loss 0.2915 valid ndcg@10 0.1839 recall@20 0.1950 *
[ml-1m_lightgcn_d16_l3] epoch 255 loss 0.2902 valid ndcg@10 0.1843 recall@20 0.1966 *
[ml-1m_lightgcn_d16_l3] epoch 260 loss 0.2900 valid ndcg@10 0.1843 recall@20 0.1969 *
[ml-1m_lightgcn_d16_l3] epoch 265 loss 0.2890 valid ndcg@10 0.1853 recall@20 0.1968 *
[ml-1m_lightgcn_d16_l3] epoch 270 loss 0.2881 valid ndcg@10 0.1858 recall@20 0.1976 *
[ml-1m_lightgcn_d16_l3] epoch 275 loss 0.2884 valid ndcg@10 0.1858 recall@20 0.1973
[ml-1m_lightgcn_d16_l3] epoch 280 loss 0.2864 valid ndcg@10 0.1858 recall@20 0.1985
[ml-1m_lightgcn_d16_l3] epoch 285 loss 0.2860 valid ndcg@10 0.1866 recall@20 0.1991 *
[ml-1m_lightgcn_d16_l3] epoch 290 loss 0.2862 valid ndcg@10 0.1869 recall@20 0.1994 *
[ml-1m_lightgcn_d16_l3] epoch 295 loss 0.2852 valid ndcg@10 0.1876 recall@20 0.1996 *
[ml-1m_lightgcn_d16_l3] epoch 300 loss 0.2833 valid ndcg@10 0.1877 recall@20 0.2003 *
[ml-1m_lightgcn_d16_l3] epoch 305 loss 0.2831 valid ndcg@10 0.1881 recall@20 0.2010 *
[ml-1m_lightgcn_d16_l3] epoch 310 loss 0.2824 valid ndcg@10 0.1887 recall@20 0.2014 *
[ml-1m_lightgcn_d16_l3] epoch 315 loss 0.2831 valid ndcg@10 0.1892 recall@20 0.2027 *
[ml-1m_lightgcn_d16_l3] epoch 320 loss 0.2821 valid ndcg@10 0.1894 recall@20 0.2030 *
[ml-1m_lightgcn_d16_l3] epoch 325 loss 0.2801 valid ndcg@10 0.1900 recall@20 0.2035 *
[ml-1m_lightgcn_d16_l3] epoch 330 loss 0.2800 valid ndcg@10 0.1900 recall@20 0.2047 *
[ml-1m_lightgcn_d16_l3] epoch 335 loss 0.2793 valid ndcg@10 0.1906 recall@20 0.2054 *
[ml-1m_lightgcn_d16_l3] epoch 340 loss 0.2784 valid ndcg@10 0.1908 recall@20 0.2059 *
[ml-1m_lightgcn_d16_l3] epoch 345 loss 0.2784 valid ndcg@10 0.1916 recall@20 0.2057 *
[ml-1m_lightgcn_d16_l3] epoch 350 loss 0.2774 valid ndcg@10 0.1921 recall@20 0.2062 *
[ml-1m_lightgcn_d16_l3] epoch 355 loss 0.2773 valid ndcg@10 0.1924 recall@20 0.2076 *
[ml-1m_lightgcn_d16_l3] epoch 360 loss 0.2758 valid ndcg@10 0.1929 recall@20 0.2078 *
[ml-1m_lightgcn_d16_l3] epoch 365 loss 0.2746 valid ndcg@10 0.1931 recall@20 0.2083 *
[ml-1m_lightgcn_d16_l3] epoch 370 loss 0.2746 valid ndcg@10 0.1932 recall@20 0.2093 *
[ml-1m_lightgcn_d16_l3] epoch 375 loss 0.2741 valid ndcg@10 0.1935 recall@20 0.2099 *
[ml-1m_lightgcn_d16_l3] epoch 380 loss 0.2733 valid ndcg@10 0.1939 recall@20 0.2100 *
[ml-1m_lightgcn_d16_l3] epoch 385 loss 0.2733 valid ndcg@10 0.1935 recall@20 0.2104
[ml-1m_lightgcn_d16_l3] epoch 390 loss 0.2731 valid ndcg@10 0.1944 recall@20 0.2112 *
[ml-1m_lightgcn_d16_l3] epoch 395 loss 0.2719 valid ndcg@10 0.1939 recall@20 0.2115
[ml-1m_lightgcn_d16_l3] epoch 400 loss 0.2711 valid ndcg@10 0.1939 recall@20 0.2125
[ml-1m_lightgcn_d16_l3] epoch 405 loss 0.2704 valid ndcg@10 0.1943 recall@20 0.2124
[ml-1m_lightgcn_d16_l3] epoch 410 loss 0.2707 valid ndcg@10 0.1943 recall@20 0.2125
[ml-1m_lightgcn_d16_l3] epoch 415 loss 0.2701 valid ndcg@10 0.1946 recall@20 0.2126 *
[ml-1m_lightgcn_d16_l3] epoch 420 loss 0.2706 valid ndcg@10 0.1945 recall@20 0.2132
[ml-1m_lightgcn_d16_l3] epoch 425 loss 0.2692 valid ndcg@10 0.1949 recall@20 0.2136 *
[ml-1m_lightgcn_d16_l3] epoch 430 loss 0.2698 valid ndcg@10 0.1951 recall@20 0.2146 *
[ml-1m_lightgcn_d16_l3] epoch 435 loss 0.2689 valid ndcg@10 0.1951 recall@20 0.2139 *
[ml-1m_lightgcn_d16_l3] epoch 440 loss 0.2682 valid ndcg@10 0.1950 recall@20 0.2148
[ml-1m_lightgcn_d16_l3] epoch 445 loss 0.2677 valid ndcg@10 0.1955 recall@20 0.2148 *
[ml-1m_lightgcn_d16_l3] epoch 450 loss 0.2676 valid ndcg@10 0.1949 recall@20 0.2154
[ml-1m_lightgcn_d16_l3] epoch 455 loss 0.2675 valid ndcg@10 0.1950 recall@20 0.2145
[ml-1m_lightgcn_d16_l3] epoch 460 loss 0.2678 valid ndcg@10 0.1950 recall@20 0.2149
[ml-1m_lightgcn_d16_l3] epoch 465 loss 0.2660 valid ndcg@10 0.1947 recall@20 0.2154
[ml-1m_lightgcn_d16_l3] epoch 470 loss 0.2662 valid ndcg@10 0.1946 recall@20 0.2158
[ml-1m_lightgcn_d16_l3] epoch 475 loss 0.2658 valid ndcg@10 0.1947 recall@20 0.2158
[ml-1m_lightgcn_d16_l3] early stop at epoch 475
[ml-1m_lightgcn_d16_l3] TEST {"recall@10": 0.1587275687035175, "ndcg@10": 0.2506530320805273, "recall@20": 0.23895641588550978, "ndcg@20": 0.2546579481914869} -> /home/ubuntu/movielens-data/project1/results/ml-1m_lightgcn_d16_l3.json
/opt/pytorch/lib/python3.12/site-packages/torch/cuda/__init__.py:61: FutureWarning: The pynvml package is deprecated. Please install nvidia-ml-py instead. If you did not install pynvml directly, please report this to the maintainers of the package that installed pynvml for you.
  import pynvml  # type: ignore[import]
[ml-1m_lightgcn_d32_l3] epoch   5 loss 0.4893 valid ndcg@10 0.1097 recall@20 0.1136 *
[ml-1m_lightgcn_d32_l3] epoch  10 loss 0.4448 valid ndcg@10 0.1101 recall@20 0.1137 *
[ml-1m_lightgcn_d32_l3] epoch  15 loss 0.4331 valid ndcg@10 0.1101 recall@20 0.1138
[ml-1m_lightgcn_d32_l3] epoch  20 loss 0.4272 valid ndcg@10 0.1100 recall@20 0.1139
[ml-1m_lightgcn_d32_l3] epoch  25 loss 0.4224 valid ndcg@10 0.1098 recall@20 0.1139
[ml-1m_lightgcn_d32_l3] epoch  30 loss 0.4196 valid ndcg@10 0.1103 recall@20 0.1139 *
[ml-1m_lightgcn_d32_l3] epoch  35 loss 0.4163 valid ndcg@10 0.1107 recall@20 0.1142 *
[ml-1m_lightgcn_d32_l3] epoch  40 loss 0.4103 valid ndcg@10 0.1125 recall@20 0.1154 *
[ml-1m_lightgcn_d32_l3] epoch  45 loss 0.3948 valid ndcg@10 0.1187 recall@20 0.1208 *
[ml-1m_lightgcn_d32_l3] epoch  50 loss 0.3791 valid ndcg@10 0.1252 recall@20 0.1266 *
[ml-1m_lightgcn_d32_l3] epoch  55 loss 0.3685 valid ndcg@10 0.1303 recall@20 0.1318 *
[ml-1m_lightgcn_d32_l3] epoch  60 loss 0.3594 valid ndcg@10 0.1368 recall@20 0.1382 *
[ml-1m_lightgcn_d32_l3] epoch  65 loss 0.3527 valid ndcg@10 0.1433 recall@20 0.1445 *
[ml-1m_lightgcn_d32_l3] epoch  70 loss 0.3473 valid ndcg@10 0.1477 recall@20 0.1496 *
[ml-1m_lightgcn_d32_l3] epoch  75 loss 0.3444 valid ndcg@10 0.1496 recall@20 0.1522 *
[ml-1m_lightgcn_d32_l3] epoch  80 loss 0.3400 valid ndcg@10 0.1514 recall@20 0.1547 *
[ml-1m_lightgcn_d32_l3] epoch  85 loss 0.3342 valid ndcg@10 0.1548 recall@20 0.1577 *
[ml-1m_lightgcn_d32_l3] epoch  90 loss 0.3298 valid ndcg@10 0.1572 recall@20 0.1615 *
[ml-1m_lightgcn_d32_l3] epoch  95 loss 0.3244 valid ndcg@10 0.1603 recall@20 0.1653 *
[ml-1m_lightgcn_d32_l3] epoch 100 loss 0.3206 valid ndcg@10 0.1633 recall@20 0.1671 *
[ml-1m_lightgcn_d32_l3] epoch 105 loss 0.3170 valid ndcg@10 0.1651 recall@20 0.1693 *
[ml-1m_lightgcn_d32_l3] epoch 110 loss 0.3154 valid ndcg@10 0.1675 recall@20 0.1718 *
[ml-1m_lightgcn_d32_l3] epoch 115 loss 0.3134 valid ndcg@10 0.1676 recall@20 0.1740 *
[ml-1m_lightgcn_d32_l3] epoch 120 loss 0.3110 valid ndcg@10 0.1700 recall@20 0.1757 *
[ml-1m_lightgcn_d32_l3] epoch 125 loss 0.3093 valid ndcg@10 0.1717 recall@20 0.1774 *
[ml-1m_lightgcn_d32_l3] epoch 130 loss 0.3070 valid ndcg@10 0.1739 recall@20 0.1800 *
[ml-1m_lightgcn_d32_l3] epoch 135 loss 0.3043 valid ndcg@10 0.1751 recall@20 0.1815 *
[ml-1m_lightgcn_d32_l3] epoch 140 loss 0.3023 valid ndcg@10 0.1768 recall@20 0.1841 *
[ml-1m_lightgcn_d32_l3] epoch 145 loss 0.3011 valid ndcg@10 0.1784 recall@20 0.1863 *
[ml-1m_lightgcn_d32_l3] epoch 150 loss 0.2990 valid ndcg@10 0.1800 recall@20 0.1878 *
[ml-1m_lightgcn_d32_l3] epoch 155 loss 0.2969 valid ndcg@10 0.1813 recall@20 0.1913 *
[ml-1m_lightgcn_d32_l3] epoch 160 loss 0.2952 valid ndcg@10 0.1827 recall@20 0.1929 *
[ml-1m_lightgcn_d32_l3] epoch 165 loss 0.2933 valid ndcg@10 0.1841 recall@20 0.1941 *
[ml-1m_lightgcn_d32_l3] epoch 170 loss 0.2921 valid ndcg@10 0.1849 recall@20 0.1959 *
[ml-1m_lightgcn_d32_l3] epoch 175 loss 0.2903 valid ndcg@10 0.1850 recall@20 0.1959 *
[ml-1m_lightgcn_d32_l3] epoch 180 loss 0.2898 valid ndcg@10 0.1858 recall@20 0.1979 *
[ml-1m_lightgcn_d32_l3] epoch 185 loss 0.2879 valid ndcg@10 0.1871 recall@20 0.1991 *
[ml-1m_lightgcn_d32_l3] epoch 190 loss 0.2858 valid ndcg@10 0.1880 recall@20 0.2002 *
[ml-1m_lightgcn_d32_l3] epoch 195 loss 0.2849 valid ndcg@10 0.1892 recall@20 0.2023 *
[ml-1m_lightgcn_d32_l3] epoch 200 loss 0.2838 valid ndcg@10 0.1892 recall@20 0.2026
[ml-1m_lightgcn_d32_l3] epoch 205 loss 0.2830 valid ndcg@10 0.1899 recall@20 0.2040 *
[ml-1m_lightgcn_d32_l3] epoch 210 loss 0.2807 valid ndcg@10 0.1903 recall@20 0.2052 *
[ml-1m_lightgcn_d32_l3] epoch 215 loss 0.2801 valid ndcg@10 0.1913 recall@20 0.2059 *
[ml-1m_lightgcn_d32_l3] epoch 220 loss 0.2790 valid ndcg@10 0.1913 recall@20 0.2070
[ml-1m_lightgcn_d32_l3] epoch 225 loss 0.2779 valid ndcg@10 0.1917 recall@20 0.2088 *
[ml-1m_lightgcn_d32_l3] epoch 230 loss 0.2767 valid ndcg@10 0.1926 recall@20 0.2094 *
[ml-1m_lightgcn_d32_l3] epoch 235 loss 0.2762 valid ndcg@10 0.1925 recall@20 0.2100
[ml-1m_lightgcn_d32_l3] epoch 240 loss 0.2753 valid ndcg@10 0.1927 recall@20 0.2109 *
[ml-1m_lightgcn_d32_l3] epoch 245 loss 0.2736 valid ndcg@10 0.1935 recall@20 0.2114 *
[ml-1m_lightgcn_d32_l3] epoch 250 loss 0.2731 valid ndcg@10 0.1937 recall@20 0.2118 *
[ml-1m_lightgcn_d32_l3] epoch 255 loss 0.2721 valid ndcg@10 0.1939 recall@20 0.2123 *
[ml-1m_lightgcn_d32_l3] epoch 260 loss 0.2720 valid ndcg@10 0.1939 recall@20 0.2130
[ml-1m_lightgcn_d32_l3] epoch 265 loss 0.2709 valid ndcg@10 0.1949 recall@20 0.2137 *
[ml-1m_lightgcn_d32_l3] epoch 270 loss 0.2700 valid ndcg@10 0.1948 recall@20 0.2141
[ml-1m_lightgcn_d32_l3] epoch 275 loss 0.2702 valid ndcg@10 0.1941 recall@20 0.2148
[ml-1m_lightgcn_d32_l3] epoch 280 loss 0.2687 valid ndcg@10 0.1950 recall@20 0.2147 *
[ml-1m_lightgcn_d32_l3] epoch 285 loss 0.2680 valid ndcg@10 0.1956 recall@20 0.2151 *
[ml-1m_lightgcn_d32_l3] epoch 290 loss 0.2681 valid ndcg@10 0.1962 recall@20 0.2155 *
[ml-1m_lightgcn_d32_l3] epoch 295 loss 0.2677 valid ndcg@10 0.1969 recall@20 0.2155 *
[ml-1m_lightgcn_d32_l3] epoch 300 loss 0.2655 valid ndcg@10 0.1963 recall@20 0.2159
[ml-1m_lightgcn_d32_l3] epoch 305 loss 0.2655 valid ndcg@10 0.1966 recall@20 0.2172
[ml-1m_lightgcn_d32_l3] epoch 310 loss 0.2648 valid ndcg@10 0.1970 recall@20 0.2179 *
[ml-1m_lightgcn_d32_l3] epoch 315 loss 0.2656 valid ndcg@10 0.1970 recall@20 0.2185 *
[ml-1m_lightgcn_d32_l3] epoch 320 loss 0.2645 valid ndcg@10 0.1972 recall@20 0.2184 *
[ml-1m_lightgcn_d32_l3] epoch 325 loss 0.2629 valid ndcg@10 0.1970 recall@20 0.2190
[ml-1m_lightgcn_d32_l3] epoch 330 loss 0.2630 valid ndcg@10 0.1969 recall@20 0.2191
[ml-1m_lightgcn_d32_l3] epoch 335 loss 0.2621 valid ndcg@10 0.1969 recall@20 0.2190
[ml-1m_lightgcn_d32_l3] epoch 340 loss 0.2615 valid ndcg@10 0.1971 recall@20 0.2201
[ml-1m_lightgcn_d32_l3] epoch 345 loss 0.2615 valid ndcg@10 0.1971 recall@20 0.2203
[ml-1m_lightgcn_d32_l3] epoch 350 loss 0.2606 valid ndcg@10 0.1974 recall@20 0.2207 *
[ml-1m_lightgcn_d32_l3] epoch 355 loss 0.2605 valid ndcg@10 0.1974 recall@20 0.2216 *
[ml-1m_lightgcn_d32_l3] epoch 360 loss 0.2591 valid ndcg@10 0.1982 recall@20 0.2225 *
[ml-1m_lightgcn_d32_l3] epoch 365 loss 0.2580 valid ndcg@10 0.1988 recall@20 0.2225 *
[ml-1m_lightgcn_d32_l3] epoch 370 loss 0.2580 valid ndcg@10 0.1987 recall@20 0.2226
[ml-1m_lightgcn_d32_l3] epoch 375 loss 0.2575 valid ndcg@10 0.1989 recall@20 0.2228 *
[ml-1m_lightgcn_d32_l3] epoch 380 loss 0.2569 valid ndcg@10 0.1987 recall@20 0.2229
[ml-1m_lightgcn_d32_l3] epoch 385 loss 0.2569 valid ndcg@10 0.1986 recall@20 0.2225
[ml-1m_lightgcn_d32_l3] epoch 390 loss 0.2565 valid ndcg@10 0.1988 recall@20 0.2232
[ml-1m_lightgcn_d32_l3] epoch 395 loss 0.2553 valid ndcg@10 0.1996 recall@20 0.2245 *
[ml-1m_lightgcn_d32_l3] epoch 400 loss 0.2546 valid ndcg@10 0.2003 recall@20 0.2247 *
[ml-1m_lightgcn_d32_l3] epoch 405 loss 0.2538 valid ndcg@10 0.2002 recall@20 0.2254
[ml-1m_lightgcn_d32_l3] epoch 410 loss 0.2542 valid ndcg@10 0.2000 recall@20 0.2258
[ml-1m_lightgcn_d32_l3] epoch 415 loss 0.2535 valid ndcg@10 0.1998 recall@20 0.2258
[ml-1m_lightgcn_d32_l3] epoch 420 loss 0.2540 valid ndcg@10 0.2001 recall@20 0.2254
[ml-1m_lightgcn_d32_l3] epoch 425 loss 0.2522 valid ndcg@10 0.2004 recall@20 0.2257 *
[ml-1m_lightgcn_d32_l3] epoch 430 loss 0.2526 valid ndcg@10 0.2004 recall@20 0.2259
[ml-1m_lightgcn_d32_l3] epoch 435 loss 0.2518 valid ndcg@10 0.1999 recall@20 0.2254
[ml-1m_lightgcn_d32_l3] epoch 440 loss 0.2509 valid ndcg@10 0.2001 recall@20 0.2259
[ml-1m_lightgcn_d32_l3] epoch 445 loss 0.2504 valid ndcg@10 0.2012 recall@20 0.2264 *
[ml-1m_lightgcn_d32_l3] epoch 450 loss 0.2504 valid ndcg@10 0.2012 recall@20 0.2277
[ml-1m_lightgcn_d32_l3] epoch 455 loss 0.2498 valid ndcg@10 0.2014 recall@20 0.2281 *
[ml-1m_lightgcn_d32_l3] epoch 460 loss 0.2501 valid ndcg@10 0.2019 recall@20 0.2277 *
[ml-1m_lightgcn_d32_l3] epoch 465 loss 0.2482 valid ndcg@10 0.2013 recall@20 0.2292
[ml-1m_lightgcn_d32_l3] epoch 470 loss 0.2483 valid ndcg@10 0.2015 recall@20 0.2302
[ml-1m_lightgcn_d32_l3] epoch 475 loss 0.2477 valid ndcg@10 0.2014 recall@20 0.2302
[ml-1m_lightgcn_d32_l3] epoch 480 loss 0.2475 valid ndcg@10 0.2018 recall@20 0.2302
[ml-1m_lightgcn_d32_l3] epoch 485 loss 0.2475 valid ndcg@10 0.2015 recall@20 0.2294
[ml-1m_lightgcn_d32_l3] epoch 490 loss 0.2472 valid ndcg@10 0.2021 recall@20 0.2294 *
[ml-1m_lightgcn_d32_l3] epoch 495 loss 0.2458 valid ndcg@10 0.2026 recall@20 0.2297 *
[ml-1m_lightgcn_d32_l3] epoch 500 loss 0.2465 valid ndcg@10 0.2030 recall@20 0.2297 *
[ml-1m_lightgcn_d32_l3] epoch 505 loss 0.2454 valid ndcg@10 0.2026 recall@20 0.2301
[ml-1m_lightgcn_d32_l3] epoch 510 loss 0.2457 valid ndcg@10 0.2023 recall@20 0.2305
[ml-1m_lightgcn_d32_l3] epoch 515 loss 0.2449 valid ndcg@10 0.2030 recall@20 0.2311
[ml-1m_lightgcn_d32_l3] epoch 520 loss 0.2447 valid ndcg@10 0.2035 recall@20 0.2314 *
[ml-1m_lightgcn_d32_l3] epoch 525 loss 0.2446 valid ndcg@10 0.2034 recall@20 0.2314
[ml-1m_lightgcn_d32_l3] epoch 530 loss 0.2443 valid ndcg@10 0.2033 recall@20 0.2313
[ml-1m_lightgcn_d32_l3] epoch 535 loss 0.2428 valid ndcg@10 0.2034 recall@20 0.2317
[ml-1m_lightgcn_d32_l3] epoch 540 loss 0.2433 valid ndcg@10 0.2039 recall@20 0.2325 *
[ml-1m_lightgcn_d32_l3] epoch 545 loss 0.2428 valid ndcg@10 0.2044 recall@20 0.2333 *
[ml-1m_lightgcn_d32_l3] epoch 550 loss 0.2427 valid ndcg@10 0.2034 recall@20 0.2330
[ml-1m_lightgcn_d32_l3] epoch 555 loss 0.2426 valid ndcg@10 0.2036 recall@20 0.2328
[ml-1m_lightgcn_d32_l3] epoch 560 loss 0.2411 valid ndcg@10 0.2038 recall@20 0.2323
[ml-1m_lightgcn_d32_l3] epoch 565 loss 0.2414 valid ndcg@10 0.2043 recall@20 0.2332
[ml-1m_lightgcn_d32_l3] epoch 570 loss 0.2412 valid ndcg@10 0.2035 recall@20 0.2326
[ml-1m_lightgcn_d32_l3] epoch 575 loss 0.2404 valid ndcg@10 0.2030 recall@20 0.2330
[ml-1m_lightgcn_d32_l3] early stop at epoch 575
[ml-1m_lightgcn_d32_l3] TEST {"recall@10": 0.16728346585726464, "ndcg@10": 0.2569665385058988, "recall@20": 0.25794019616900793, "ndcg@20": 0.26676645731244075} -> /home/ubuntu/movielens-data/project1/results/ml-1m_lightgcn_d32_l3.json
/opt/pytorch/lib/python3.12/site-packages/torch/cuda/__init__.py:61: FutureWarning: The pynvml package is deprecated. Please install nvidia-ml-py instead. If you did not install pynvml directly, please report this to the maintainers of the package that installed pynvml for you.
  import pynvml  # type: ignore[import]
[vgames_lightgcn_d16_l3] epoch   5 loss 0.5953 valid ndcg@10 0.0162 recall@20 0.0483 *
[vgames_lightgcn_d16_l3] epoch  10 loss 0.3758 valid ndcg@10 0.0165 recall@20 0.0492 *
[vgames_lightgcn_d16_l3] epoch  15 loss 0.3070 valid ndcg@10 0.0173 recall@20 0.0521 *
[vgames_lightgcn_d16_l3] epoch  20 loss 0.2732 valid ndcg@10 0.0182 recall@20 0.0545 *
[vgames_lightgcn_d16_l3] epoch  25 loss 0.2536 valid ndcg@10 0.0188 recall@20 0.0569 *
[vgames_lightgcn_d16_l3] epoch  30 loss 0.2390 valid ndcg@10 0.0193 recall@20 0.0579 *
[vgames_lightgcn_d16_l3] epoch  35 loss 0.2301 valid ndcg@10 0.0198 recall@20 0.0592 *
[vgames_lightgcn_d16_l3] epoch  40 loss 0.2206 valid ndcg@10 0.0202 recall@20 0.0604 *
[vgames_lightgcn_d16_l3] epoch  45 loss 0.2119 valid ndcg@10 0.0206 recall@20 0.0621 *
[vgames_lightgcn_d16_l3] epoch  50 loss 0.2035 valid ndcg@10 0.0211 recall@20 0.0638 *
[vgames_lightgcn_d16_l3] epoch  55 loss 0.1953 valid ndcg@10 0.0217 recall@20 0.0656 *
[vgames_lightgcn_d16_l3] epoch  60 loss 0.1870 valid ndcg@10 0.0224 recall@20 0.0675 *
[vgames_lightgcn_d16_l3] epoch  65 loss 0.1804 valid ndcg@10 0.0229 recall@20 0.0694 *
[vgames_lightgcn_d16_l3] epoch  70 loss 0.1726 valid ndcg@10 0.0235 recall@20 0.0711 *
[vgames_lightgcn_d16_l3] epoch  75 loss 0.1659 valid ndcg@10 0.0241 recall@20 0.0728 *
[vgames_lightgcn_d16_l3] epoch  80 loss 0.1589 valid ndcg@10 0.0247 recall@20 0.0741 *
[vgames_lightgcn_d16_l3] epoch  85 loss 0.1529 valid ndcg@10 0.0251 recall@20 0.0756 *
[vgames_lightgcn_d16_l3] epoch  90 loss 0.1467 valid ndcg@10 0.0256 recall@20 0.0771 *
[vgames_lightgcn_d16_l3] epoch  95 loss 0.1413 valid ndcg@10 0.0260 recall@20 0.0780 *
[vgames_lightgcn_d16_l3] epoch 100 loss 0.1369 valid ndcg@10 0.0263 recall@20 0.0794 *
[vgames_lightgcn_d16_l3] epoch 105 loss 0.1311 valid ndcg@10 0.0266 recall@20 0.0805 *
[vgames_lightgcn_d16_l3] epoch 110 loss 0.1280 valid ndcg@10 0.0270 recall@20 0.0816 *
[vgames_lightgcn_d16_l3] epoch 115 loss 0.1240 valid ndcg@10 0.0274 recall@20 0.0827 *
[vgames_lightgcn_d16_l3] epoch 120 loss 0.1209 valid ndcg@10 0.0278 recall@20 0.0839 *
[vgames_lightgcn_d16_l3] epoch 125 loss 0.1166 valid ndcg@10 0.0281 recall@20 0.0847 *
[vgames_lightgcn_d16_l3] epoch 130 loss 0.1128 valid ndcg@10 0.0284 recall@20 0.0853 *
[vgames_lightgcn_d16_l3] epoch 135 loss 0.1093 valid ndcg@10 0.0287 recall@20 0.0860 *
[vgames_lightgcn_d16_l3] epoch 140 loss 0.1060 valid ndcg@10 0.0290 recall@20 0.0867 *
[vgames_lightgcn_d16_l3] epoch 145 loss 0.1033 valid ndcg@10 0.0293 recall@20 0.0878 *
[vgames_lightgcn_d16_l3] epoch 150 loss 0.0996 valid ndcg@10 0.0297 recall@20 0.0888 *
[vgames_lightgcn_d16_l3] epoch 155 loss 0.0975 valid ndcg@10 0.0300 recall@20 0.0897 *
[vgames_lightgcn_d16_l3] epoch 160 loss 0.0944 valid ndcg@10 0.0303 recall@20 0.0909 *
[vgames_lightgcn_d16_l3] epoch 165 loss 0.0919 valid ndcg@10 0.0307 recall@20 0.0920 *
[vgames_lightgcn_d16_l3] epoch 170 loss 0.0894 valid ndcg@10 0.0309 recall@20 0.0931 *
[vgames_lightgcn_d16_l3] epoch 175 loss 0.0866 valid ndcg@10 0.0312 recall@20 0.0942 *
[vgames_lightgcn_d16_l3] epoch 180 loss 0.0841 valid ndcg@10 0.0316 recall@20 0.0953 *
[vgames_lightgcn_d16_l3] epoch 185 loss 0.0828 valid ndcg@10 0.0318 recall@20 0.0959 *
[vgames_lightgcn_d16_l3] epoch 190 loss 0.0811 valid ndcg@10 0.0321 recall@20 0.0965 *
[vgames_lightgcn_d16_l3] epoch 195 loss 0.0788 valid ndcg@10 0.0324 recall@20 0.0974 *
[vgames_lightgcn_d16_l3] epoch 200 loss 0.0763 valid ndcg@10 0.0326 recall@20 0.0979 *
[vgames_lightgcn_d16_l3] epoch 205 loss 0.0752 valid ndcg@10 0.0329 recall@20 0.0985 *
[vgames_lightgcn_d16_l3] epoch 210 loss 0.0735 valid ndcg@10 0.0330 recall@20 0.0992 *
[vgames_lightgcn_d16_l3] epoch 215 loss 0.0717 valid ndcg@10 0.0333 recall@20 0.1000 *
[vgames_lightgcn_d16_l3] epoch 220 loss 0.0703 valid ndcg@10 0.0334 recall@20 0.1008 *
[vgames_lightgcn_d16_l3] epoch 225 loss 0.0693 valid ndcg@10 0.0337 recall@20 0.1015 *
[vgames_lightgcn_d16_l3] epoch 230 loss 0.0667 valid ndcg@10 0.0340 recall@20 0.1020 *
[vgames_lightgcn_d16_l3] epoch 235 loss 0.0656 valid ndcg@10 0.0341 recall@20 0.1029 *
[vgames_lightgcn_d16_l3] epoch 240 loss 0.0639 valid ndcg@10 0.0343 recall@20 0.1032 *
[vgames_lightgcn_d16_l3] epoch 245 loss 0.0633 valid ndcg@10 0.0345 recall@20 0.1037 *
[vgames_lightgcn_d16_l3] epoch 250 loss 0.0626 valid ndcg@10 0.0348 recall@20 0.1041 *
[vgames_lightgcn_d16_l3] epoch 255 loss 0.0610 valid ndcg@10 0.0350 recall@20 0.1046 *
[vgames_lightgcn_d16_l3] epoch 260 loss 0.0600 valid ndcg@10 0.0352 recall@20 0.1050 *
[vgames_lightgcn_d16_l3] epoch 265 loss 0.0588 valid ndcg@10 0.0354 recall@20 0.1054 *
[vgames_lightgcn_d16_l3] epoch 270 loss 0.0577 valid ndcg@10 0.0355 recall@20 0.1055 *
[vgames_lightgcn_d16_l3] epoch 275 loss 0.0563 valid ndcg@10 0.0357 recall@20 0.1059 *
[vgames_lightgcn_d16_l3] epoch 280 loss 0.0559 valid ndcg@10 0.0359 recall@20 0.1065 *
[vgames_lightgcn_d16_l3] epoch 285 loss 0.0554 valid ndcg@10 0.0361 recall@20 0.1068 *
[vgames_lightgcn_d16_l3] epoch 290 loss 0.0542 valid ndcg@10 0.0362 recall@20 0.1072 *
[vgames_lightgcn_d16_l3] epoch 295 loss 0.0528 valid ndcg@10 0.0363 recall@20 0.1077 *
[vgames_lightgcn_d16_l3] epoch 300 loss 0.0525 valid ndcg@10 0.0364 recall@20 0.1080 *
[vgames_lightgcn_d16_l3] epoch 305 loss 0.0519 valid ndcg@10 0.0365 recall@20 0.1082 *
[vgames_lightgcn_d16_l3] epoch 310 loss 0.0512 valid ndcg@10 0.0366 recall@20 0.1085 *
[vgames_lightgcn_d16_l3] epoch 315 loss 0.0503 valid ndcg@10 0.0368 recall@20 0.1086 *
[vgames_lightgcn_d16_l3] epoch 320 loss 0.0496 valid ndcg@10 0.0368 recall@20 0.1091 *
[vgames_lightgcn_d16_l3] epoch 325 loss 0.0489 valid ndcg@10 0.0369 recall@20 0.1094 *
[vgames_lightgcn_d16_l3] epoch 330 loss 0.0484 valid ndcg@10 0.0370 recall@20 0.1094 *
[vgames_lightgcn_d16_l3] epoch 335 loss 0.0474 valid ndcg@10 0.0372 recall@20 0.1096 *
[vgames_lightgcn_d16_l3] epoch 340 loss 0.0475 valid ndcg@10 0.0372 recall@20 0.1097 *
[vgames_lightgcn_d16_l3] epoch 345 loss 0.0468 valid ndcg@10 0.0373 recall@20 0.1099 *
[vgames_lightgcn_d16_l3] epoch 350 loss 0.0466 valid ndcg@10 0.0374 recall@20 0.1105 *
[vgames_lightgcn_d16_l3] epoch 355 loss 0.0456 valid ndcg@10 0.0375 recall@20 0.1105 *
[vgames_lightgcn_d16_l3] epoch 360 loss 0.0451 valid ndcg@10 0.0376 recall@20 0.1109 *
[vgames_lightgcn_d16_l3] epoch 365 loss 0.0450 valid ndcg@10 0.0378 recall@20 0.1110 *
[vgames_lightgcn_d16_l3] epoch 370 loss 0.0443 valid ndcg@10 0.0378 recall@20 0.1110 *
[vgames_lightgcn_d16_l3] epoch 375 loss 0.0436 valid ndcg@10 0.0379 recall@20 0.1112 *
[vgames_lightgcn_d16_l3] epoch 380 loss 0.0427 valid ndcg@10 0.0380 recall@20 0.1115 *
[vgames_lightgcn_d16_l3] epoch 385 loss 0.0430 valid ndcg@10 0.0381 recall@20 0.1116 *
[vgames_lightgcn_d16_l3] epoch 390 loss 0.0422 valid ndcg@10 0.0382 recall@20 0.1115 *
[vgames_lightgcn_d16_l3] epoch 395 loss 0.0425 valid ndcg@10 0.0382 recall@20 0.1118
[vgames_lightgcn_d16_l3] epoch 400 loss 0.0416 valid ndcg@10 0.0382 recall@20 0.1117 *
[vgames_lightgcn_d16_l3] epoch 405 loss 0.0413 valid ndcg@10 0.0382 recall@20 0.1117 *
[vgames_lightgcn_d16_l3] epoch 410 loss 0.0409 valid ndcg@10 0.0383 recall@20 0.1120 *
[vgames_lightgcn_d16_l3] epoch 415 loss 0.0410 valid ndcg@10 0.0384 recall@20 0.1117 *
[vgames_lightgcn_d16_l3] epoch 420 loss 0.0399 valid ndcg@10 0.0383 recall@20 0.1118
[vgames_lightgcn_d16_l3] epoch 425 loss 0.0402 valid ndcg@10 0.0384 recall@20 0.1119
[vgames_lightgcn_d16_l3] epoch 430 loss 0.0393 valid ndcg@10 0.0383 recall@20 0.1118
[vgames_lightgcn_d16_l3] epoch 435 loss 0.0395 valid ndcg@10 0.0384 recall@20 0.1120
[vgames_lightgcn_d16_l3] epoch 440 loss 0.0388 valid ndcg@10 0.0384 recall@20 0.1118
[vgames_lightgcn_d16_l3] epoch 445 loss 0.0382 valid ndcg@10 0.0384 recall@20 0.1119
[vgames_lightgcn_d16_l3] early stop at epoch 445
[vgames_lightgcn_d16_l3] TEST {"recall@10": 0.07271833005858354, "ndcg@10": 0.03875850111347032, "recall@20": 0.11235486019438007, "ndcg@20": 0.0489777222514204} -> /home/ubuntu/movielens-data/project1/results/vgames_lightgcn_d16_l3.json
/opt/pytorch/lib/python3.12/site-packages/torch/cuda/__init__.py:61: FutureWarning: The pynvml package is deprecated. Please install nvidia-ml-py instead. If you did not install pynvml directly, please report this to the maintainers of the package that installed pynvml for you.
  import pynvml  # type: ignore[import]
[vgames_lightgcn_d32_l3] epoch   5 loss 0.5197 valid ndcg@10 0.0149 recall@20 0.0452 *
[vgames_lightgcn_d32_l3] epoch  10 loss 0.3439 valid ndcg@10 0.0157 recall@20 0.0473 *
[vgames_lightgcn_d32_l3] epoch  15 loss 0.2971 valid ndcg@10 0.0172 recall@20 0.0516 *
[vgames_lightgcn_d32_l3] epoch  20 loss 0.2633 valid ndcg@10 0.0185 recall@20 0.0553 *
[vgames_lightgcn_d32_l3] epoch  25 loss 0.2420 valid ndcg@10 0.0194 recall@20 0.0578 *
[vgames_lightgcn_d32_l3] epoch  30 loss 0.2251 valid ndcg@10 0.0200 recall@20 0.0598 *
[vgames_lightgcn_d32_l3] epoch  35 loss 0.2129 valid ndcg@10 0.0204 recall@20 0.0617 *
[vgames_lightgcn_d32_l3] epoch  40 loss 0.1993 valid ndcg@10 0.0211 recall@20 0.0638 *
[vgames_lightgcn_d32_l3] epoch  45 loss 0.1868 valid ndcg@10 0.0218 recall@20 0.0663 *
[vgames_lightgcn_d32_l3] epoch  50 loss 0.1749 valid ndcg@10 0.0227 recall@20 0.0692 *
[vgames_lightgcn_d32_l3] epoch  55 loss 0.1643 valid ndcg@10 0.0235 recall@20 0.0716 *
[vgames_lightgcn_d32_l3] epoch  60 loss 0.1550 valid ndcg@10 0.0244 recall@20 0.0741 *
[vgames_lightgcn_d32_l3] epoch  65 loss 0.1475 valid ndcg@10 0.0250 recall@20 0.0758 *
[vgames_lightgcn_d32_l3] epoch  70 loss 0.1396 valid ndcg@10 0.0258 recall@20 0.0776 *
[vgames_lightgcn_d32_l3] epoch  75 loss 0.1330 valid ndcg@10 0.0264 recall@20 0.0794 *
[vgames_lightgcn_d32_l3] epoch  80 loss 0.1262 valid ndcg@10 0.0269 recall@20 0.0811 *
[vgames_lightgcn_d32_l3] epoch  85 loss 0.1199 valid ndcg@10 0.0275 recall@20 0.0828 *
[vgames_lightgcn_d32_l3] epoch  90 loss 0.1138 valid ndcg@10 0.0280 recall@20 0.0843 *
[vgames_lightgcn_d32_l3] epoch  95 loss 0.1083 valid ndcg@10 0.0285 recall@20 0.0861 *
[vgames_lightgcn_d32_l3] epoch 100 loss 0.1035 valid ndcg@10 0.0290 recall@20 0.0876 *
[vgames_lightgcn_d32_l3] epoch 105 loss 0.0980 valid ndcg@10 0.0295 recall@20 0.0892 *
[vgames_lightgcn_d32_l3] epoch 110 loss 0.0946 valid ndcg@10 0.0300 recall@20 0.0907 *
[vgames_lightgcn_d32_l3] epoch 115 loss 0.0907 valid ndcg@10 0.0304 recall@20 0.0921 *
[vgames_lightgcn_d32_l3] epoch 120 loss 0.0875 valid ndcg@10 0.0309 recall@20 0.0936 *
[vgames_lightgcn_d32_l3] epoch 125 loss 0.0835 valid ndcg@10 0.0313 recall@20 0.0945 *
[vgames_lightgcn_d32_l3] epoch 130 loss 0.0799 valid ndcg@10 0.0318 recall@20 0.0958 *
[vgames_lightgcn_d32_l3] epoch 135 loss 0.0767 valid ndcg@10 0.0322 recall@20 0.0972 *
[vgames_lightgcn_d32_l3] epoch 140 loss 0.0739 valid ndcg@10 0.0326 recall@20 0.0981 *
[vgames_lightgcn_d32_l3] epoch 145 loss 0.0716 valid ndcg@10 0.0330 recall@20 0.0991 *
[vgames_lightgcn_d32_l3] epoch 150 loss 0.0683 valid ndcg@10 0.0334 recall@20 0.1002 *
[vgames_lightgcn_d32_l3] epoch 155 loss 0.0666 valid ndcg@10 0.0338 recall@20 0.1010 *
[vgames_lightgcn_d32_l3] epoch 160 loss 0.0644 valid ndcg@10 0.0342 recall@20 0.1023 *
[vgames_lightgcn_d32_l3] epoch 165 loss 0.0619 valid ndcg@10 0.0346 recall@20 0.1031 *
[vgames_lightgcn_d32_l3] epoch 170 loss 0.0600 valid ndcg@10 0.0348 recall@20 0.1037 *
[vgames_lightgcn_d32_l3] epoch 175 loss 0.0580 valid ndcg@10 0.0353 recall@20 0.1049 *
[vgames_lightgcn_d32_l3] epoch 180 loss 0.0562 valid ndcg@10 0.0355 recall@20 0.1058 *
[vgames_lightgcn_d32_l3] epoch 185 loss 0.0552 valid ndcg@10 0.0358 recall@20 0.1067 *
[vgames_lightgcn_d32_l3] epoch 190 loss 0.0536 valid ndcg@10 0.0362 recall@20 0.1076 *
[vgames_lightgcn_d32_l3] epoch 195 loss 0.0519 valid ndcg@10 0.0365 recall@20 0.1081 *
[vgames_lightgcn_d32_l3] epoch 200 loss 0.0502 valid ndcg@10 0.0368 recall@20 0.1088 *
[vgames_lightgcn_d32_l3] epoch 205 loss 0.0494 valid ndcg@10 0.0371 recall@20 0.1095 *
[vgames_lightgcn_d32_l3] epoch 210 loss 0.0482 valid ndcg@10 0.0373 recall@20 0.1102 *
[vgames_lightgcn_d32_l3] epoch 215 loss 0.0467 valid ndcg@10 0.0376 recall@20 0.1104 *
[vgames_lightgcn_d32_l3] epoch 220 loss 0.0457 valid ndcg@10 0.0378 recall@20 0.1115 *
[vgames_lightgcn_d32_l3] epoch 225 loss 0.0451 valid ndcg@10 0.0381 recall@20 0.1120 *
[vgames_lightgcn_d32_l3] epoch 230 loss 0.0434 valid ndcg@10 0.0383 recall@20 0.1124 *
[vgames_lightgcn_d32_l3] epoch 235 loss 0.0424 valid ndcg@10 0.0385 recall@20 0.1130 *
[vgames_lightgcn_d32_l3] epoch 240 loss 0.0414 valid ndcg@10 0.0388 recall@20 0.1136 *
[vgames_lightgcn_d32_l3] epoch 245 loss 0.0409 valid ndcg@10 0.0390 recall@20 0.1142 *
[vgames_lightgcn_d32_l3] epoch 250 loss 0.0401 valid ndcg@10 0.0394 recall@20 0.1145 *
[vgames_lightgcn_d32_l3] epoch 255 loss 0.0392 valid ndcg@10 0.0396 recall@20 0.1151 *
[vgames_lightgcn_d32_l3] epoch 260 loss 0.0382 valid ndcg@10 0.0397 recall@20 0.1153 *
[vgames_lightgcn_d32_l3] epoch 265 loss 0.0375 valid ndcg@10 0.0399 recall@20 0.1157 *
[vgames_lightgcn_d32_l3] epoch 270 loss 0.0368 valid ndcg@10 0.0401 recall@20 0.1163 *
[vgames_lightgcn_d32_l3] epoch 275 loss 0.0357 valid ndcg@10 0.0402 recall@20 0.1164 *
[vgames_lightgcn_d32_l3] epoch 280 loss 0.0357 valid ndcg@10 0.0405 recall@20 0.1171 *
[vgames_lightgcn_d32_l3] epoch 285 loss 0.0352 valid ndcg@10 0.0405 recall@20 0.1174 *
[vgames_lightgcn_d32_l3] epoch 290 loss 0.0345 valid ndcg@10 0.0406 recall@20 0.1177 *
[vgames_lightgcn_d32_l3] epoch 295 loss 0.0335 valid ndcg@10 0.0407 recall@20 0.1180 *
[vgames_lightgcn_d32_l3] epoch 300 loss 0.0334 valid ndcg@10 0.0409 recall@20 0.1183 *
[vgames_lightgcn_d32_l3] epoch 305 loss 0.0328 valid ndcg@10 0.0409 recall@20 0.1186
[vgames_lightgcn_d32_l3] epoch 310 loss 0.0325 valid ndcg@10 0.0410 recall@20 0.1188 *
[vgames_lightgcn_d32_l3] epoch 315 loss 0.0316 valid ndcg@10 0.0413 recall@20 0.1189 *
[vgames_lightgcn_d32_l3] epoch 320 loss 0.0314 valid ndcg@10 0.0414 recall@20 0.1189 *
[vgames_lightgcn_d32_l3] epoch 325 loss 0.0309 valid ndcg@10 0.0415 recall@20 0.1191 *
[vgames_lightgcn_d32_l3] epoch 330 loss 0.0304 valid ndcg@10 0.0415 recall@20 0.1192 *
[vgames_lightgcn_d32_l3] epoch 335 loss 0.0298 valid ndcg@10 0.0416 recall@20 0.1199 *
[vgames_lightgcn_d32_l3] epoch 340 loss 0.0301 valid ndcg@10 0.0416 recall@20 0.1200 *
[vgames_lightgcn_d32_l3] epoch 345 loss 0.0297 valid ndcg@10 0.0417 recall@20 0.1203 *
[vgames_lightgcn_d32_l3] epoch 350 loss 0.0295 valid ndcg@10 0.0418 recall@20 0.1202 *
[vgames_lightgcn_d32_l3] epoch 355 loss 0.0288 valid ndcg@10 0.0418 recall@20 0.1204 *
[vgames_lightgcn_d32_l3] epoch 360 loss 0.0284 valid ndcg@10 0.0420 recall@20 0.1204 *
[vgames_lightgcn_d32_l3] epoch 365 loss 0.0283 valid ndcg@10 0.0420 recall@20 0.1206 *
[vgames_lightgcn_d32_l3] epoch 370 loss 0.0277 valid ndcg@10 0.0421 recall@20 0.1210 *
[vgames_lightgcn_d32_l3] epoch 375 loss 0.0273 valid ndcg@10 0.0422 recall@20 0.1207 *
[vgames_lightgcn_d32_l3] epoch 380 loss 0.0268 valid ndcg@10 0.0422 recall@20 0.1208 *
[vgames_lightgcn_d32_l3] epoch 385 loss 0.0271 valid ndcg@10 0.0423 recall@20 0.1211 *
[vgames_lightgcn_d32_l3] epoch 390 loss 0.0263 valid ndcg@10 0.0424 recall@20 0.1210 *
[vgames_lightgcn_d32_l3] epoch 395 loss 0.0267 valid ndcg@10 0.0425 recall@20 0.1214 *
[vgames_lightgcn_d32_l3] epoch 400 loss 0.0260 valid ndcg@10 0.0424 recall@20 0.1214
[vgames_lightgcn_d32_l3] epoch 405 loss 0.0260 valid ndcg@10 0.0425 recall@20 0.1213 *
[vgames_lightgcn_d32_l3] epoch 410 loss 0.0257 valid ndcg@10 0.0427 recall@20 0.1215 *
[vgames_lightgcn_d32_l3] epoch 415 loss 0.0256 valid ndcg@10 0.0427 recall@20 0.1217 *
[vgames_lightgcn_d32_l3] epoch 420 loss 0.0250 valid ndcg@10 0.0428 recall@20 0.1219 *
[vgames_lightgcn_d32_l3] epoch 425 loss 0.0251 valid ndcg@10 0.0429 recall@20 0.1219 *
[vgames_lightgcn_d32_l3] epoch 430 loss 0.0246 valid ndcg@10 0.0429 recall@20 0.1217
[vgames_lightgcn_d32_l3] epoch 435 loss 0.0248 valid ndcg@10 0.0428 recall@20 0.1217
[vgames_lightgcn_d32_l3] epoch 440 loss 0.0244 valid ndcg@10 0.0428 recall@20 0.1219
[vgames_lightgcn_d32_l3] epoch 445 loss 0.0240 valid ndcg@10 0.0428 recall@20 0.1222
[vgames_lightgcn_d32_l3] epoch 450 loss 0.0239 valid ndcg@10 0.0429 recall@20 0.1223 *
[vgames_lightgcn_d32_l3] epoch 455 loss 0.0241 valid ndcg@10 0.0429 recall@20 0.1226
[vgames_lightgcn_d32_l3] epoch 460 loss 0.0232 valid ndcg@10 0.0430 recall@20 0.1225 *
[vgames_lightgcn_d32_l3] epoch 465 loss 0.0234 valid ndcg@10 0.0430 recall@20 0.1223 *
[vgames_lightgcn_d32_l3] epoch 470 loss 0.0233 valid ndcg@10 0.0430 recall@20 0.1225
[vgames_lightgcn_d32_l3] epoch 475 loss 0.0234 valid ndcg@10 0.0430 recall@20 0.1227
[vgames_lightgcn_d32_l3] epoch 480 loss 0.0227 valid ndcg@10 0.0430 recall@20 0.1228 *
[vgames_lightgcn_d32_l3] epoch 485 loss 0.0228 valid ndcg@10 0.0430 recall@20 0.1230 *
[vgames_lightgcn_d32_l3] epoch 490 loss 0.0228 valid ndcg@10 0.0431 recall@20 0.1225 *
[vgames_lightgcn_d32_l3] epoch 495 loss 0.0226 valid ndcg@10 0.0431 recall@20 0.1229
[vgames_lightgcn_d32_l3] epoch 500 loss 0.0222 valid ndcg@10 0.0432 recall@20 0.1231 *
[vgames_lightgcn_d32_l3] epoch 505 loss 0.0222 valid ndcg@10 0.0431 recall@20 0.1228
[vgames_lightgcn_d32_l3] epoch 510 loss 0.0220 valid ndcg@10 0.0431 recall@20 0.1229
[vgames_lightgcn_d32_l3] epoch 515 loss 0.0215 valid ndcg@10 0.0431 recall@20 0.1232
[vgames_lightgcn_d32_l3] epoch 520 loss 0.0217 valid ndcg@10 0.0430 recall@20 0.1230
[vgames_lightgcn_d32_l3] epoch 525 loss 0.0220 valid ndcg@10 0.0431 recall@20 0.1229
[vgames_lightgcn_d32_l3] epoch 530 loss 0.0218 valid ndcg@10 0.0431 recall@20 0.1228
[vgames_lightgcn_d32_l3] early stop at epoch 530
[vgames_lightgcn_d32_l3] TEST {"recall@10": 0.08139566333077711, "ndcg@10": 0.04370838906048223, "recall@20": 0.12350707567268458, "ndcg@20": 0.054589292015437725} -> /home/ubuntu/movielens-data/project1/results/vgames_lightgcn_d32_l3.json
EXT2 DONE
