/opt/pytorch/lib/python3.12/site-packages/torch/cuda/__init__.py:61: FutureWarning: The pynvml package is deprecated. Please install nvidia-ml-py instead. If you did not install pynvml directly, please report this to the maintainers of the package that installed pynvml for you.
  import pynvml  # type: ignore[import]
[ml-1m_mf_d64] epoch   5 loss 0.3887 valid ndcg@10 0.1335 recall@20 0.1271 *
[ml-1m_mf_d64] epoch  10 loss 0.3416 valid ndcg@10 0.1540 recall@20 0.1522 *
[ml-1m_mf_d64] epoch  15 loss 0.3161 valid ndcg@10 0.1648 recall@20 0.1694 *
[ml-1m_mf_d64] epoch  20 loss 0.2988 valid ndcg@10 0.1753 recall@20 0.1826 *
[ml-1m_mf_d64] epoch  25 loss 0.2855 valid ndcg@10 0.1807 recall@20 0.1912 *
[ml-1m_mf_d64] epoch  30 loss 0.2753 valid ndcg@10 0.1854 recall@20 0.1996 *
[ml-1m_mf_d64] epoch  35 loss 0.2665 valid ndcg@10 0.1901 recall@20 0.2075 *
[ml-1m_mf_d64] epoch  40 loss 0.2592 valid ndcg@10 0.1914 recall@20 0.2130 *
[ml-1m_mf_d64] epoch  45 loss 0.2515 valid ndcg@10 0.1939 recall@20 0.2151 *
[ml-1m_mf_d64] epoch  50 loss 0.2446 valid ndcg@10 0.1937 recall@20 0.2196
[ml-1m_mf_d64] epoch  55 loss 0.2368 valid ndcg@10 0.1933 recall@20 0.2214
[ml-1m_mf_d64] epoch  60 loss 0.2311 valid ndcg@10 0.1931 recall@20 0.2223
[ml-1m_mf_d64] epoch  65 loss 0.2263 valid ndcg@10 0.1930 recall@20 0.2237
[ml-1m_mf_d64] epoch  70 loss 0.2215 valid ndcg@10 0.1923 recall@20 0.2248
[ml-1m_mf_d64] epoch  75 loss 0.2180 valid ndcg@10 0.1913 recall@20 0.2248
[ml-1m_mf_d64] early stop at epoch 75
[ml-1m_mf_d64] TEST {"recall@10": 0.15597845175536235, "ndcg@10": 0.24563827661588972, "recall@20": 0.23841585575178603, "ndcg@20": 0.2525338789875559} -> /home/ubuntu/movielens-data/project1/results/ml-1m_mf_d64.json
/opt/pytorch/lib/python3.12/site-packages/torch/cuda/__init__.py:61: FutureWarning: The pynvml package is deprecated. Please install nvidia-ml-py instead. If you did not install pynvml directly, please report this to the maintainers of the package that installed pynvml for you.
  import pynvml  # type: ignore[import]
[ml-1m_lightgcn_d64_l3] epoch   5 loss 0.4555 valid ndcg@10 0.1097 recall@20 0.1138 *
[ml-1m_lightgcn_d64_l3] epoch  10 loss 0.4372 valid ndcg@10 0.1101 recall@20 0.1139 *
[ml-1m_lightgcn_d64_l3] epoch  15 loss 0.4261 valid ndcg@10 0.1098 recall@20 0.1138
[ml-1m_lightgcn_d64_l3] epoch  20 loss 0.4211 valid ndcg@10 0.1100 recall@20 0.1142
[ml-1m_lightgcn_d64_l3] epoch  25 loss 0.4147 valid ndcg@10 0.1110 recall@20 0.1143 *
[ml-1m_lightgcn_d64_l3] epoch  30 loss 0.4007 valid ndcg@10 0.1166 recall@20 0.1179 *
[ml-1m_lightgcn_d64_l3] epoch  35 loss 0.3810 valid ndcg@10 0.1243 recall@20 0.1256 *
[ml-1m_lightgcn_d64_l3] epoch  40 loss 0.3701 valid ndcg@10 0.1297 recall@20 0.1317 *
[ml-1m_lightgcn_d64_l3] epoch  45 loss 0.3569 valid ndcg@10 0.1395 recall@20 0.1411 *
[ml-1m_lightgcn_d64_l3] epoch  50 loss 0.3478 valid ndcg@10 0.1470 recall@20 0.1486 *
[ml-1m_lightgcn_d64_l3] epoch  55 loss 0.3401 valid ndcg@10 0.1513 recall@20 0.1536 *
[ml-1m_lightgcn_d64_l3] epoch  60 loss 0.3329 valid ndcg@10 0.1548 recall@20 0.1578 *
[ml-1m_lightgcn_d64_l3] epoch  65 loss 0.3270 valid ndcg@10 0.1585 recall@20 0.1636 *
[ml-1m_lightgcn_d64_l3] epoch  70 loss 0.3213 valid ndcg@10 0.1620 recall@20 0.1671 *
[ml-1m_lightgcn_d64_l3] epoch  75 loss 0.3184 valid ndcg@10 0.1651 recall@20 0.1699 *
[ml-1m_lightgcn_d64_l3] epoch  80 loss 0.3146 valid ndcg@10 0.1655 recall@20 0.1724 *
[ml-1m_lightgcn_d64_l3] epoch  85 loss 0.3109 valid ndcg@10 0.1683 recall@20 0.1748 *
[ml-1m_lightgcn_d64_l3] epoch  90 loss 0.3087 valid ndcg@10 0.1709 recall@20 0.1771 *
[ml-1m_lightgcn_d64_l3] epoch  95 loss 0.3046 valid ndcg@10 0.1729 recall@20 0.1793 *
[ml-1m_lightgcn_d64_l3] epoch 100 loss 0.3018 valid ndcg@10 0.1753 recall@20 0.1831 *
[ml-1m_lightgcn_d64_l3] epoch 105 loss 0.2984 valid ndcg@10 0.1780 recall@20 0.1854 *
[ml-1m_lightgcn_d64_l3] epoch 110 loss 0.2969 valid ndcg@10 0.1803 recall@20 0.1893 *
[ml-1m_lightgcn_d64_l3] epoch 115 loss 0.2947 valid ndcg@10 0.1822 recall@20 0.1928 *
[ml-1m_lightgcn_d64_l3] epoch 120 loss 0.2921 valid ndcg@10 0.1846 recall@20 0.1964 *
[ml-1m_lightgcn_d64_l3] epoch 125 loss 0.2901 valid ndcg@10 0.1867 recall@20 0.1988 *
[ml-1m_lightgcn_d64_l3] epoch 130 loss 0.2879 valid ndcg@10 0.1875 recall@20 0.1997 *
[ml-1m_lightgcn_d64_l3] epoch 135 loss 0.2855 valid ndcg@10 0.1886 recall@20 0.2013 *
[ml-1m_lightgcn_d64_l3] epoch 140 loss 0.2838 valid ndcg@10 0.1903 recall@20 0.2039 *
[ml-1m_lightgcn_d64_l3] epoch 145 loss 0.2828 valid ndcg@10 0.1911 recall@20 0.2055 *
[ml-1m_lightgcn_d64_l3] epoch 150 loss 0.2810 valid ndcg@10 0.1919 recall@20 0.2074 *
[ml-1m_lightgcn_d64_l3] epoch 155 loss 0.2790 valid ndcg@10 0.1929 recall@20 0.2089 *
[ml-1m_lightgcn_d64_l3] epoch 160 loss 0.2775 valid ndcg@10 0.1932 recall@20 0.2093 *
[ml-1m_lightgcn_d64_l3] epoch 165 loss 0.2758 valid ndcg@10 0.1951 recall@20 0.2109 *
[ml-1m_lightgcn_d64_l3] epoch 170 loss 0.2744 valid ndcg@10 0.1945 recall@20 0.2125
[ml-1m_lightgcn_d64_l3] epoch 175 loss 0.2731 valid ndcg@10 0.1952 recall@20 0.2130 *
[ml-1m_lightgcn_d64_l3] epoch 180 loss 0.2724 valid ndcg@10 0.1953 recall@20 0.2146 *
[ml-1m_lightgcn_d64_l3] epoch 185 loss 0.2707 valid ndcg@10 0.1952 recall@20 0.2146
[ml-1m_lightgcn_d64_l3] epoch 190 loss 0.2691 valid ndcg@10 0.1958 recall@20 0.2161 *
[ml-1m_lightgcn_d64_l3] epoch 195 loss 0.2683 valid ndcg@10 0.1969 recall@20 0.2167 *
[ml-1m_lightgcn_d64_l3] epoch 200 loss 0.2676 valid ndcg@10 0.1970 recall@20 0.2170 *
[ml-1m_lightgcn_d64_l3] epoch 205 loss 0.2671 valid ndcg@10 0.1966 recall@20 0.2181
[ml-1m_lightgcn_d64_l3] epoch 210 loss 0.2648 valid ndcg@10 0.1969 recall@20 0.2185
[ml-1m_lightgcn_d64_l3] epoch 215 loss 0.2647 valid ndcg@10 0.1969 recall@20 0.2184
[ml-1m_lightgcn_d64_l3] epoch 220 loss 0.2637 valid ndcg@10 0.1966 recall@20 0.2189
[ml-1m_lightgcn_d64_l3] epoch 225 loss 0.2628 valid ndcg@10 0.1970 recall@20 0.2199 *
[ml-1m_lightgcn_d64_l3] epoch 230 loss 0.2618 valid ndcg@10 0.1971 recall@20 0.2213 *
[ml-1m_lightgcn_d64_l3] epoch 235 loss 0.2612 valid ndcg@10 0.1973 recall@20 0.2202 *
[ml-1m_lightgcn_d64_l3] epoch 240 loss 0.2602 valid ndcg@10 0.1976 recall@20 0.2206 *
[ml-1m_lightgcn_d64_l3] epoch 245 loss 0.2587 valid ndcg@10 0.1981 recall@20 0.2218 *
[ml-1m_lightgcn_d64_l3] epoch 250 loss 0.2582 valid ndcg@10 0.1989 recall@20 0.2222 *
[ml-1m_lightgcn_d64_l3] epoch 255 loss 0.2572 valid ndcg@10 0.1990 recall@20 0.2237 *
[ml-1m_lightgcn_d64_l3] epoch 260 loss 0.2570 valid ndcg@10 0.1988 recall@20 0.2239
[ml-1m_lightgcn_d64_l3] epoch 265 loss 0.2555 valid ndcg@10 0.1999 recall@20 0.2253 *
[ml-1m_lightgcn_d64_l3] epoch 270 loss 0.2544 valid ndcg@10 0.1997 recall@20 0.2261
[ml-1m_lightgcn_d64_l3] epoch 275 loss 0.2545 valid ndcg@10 0.1996 recall@20 0.2263
[ml-1m_lightgcn_d64_l3] epoch 280 loss 0.2528 valid ndcg@10 0.2004 recall@20 0.2260 *
[ml-1m_lightgcn_d64_l3] epoch 285 loss 0.2521 valid ndcg@10 0.2008 recall@20 0.2275 *
[ml-1m_lightgcn_d64_l3] epoch 290 loss 0.2517 valid ndcg@10 0.2013 recall@20 0.2286 *
[ml-1m_lightgcn_d64_l3] epoch 295 loss 0.2510 valid ndcg@10 0.2012 recall@20 0.2274
[ml-1m_lightgcn_d64_l3] epoch 300 loss 0.2488 valid ndcg@10 0.2024 recall@20 0.2285 *
[ml-1m_lightgcn_d64_l3] TEST {"recall@10": 0.16788922390025862, "ndcg@10": 0.2589978817893286, "recall@20": 0.25490098555887386, "ndcg@20": 0.26614507691352884} -> /home/ubuntu/movielens-data/project1/results/ml-1m_lightgcn_d64_l3.json
/opt/pytorch/lib/python3.12/site-packages/torch/cuda/__init__.py:61: FutureWarning: The pynvml package is deprecated. Please install nvidia-ml-py instead. If you did not install pynvml directly, please report this to the maintainers of the package that installed pynvml for you.
  import pynvml  # type: ignore[import]
[vgames_mf_d64] epoch   5 loss 0.5363 valid ndcg@10 0.0200 recall@20 0.0583 *
[vgames_mf_d64] epoch  10 loss 0.2879 valid ndcg@10 0.0246 recall@20 0.0719 *
[vgames_mf_d64] epoch  15 loss 0.1987 valid ndcg@10 0.0267 recall@20 0.0784 *
[vgames_mf_d64] epoch  20 loss 0.1450 valid ndcg@10 0.0280 recall@20 0.0823 *
[vgames_mf_d64] epoch  25 loss 0.1100 valid ndcg@10 0.0291 recall@20 0.0857 *
[vgames_mf_d64] epoch  30 loss 0.0853 valid ndcg@10 0.0300 recall@20 0.0878 *
[vgames_mf_d64] epoch  35 loss 0.0681 valid ndcg@10 0.0309 recall@20 0.0892 *
[vgames_mf_d64] epoch  40 loss 0.0552 valid ndcg@10 0.0315 recall@20 0.0905 *
[vgames_mf_d64] epoch  45 loss 0.0460 valid ndcg@10 0.0320 recall@20 0.0917 *
[vgames_mf_d64] epoch  50 loss 0.0391 valid ndcg@10 0.0322 recall@20 0.0922 *
[vgames_mf_d64] epoch  55 loss 0.0335 valid ndcg@10 0.0324 recall@20 0.0931 *
[vgames_mf_d64] epoch  60 loss 0.0293 valid ndcg@10 0.0325 recall@20 0.0936 *
[vgames_mf_d64] epoch  65 loss 0.0262 valid ndcg@10 0.0326 recall@20 0.0942 *
[vgames_mf_d64] epoch  70 loss 0.0234 valid ndcg@10 0.0328 recall@20 0.0947 *
[vgames_mf_d64] epoch  75 loss 0.0215 valid ndcg@10 0.0329 recall@20 0.0946 *
[vgames_mf_d64] epoch  80 loss 0.0197 valid ndcg@10 0.0332 recall@20 0.0951 *
[vgames_mf_d64] epoch  85 loss 0.0179 valid ndcg@10 0.0332 recall@20 0.0951
[vgames_mf_d64] epoch  90 loss 0.0168 valid ndcg@10 0.0332 recall@20 0.0949 *
[vgames_mf_d64] epoch  95 loss 0.0157 valid ndcg@10 0.0334 recall@20 0.0950 *
[vgames_mf_d64] epoch 100 loss 0.0149 valid ndcg@10 0.0333 recall@20 0.0952
[vgames_mf_d64] epoch 105 loss 0.0140 valid ndcg@10 0.0333 recall@20 0.0951
[vgames_mf_d64] epoch 110 loss 0.0134 valid ndcg@10 0.0332 recall@20 0.0953
[vgames_mf_d64] epoch 115 loss 0.0129 valid ndcg@10 0.0332 recall@20 0.0953
[vgames_mf_d64] epoch 120 loss 0.0124 valid ndcg@10 0.0332 recall@20 0.0954
[vgames_mf_d64] epoch 125 loss 0.0119 valid ndcg@10 0.0334 recall@20 0.0958 *
[vgames_mf_d64] epoch 130 loss 0.0117 valid ndcg@10 0.0332 recall@20 0.0951
[vgames_mf_d64] epoch 135 loss 0.0112 valid ndcg@10 0.0333 recall@20 0.0945
[vgames_mf_d64] epoch 140 loss 0.0110 valid ndcg@10 0.0334 recall@20 0.0947
[vgames_mf_d64] epoch 145 loss 0.0108 valid ndcg@10 0.0332 recall@20 0.0949
[vgames_mf_d64] epoch 150 loss 0.0105 valid ndcg@10 0.0332 recall@20 0.0951
[vgames_mf_d64] epoch 155 loss 0.0103 valid ndcg@10 0.0333 recall@20 0.0947
[vgames_mf_d64] early stop at epoch 155
[vgames_mf_d64] TEST {"recall@10": 0.0633717400023917, "ndcg@10": 0.03440918224832614, "recall@20": 0.0968574738803308, "ndcg@20": 0.04307273318953492} -> /home/ubuntu/movielens-data/project1/results/vgames_mf_d64.json
/opt/pytorch/lib/python3.12/site-packages/torch/cuda/__init__.py:61: FutureWarning: The pynvml package is deprecated. Please install nvidia-ml-py instead. If you did not install pynvml directly, please report this to the maintainers of the package that installed pynvml for you.
  import pynvml  # type: ignore[import]
[vgames_lightgcn_d64_l3] epoch   5 loss 0.4406 valid ndcg@10 0.0152 recall@20 0.0462 *
[vgames_lightgcn_d64_l3] epoch  10 loss 0.2968 valid ndcg@10 0.0171 recall@20 0.0521 *
[vgames_lightgcn_d64_l3] epoch  15 loss 0.2433 valid ndcg@10 0.0195 recall@20 0.0591 *
[vgames_lightgcn_d64_l3] epoch  20 loss 0.2132 valid ndcg@10 0.0208 recall@20 0.0634 *
[vgames_lightgcn_d64_l3] epoch  25 loss 0.1938 valid ndcg@10 0.0219 recall@20 0.0676 *
[vgames_lightgcn_d64_l3] epoch  30 loss 0.1761 valid ndcg@10 0.0232 recall@20 0.0717 *
[vgames_lightgcn_d64_l3] epoch  35 loss 0.1617 valid ndcg@10 0.0245 recall@20 0.0757 *
[vgames_lightgcn_d64_l3] epoch  40 loss 0.1475 valid ndcg@10 0.0258 recall@20 0.0790 *
[vgames_lightgcn_d64_l3] epoch  45 loss 0.1357 valid ndcg@10 0.0271 recall@20 0.0819 *
[vgames_lightgcn_d64_l3] epoch  50 loss 0.1251 valid ndcg@10 0.0281 recall@20 0.0845 *
[vgames_lightgcn_d64_l3] epoch  55 loss 0.1154 valid ndcg@10 0.0290 recall@20 0.0869 *
[vgames_lightgcn_d64_l3] epoch  60 loss 0.1075 valid ndcg@10 0.0299 recall@20 0.0894 *
[vgames_lightgcn_d64_l3] epoch  65 loss 0.1011 valid ndcg@10 0.0306 recall@20 0.0919 *
[vgames_lightgcn_d64_l3] epoch  70 loss 0.0942 valid ndcg@10 0.0314 recall@20 0.0937 *
[vgames_lightgcn_d64_l3] epoch  75 loss 0.0887 valid ndcg@10 0.0322 recall@20 0.0963 *
[vgames_lightgcn_d64_l3] epoch  80 loss 0.0830 valid ndcg@10 0.0329 recall@20 0.0981 *
[vgames_lightgcn_d64_l3] epoch  85 loss 0.0776 valid ndcg@10 0.0334 recall@20 0.1002 *
[vgames_lightgcn_d64_l3] epoch  90 loss 0.0731 valid ndcg@10 0.0341 recall@20 0.1020 *
[vgames_lightgcn_d64_l3] epoch  95 loss 0.0690 valid ndcg@10 0.0348 recall@20 0.1037 *
[vgames_lightgcn_d64_l3] epoch 100 loss 0.0656 valid ndcg@10 0.0353 recall@20 0.1053 *
[vgames_lightgcn_d64_l3] epoch 105 loss 0.0618 valid ndcg@10 0.0359 recall@20 0.1067 *
[vgames_lightgcn_d64_l3] epoch 110 loss 0.0590 valid ndcg@10 0.0364 recall@20 0.1083 *
[vgames_lightgcn_d64_l3] epoch 115 loss 0.0567 valid ndcg@10 0.0370 recall@20 0.1093 *
[vgames_lightgcn_d64_l3] epoch 120 loss 0.0547 valid ndcg@10 0.0375 recall@20 0.1103 *
[vgames_lightgcn_d64_l3] epoch 125 loss 0.0518 valid ndcg@10 0.0380 recall@20 0.1115 *
[vgames_lightgcn_d64_l3] epoch 130 loss 0.0494 valid ndcg@10 0.0383 recall@20 0.1130 *
[vgames_lightgcn_d64_l3] epoch 135 loss 0.0472 valid ndcg@10 0.0388 recall@20 0.1142 *
[vgames_lightgcn_d64_l3] epoch 140 loss 0.0455 valid ndcg@10 0.0392 recall@20 0.1151 *
[vgames_lightgcn_d64_l3] epoch 145 loss 0.0443 valid ndcg@10 0.0395 recall@20 0.1162 *
[vgames_lightgcn_d64_l3] epoch 150 loss 0.0421 valid ndcg@10 0.0400 recall@20 0.1169 *
[vgames_lightgcn_d64_l3] epoch 155 loss 0.0411 valid ndcg@10 0.0402 recall@20 0.1178 *
[vgames_lightgcn_d64_l3] epoch 160 loss 0.0394 valid ndcg@10 0.0406 recall@20 0.1186 *
[vgames_lightgcn_d64_l3] epoch 165 loss 0.0381 valid ndcg@10 0.0410 recall@20 0.1196 *
[vgames_lightgcn_d64_l3] epoch 170 loss 0.0367 valid ndcg@10 0.0413 recall@20 0.1199 *
[vgames_lightgcn_d64_l3] epoch 175 loss 0.0358 valid ndcg@10 0.0417 recall@20 0.1210 *
[vgames_lightgcn_d64_l3] epoch 180 loss 0.0344 valid ndcg@10 0.0419 recall@20 0.1216 *
[vgames_lightgcn_d64_l3] epoch 185 loss 0.0338 valid ndcg@10 0.0422 recall@20 0.1220 *
[vgames_lightgcn_d64_l3] epoch 190 loss 0.0330 valid ndcg@10 0.0425 recall@20 0.1230 *
[vgames_lightgcn_d64_l3] epoch 195 loss 0.0320 valid ndcg@10 0.0427 recall@20 0.1235 *
[vgames_lightgcn_d64_l3] epoch 200 loss 0.0310 valid ndcg@10 0.0429 recall@20 0.1240 *
[vgames_lightgcn_d64_l3] epoch 205 loss 0.0304 valid ndcg@10 0.0431 recall@20 0.1244 *
[vgames_lightgcn_d64_l3] epoch 210 loss 0.0298 valid ndcg@10 0.0434 recall@20 0.1250 *
[vgames_lightgcn_d64_l3] epoch 215 loss 0.0289 valid ndcg@10 0.0437 recall@20 0.1257 *
[vgames_lightgcn_d64_l3] epoch 220 loss 0.0283 valid ndcg@10 0.0439 recall@20 0.1259 *
[vgames_lightgcn_d64_l3] epoch 225 loss 0.0279 valid ndcg@10 0.0441 recall@20 0.1265 *
[vgames_lightgcn_d64_l3] epoch 230 loss 0.0269 valid ndcg@10 0.0443 recall@20 0.1268 *
[vgames_lightgcn_d64_l3] epoch 235 loss 0.0263 valid ndcg@10 0.0444 recall@20 0.1271 *
[vgames_lightgcn_d64_l3] epoch 240 loss 0.0258 valid ndcg@10 0.0446 recall@20 0.1276 *
[vgames_lightgcn_d64_l3] epoch 245 loss 0.0254 valid ndcg@10 0.0448 recall@20 0.1282 *
[vgames_lightgcn_d64_l3] epoch 250 loss 0.0250 valid ndcg@10 0.0450 recall@20 0.1286 *
[vgames_lightgcn_d64_l3] epoch 255 loss 0.0245 valid ndcg@10 0.0452 recall@20 0.1288 *
[vgames_lightgcn_d64_l3] epoch 260 loss 0.0240 valid ndcg@10 0.0452 recall@20 0.1293 *
[vgames_lightgcn_d64_l3] epoch 265 loss 0.0235 valid ndcg@10 0.0455 recall@20 0.1299 *
[vgames_lightgcn_d64_l3] epoch 270 loss 0.0232 valid ndcg@10 0.0456 recall@20 0.1303 *
[vgames_lightgcn_d64_l3] epoch 275 loss 0.0226 valid ndcg@10 0.0456 recall@20 0.1306 *
[vgames_lightgcn_d64_l3] epoch 280 loss 0.0227 valid ndcg@10 0.0459 recall@20 0.1310 *
[vgames_lightgcn_d64_l3] epoch 285 loss 0.0223 valid ndcg@10 0.0460 recall@20 0.1313 *
[vgames_lightgcn_d64_l3] epoch 290 loss 0.0221 valid ndcg@10 0.0460 recall@20 0.1319 *
[vgames_lightgcn_d64_l3] epoch 295 loss 0.0215 valid ndcg@10 0.0462 recall@20 0.1315 *
[vgames_lightgcn_d64_l3] epoch 300 loss 0.0216 valid ndcg@10 0.0463 recall@20 0.1321 *
[vgames_lightgcn_d64_l3] TEST {"recall@10": 0.08696951616635613, "ndcg@10": 0.046813997132443365, "recall@20": 0.13221768880710655, "ndcg@20": 0.058499241737290764} -> /home/ubuntu/movielens-data/project1/results/vgames_lightgcn_d64_l3.json
/opt/pytorch/lib/python3.12/site-packages/torch/cuda/__init__.py:61: FutureWarning: The pynvml package is deprecated. Please install nvidia-ml-py instead. If you did not install pynvml directly, please report this to the maintainers of the package that installed pynvml for you.
  import pynvml  # type: ignore[import]
[ml-1m_lightgcn_d64_l1] epoch   5 loss 0.4357 valid ndcg@10 0.1093 recall@20 0.1134 *
[ml-1m_lightgcn_d64_l1] epoch  10 loss 0.4080 valid ndcg@10 0.1147 recall@20 0.1165 *
[ml-1m_lightgcn_d64_l1] epoch  15 loss 0.3761 valid ndcg@10 0.1259 recall@20 0.1276 *
[ml-1m_lightgcn_d64_l1] epoch  20 loss 0.3507 valid ndcg@10 0.1421 recall@20 0.1435 *
[ml-1m_lightgcn_d64_l1] epoch  25 loss 0.3340 valid ndcg@10 0.1529 recall@20 0.1549 *
[ml-1m_lightgcn_d64_l1] epoch  30 loss 0.3206 valid ndcg@10 0.1612 recall@20 0.1662 *
[ml-1m_lightgcn_d64_l1] epoch  35 loss 0.3101 valid ndcg@10 0.1680 recall@20 0.1737 *
[ml-1m_lightgcn_d64_l1] epoch  40 loss 0.3026 valid ndcg@10 0.1739 recall@20 0.1804 *
[ml-1m_lightgcn_d64_l1] epoch  45 loss 0.2944 valid ndcg@10 0.1798 recall@20 0.1889 *
[ml-1m_lightgcn_d64_l1] epoch  50 loss 0.2878 valid ndcg@10 0.1849 recall@20 0.1959 *
[ml-1m_lightgcn_d64_l1] epoch  55 loss 0.2804 valid ndcg@10 0.1887 recall@20 0.2017 *
[ml-1m_lightgcn_d64_l1] epoch  60 loss 0.2752 valid ndcg@10 0.1909 recall@20 0.2065 *
[ml-1m_lightgcn_d64_l1] epoch  65 loss 0.2714 valid ndcg@10 0.1924 recall@20 0.2091 *
[ml-1m_lightgcn_d64_l1] epoch  70 loss 0.2673 valid ndcg@10 0.1925 recall@20 0.2101 *
[ml-1m_lightgcn_d64_l1] epoch  75 loss 0.2649 valid ndcg@10 0.1939 recall@20 0.2123 *
[ml-1m_lightgcn_d64_l1] epoch  80 loss 0.2610 valid ndcg@10 0.1933 recall@20 0.2155
[ml-1m_lightgcn_d64_l1] epoch  85 loss 0.2573 valid ndcg@10 0.1953 recall@20 0.2184 *
[ml-1m_lightgcn_d64_l1] epoch  90 loss 0.2542 valid ndcg@10 0.1958 recall@20 0.2200 *
[ml-1m_lightgcn_d64_l1] epoch  95 loss 0.2497 valid ndcg@10 0.1971 recall@20 0.2214 *
[ml-1m_lightgcn_d64_l1] epoch 100 loss 0.2467 valid ndcg@10 0.1972 recall@20 0.2237 *
[ml-1m_lightgcn_d64_l1] epoch 105 loss 0.2432 valid ndcg@10 0.1974 recall@20 0.2236 *
[ml-1m_lightgcn_d64_l1] epoch 110 loss 0.2411 valid ndcg@10 0.1992 recall@20 0.2250 *
[ml-1m_lightgcn_d64_l1] epoch 115 loss 0.2384 valid ndcg@10 0.1992 recall@20 0.2265
[ml-1m_lightgcn_d64_l1] epoch 120 loss 0.2356 valid ndcg@10 0.1988 recall@20 0.2273
[ml-1m_lightgcn_d64_l1] epoch 125 loss 0.2328 valid ndcg@10 0.1984 recall@20 0.2280
[ml-1m_lightgcn_d64_l1] epoch 130 loss 0.2305 valid ndcg@10 0.1992 recall@20 0.2286
[ml-1m_lightgcn_d64_l1] epoch 135 loss 0.2270 valid ndcg@10 0.1978 recall@20 0.2281
[ml-1m_lightgcn_d64_l1] epoch 140 loss 0.2248 valid ndcg@10 0.1986 recall@20 0.2305
[ml-1m_lightgcn_d64_l1] early stop at epoch 140
[ml-1m_lightgcn_d64_l1] TEST {"recall@10": 0.16380411395322056, "ndcg@10": 0.2528778063741761, "recall@20": 0.2501146423149111, "ndcg@20": 0.2605657097877397} -> /home/ubuntu/movielens-data/project1/results/ml-1m_lightgcn_d64_l1.json
/opt/pytorch/lib/python3.12/site-packages/torch/cuda/__init__.py:61: FutureWarning: The pynvml package is deprecated. Please install nvidia-ml-py instead. If you did not install pynvml directly, please report this to the maintainers of the package that installed pynvml for you.
  import pynvml  # type: ignore[import]
[vgames_lightgcn_d64_l1] epoch   5 loss 0.5276 valid ndcg@10 0.0214 recall@20 0.0625 *
[vgames_lightgcn_d64_l1] epoch  10 loss 0.2555 valid ndcg@10 0.0231 recall@20 0.0684 *
[vgames_lightgcn_d64_l1] epoch  15 loss 0.1840 valid ndcg@10 0.0255 recall@20 0.0763 *
[vgames_lightgcn_d64_l1] epoch  20 loss 0.1462 valid ndcg@10 0.0276 recall@20 0.0826 *
[vgames_lightgcn_d64_l1] epoch  25 loss 0.1209 valid ndcg@10 0.0294 recall@20 0.0878 *
[vgames_lightgcn_d64_l1] epoch  30 loss 0.1014 valid ndcg@10 0.0309 recall@20 0.0919 *
[vgames_lightgcn_d64_l1] epoch  35 loss 0.0872 valid ndcg@10 0.0322 recall@20 0.0960 *
[vgames_lightgcn_d64_l1] epoch  40 loss 0.0750 valid ndcg@10 0.0334 recall@20 0.0988 *
[vgames_lightgcn_d64_l1] epoch  45 loss 0.0657 valid ndcg@10 0.0346 recall@20 0.1022 *
[vgames_lightgcn_d64_l1] epoch  50 loss 0.0582 valid ndcg@10 0.0356 recall@20 0.1045 *
[vgames_lightgcn_d64_l1] epoch  55 loss 0.0517 valid ndcg@10 0.0363 recall@20 0.1070 *
[vgames_lightgcn_d64_l1] epoch  60 loss 0.0467 valid ndcg@10 0.0372 recall@20 0.1081 *
[vgames_lightgcn_d64_l1] epoch  65 loss 0.0430 valid ndcg@10 0.0379 recall@20 0.1096 *
[vgames_lightgcn_d64_l1] epoch  70 loss 0.0390 valid ndcg@10 0.0386 recall@20 0.1104 *
[vgames_lightgcn_d64_l1] epoch  75 loss 0.0366 valid ndcg@10 0.0392 recall@20 0.1123 *
[vgames_lightgcn_d64_l1] epoch  80 loss 0.0338 valid ndcg@10 0.0398 recall@20 0.1139 *
[vgames_lightgcn_d64_l1] epoch  85 loss 0.0309 valid ndcg@10 0.0400 recall@20 0.1148 *
[vgames_lightgcn_d64_l1] epoch  90 loss 0.0293 valid ndcg@10 0.0404 recall@20 0.1157 *
[vgames_lightgcn_d64_l1] epoch  95 loss 0.0271 valid ndcg@10 0.0408 recall@20 0.1159 *
[vgames_lightgcn_d64_l1] epoch 100 loss 0.0259 valid ndcg@10 0.0412 recall@20 0.1168 *
[vgames_lightgcn_d64_l1] epoch 105 loss 0.0243 valid ndcg@10 0.0415 recall@20 0.1172 *
[vgames_lightgcn_d64_l1] epoch 110 loss 0.0231 valid ndcg@10 0.0416 recall@20 0.1176 *
[vgames_lightgcn_d64_l1] epoch 115 loss 0.0223 valid ndcg@10 0.0420 recall@20 0.1181 *
[vgames_lightgcn_d64_l1] epoch 120 loss 0.0215 valid ndcg@10 0.0422 recall@20 0.1181 *
[vgames_lightgcn_d64_l1] epoch 125 loss 0.0203 valid ndcg@10 0.0423 recall@20 0.1183 *
[vgames_lightgcn_d64_l1] epoch 130 loss 0.0197 valid ndcg@10 0.0424 recall@20 0.1184 *
[vgames_lightgcn_d64_l1] epoch 135 loss 0.0188 valid ndcg@10 0.0425 recall@20 0.1185 *
[vgames_lightgcn_d64_l1] epoch 140 loss 0.0182 valid ndcg@10 0.0426 recall@20 0.1187 *
[vgames_lightgcn_d64_l1] epoch 145 loss 0.0178 valid ndcg@10 0.0428 recall@20 0.1186 *
[vgames_lightgcn_d64_l1] epoch 150 loss 0.0171 valid ndcg@10 0.0429 recall@20 0.1191 *
[vgames_lightgcn_d64_l1] epoch 155 loss 0.0166 valid ndcg@10 0.0429 recall@20 0.1195 *
[vgames_lightgcn_d64_l1] epoch 160 loss 0.0161 valid ndcg@10 0.0431 recall@20 0.1191 *
[vgames_lightgcn_d64_l1] epoch 165 loss 0.0157 valid ndcg@10 0.0432 recall@20 0.1196 *
[vgames_lightgcn_d64_l1] epoch 170 loss 0.0151 valid ndcg@10 0.0433 recall@20 0.1193 *
[vgames_lightgcn_d64_l1] epoch 175 loss 0.0150 valid ndcg@10 0.0433 recall@20 0.1193
[vgames_lightgcn_d64_l1] epoch 180 loss 0.0144 valid ndcg@10 0.0431 recall@20 0.1192
[vgames_lightgcn_d64_l1] epoch 185 loss 0.0145 valid ndcg@10 0.0431 recall@20 0.1193
[vgames_lightgcn_d64_l1] epoch 190 loss 0.0142 valid ndcg@10 0.0432 recall@20 0.1197
[vgames_lightgcn_d64_l1] epoch 195 loss 0.0138 valid ndcg@10 0.0432 recall@20 0.1200
[vgames_lightgcn_d64_l1] epoch 200 loss 0.0136 valid ndcg@10 0.0432 recall@20 0.1197
[vgames_lightgcn_d64_l1] early stop at epoch 200
[vgames_lightgcn_d64_l1] TEST {"recall@10": 0.07895461697034309, "ndcg@10": 0.043394485507777844, "recall@20": 0.11835660892031855, "ndcg@20": 0.05359106625339208} -> /home/ubuntu/movielens-data/project1/results/vgames_lightgcn_d64_l1.json
/opt/pytorch/lib/python3.12/site-packages/torch/cuda/__init__.py:61: FutureWarning: The pynvml package is deprecated. Please install nvidia-ml-py instead. If you did not install pynvml directly, please report this to the maintainers of the package that installed pynvml for you.
  import pynvml  # type: ignore[import]
[ml-1m_lightgcn_d64_l2] epoch   5 loss 0.4464 valid ndcg@10 0.1095 recall@20 0.1137 *
[ml-1m_lightgcn_d64_l2] epoch  10 loss 0.4282 valid ndcg@10 0.1101 recall@20 0.1138 *
[ml-1m_lightgcn_d64_l2] epoch  15 loss 0.4180 valid ndcg@10 0.1104 recall@20 0.1144 *
[ml-1m_lightgcn_d64_l2] epoch  20 loss 0.4042 valid ndcg@10 0.1156 recall@20 0.1175 *
[ml-1m_lightgcn_d64_l2] epoch  25 loss 0.3781 valid ndcg@10 0.1262 recall@20 0.1278 *
[ml-1m_lightgcn_d64_l2] epoch  30 loss 0.3609 valid ndcg@10 0.1368 recall@20 0.1385 *
[ml-1m_lightgcn_d64_l2] epoch  35 loss 0.3472 valid ndcg@10 0.1465 recall@20 0.1485 *
[ml-1m_lightgcn_d64_l2] epoch  40 loss 0.3389 valid ndcg@10 0.1519 recall@20 0.1556 *
[ml-1m_lightgcn_d64_l2] epoch  45 loss 0.3286 valid ndcg@10 0.1573 recall@20 0.1615 *
[ml-1m_lightgcn_d64_l2] epoch  50 loss 0.3207 valid ndcg@10 0.1629 recall@20 0.1672 *
[ml-1m_lightgcn_d64_l2] epoch  55 loss 0.3130 valid ndcg@10 0.1677 recall@20 0.1730 *
[ml-1m_lightgcn_d64_l2] epoch  60 loss 0.3074 valid ndcg@10 0.1702 recall@20 0.1768 *
[ml-1m_lightgcn_d64_l2] epoch  65 loss 0.3040 valid ndcg@10 0.1739 recall@20 0.1803 *
[ml-1m_lightgcn_d64_l2] epoch  70 loss 0.2996 valid ndcg@10 0.1761 recall@20 0.1839 *
[ml-1m_lightgcn_d64_l2] epoch  75 loss 0.2968 valid ndcg@10 0.1800 recall@20 0.1883 *
[ml-1m_lightgcn_d64_l2] epoch  80 loss 0.2923 valid ndcg@10 0.1814 recall@20 0.1933 *
[ml-1m_lightgcn_d64_l2] epoch  85 loss 0.2884 valid ndcg@10 0.1858 recall@20 0.1976 *
[ml-1m_lightgcn_d64_l2] epoch  90 loss 0.2856 valid ndcg@10 0.1874 recall@20 0.2010 *
[ml-1m_lightgcn_d64_l2] epoch  95 loss 0.2813 valid ndcg@10 0.1896 recall@20 0.2037 *
[ml-1m_lightgcn_d64_l2] epoch 100 loss 0.2789 valid ndcg@10 0.1906 recall@20 0.2050 *
[ml-1m_lightgcn_d64_l2] epoch 105 loss 0.2756 valid ndcg@10 0.1921 recall@20 0.2070 *
[ml-1m_lightgcn_d64_l2] epoch 110 loss 0.2742 valid ndcg@10 0.1930 recall@20 0.2085 *
[ml-1m_lightgcn_d64_l2] epoch 115 loss 0.2724 valid ndcg@10 0.1923 recall@20 0.2111
[ml-1m_lightgcn_d64_l2] epoch 120 loss 0.2702 valid ndcg@10 0.1950 recall@20 0.2120 *
[ml-1m_lightgcn_d64_l2] epoch 125 loss 0.2682 valid ndcg@10 0.1950 recall@20 0.2127 *
[ml-1m_lightgcn_d64_l2] epoch 130 loss 0.2664 valid ndcg@10 0.1945 recall@20 0.2145
[ml-1m_lightgcn_d64_l2] epoch 135 loss 0.2638 valid ndcg@10 0.1948 recall@20 0.2156
[ml-1m_lightgcn_d64_l2] epoch 140 loss 0.2623 valid ndcg@10 0.1953 recall@20 0.2173 *
[ml-1m_lightgcn_d64_l2] epoch 145 loss 0.2616 valid ndcg@10 0.1957 recall@20 0.2179 *
[ml-1m_lightgcn_d64_l2] epoch 150 loss 0.2597 valid ndcg@10 0.1953 recall@20 0.2189
[ml-1m_lightgcn_d64_l2] epoch 155 loss 0.2577 valid ndcg@10 0.1957 recall@20 0.2200 *
[ml-1m_lightgcn_d64_l2] epoch 160 loss 0.2562 valid ndcg@10 0.1952 recall@20 0.2211
[ml-1m_lightgcn_d64_l2] epoch 165 loss 0.2545 valid ndcg@10 0.1970 recall@20 0.2222 *
[ml-1m_lightgcn_d64_l2] epoch 170 loss 0.2529 valid ndcg@10 0.1958 recall@20 0.2235
[ml-1m_lightgcn_d64_l2] epoch 175 loss 0.2515 valid ndcg@10 0.1975 recall@20 0.2237 *
[ml-1m_lightgcn_d64_l2] epoch 180 loss 0.2504 valid ndcg@10 0.1984 recall@20 0.2252 *
[ml-1m_lightgcn_d64_l2] epoch 185 loss 0.2483 valid ndcg@10 0.1977 recall@20 0.2257
[ml-1m_lightgcn_d64_l2] epoch 190 loss 0.2465 valid ndcg@10 0.1986 recall@20 0.2258 *
[ml-1m_lightgcn_d64_l2] epoch 195 loss 0.2453 valid ndcg@10 0.1998 recall@20 0.2261 *
[ml-1m_lightgcn_d64_l2] epoch 200 loss 0.2441 valid ndcg@10 0.1989 recall@20 0.2269
[ml-1m_lightgcn_d64_l2] epoch 205 loss 0.2433 valid ndcg@10 0.1980 recall@20 0.2269
[ml-1m_lightgcn_d64_l2] epoch 210 loss 0.2404 valid ndcg@10 0.1993 recall@20 0.2274
[ml-1m_lightgcn_d64_l2] epoch 215 loss 0.2400 valid ndcg@10 0.1999 recall@20 0.2291 *
[ml-1m_lightgcn_d64_l2] epoch 220 loss 0.2386 valid ndcg@10 0.1990 recall@20 0.2298
[ml-1m_lightgcn_d64_l2] epoch 225 loss 0.2374 valid ndcg@10 0.2000 recall@20 0.2301 *
[ml-1m_lightgcn_d64_l2] epoch 230 loss 0.2362 valid ndcg@10 0.2001 recall@20 0.2289 *
[ml-1m_lightgcn_d64_l2] epoch 235 loss 0.2351 valid ndcg@10 0.1999 recall@20 0.2300
[ml-1m_lightgcn_d64_l2] epoch 240 loss 0.2335 valid ndcg@10 0.1989 recall@20 0.2298
[ml-1m_lightgcn_d64_l2] epoch 245 loss 0.2317 valid ndcg@10 0.1990 recall@20 0.2304
[ml-1m_lightgcn_d64_l2] epoch 250 loss 0.2309 valid ndcg@10 0.2000 recall@20 0.2311
[ml-1m_lightgcn_d64_l2] epoch 255 loss 0.2300 valid ndcg@10 0.1992 recall@20 0.2312
[ml-1m_lightgcn_d64_l2] epoch 260 loss 0.2295 valid ndcg@10 0.1996 recall@20 0.2316
[ml-1m_lightgcn_d64_l2] early stop at epoch 260
[ml-1m_lightgcn_d64_l2] TEST {"recall@10": 0.1660664140264043, "ndcg@10": 0.2544035551975442, "recall@20": 0.25572212899292585, "ndcg@20": 0.2640983254064016} -> /home/ubuntu/movielens-data/project1/results/ml-1m_lightgcn_d64_l2.json
/opt/pytorch/lib/python3.12/site-packages/torch/cuda/__init__.py:61: FutureWarning: The pynvml package is deprecated. Please install nvidia-ml-py instead. If you did not install pynvml directly, please report this to the maintainers of the package that installed pynvml for you.
  import pynvml  # type: ignore[import]
[vgames_lightgcn_d64_l2] epoch   5 loss 0.4603 valid ndcg@10 0.0176 recall@20 0.0522 *
[vgames_lightgcn_d64_l2] epoch  10 loss 0.2644 valid ndcg@10 0.0197 recall@20 0.0588 *
[vgames_lightgcn_d64_l2] epoch  15 loss 0.2132 valid ndcg@10 0.0215 recall@20 0.0663 *
[vgames_lightgcn_d64_l2] epoch  20 loss 0.1835 valid ndcg@10 0.0234 recall@20 0.0722 *
[vgames_lightgcn_d64_l2] epoch  25 loss 0.1617 valid ndcg@10 0.0254 recall@20 0.0776 *
[vgames_lightgcn_d64_l2] epoch  30 loss 0.1430 valid ndcg@10 0.0270 recall@20 0.0818 *
[vgames_lightgcn_d64_l2] epoch  35 loss 0.1281 valid ndcg@10 0.0284 recall@20 0.0852 *
[vgames_lightgcn_d64_l2] epoch  40 loss 0.1145 valid ndcg@10 0.0295 recall@20 0.0892 *
[vgames_lightgcn_d64_l2] epoch  45 loss 0.1034 valid ndcg@10 0.0306 recall@20 0.0924 *
[vgames_lightgcn_d64_l2] epoch  50 loss 0.0937 valid ndcg@10 0.0317 recall@20 0.0947 *
[vgames_lightgcn_d64_l2] epoch  55 loss 0.0849 valid ndcg@10 0.0327 recall@20 0.0977 *
[vgames_lightgcn_d64_l2] epoch  60 loss 0.0780 valid ndcg@10 0.0337 recall@20 0.1003 *
[vgames_lightgcn_d64_l2] epoch  65 loss 0.0723 valid ndcg@10 0.0345 recall@20 0.1033 *
[vgames_lightgcn_d64_l2] epoch  70 loss 0.0666 valid ndcg@10 0.0352 recall@20 0.1054 *
[vgames_lightgcn_d64_l2] epoch  75 loss 0.0624 valid ndcg@10 0.0360 recall@20 0.1077 *
[vgames_lightgcn_d64_l2] epoch  80 loss 0.0578 valid ndcg@10 0.0369 recall@20 0.1094 *
[vgames_lightgcn_d64_l2] epoch  85 loss 0.0534 valid ndcg@10 0.0374 recall@20 0.1112 *
[vgames_lightgcn_d64_l2] epoch  90 loss 0.0501 valid ndcg@10 0.0380 recall@20 0.1126 *
[vgames_lightgcn_d64_l2] epoch  95 loss 0.0468 valid ndcg@10 0.0387 recall@20 0.1139 *
[vgames_lightgcn_d64_l2] epoch 100 loss 0.0445 valid ndcg@10 0.0392 recall@20 0.1157 *
[vgames_lightgcn_d64_l2] epoch 105 loss 0.0417 valid ndcg@10 0.0397 recall@20 0.1169 *
[vgames_lightgcn_d64_l2] epoch 110 loss 0.0395 valid ndcg@10 0.0402 recall@20 0.1179 *
[vgames_lightgcn_d64_l2] epoch 115 loss 0.0379 valid ndcg@10 0.0407 recall@20 0.1187 *
[vgames_lightgcn_d64_l2] epoch 120 loss 0.0363 valid ndcg@10 0.0412 recall@20 0.1198 *
[vgames_lightgcn_d64_l2] epoch 125 loss 0.0343 valid ndcg@10 0.0416 recall@20 0.1206 *
[vgames_lightgcn_d64_l2] epoch 130 loss 0.0327 valid ndcg@10 0.0421 recall@20 0.1218 *
[vgames_lightgcn_d64_l2] epoch 135 loss 0.0311 valid ndcg@10 0.0426 recall@20 0.1221 *
[vgames_lightgcn_d64_l2] epoch 140 loss 0.0299 valid ndcg@10 0.0429 recall@20 0.1234 *
[vgames_lightgcn_d64_l2] epoch 145 loss 0.0292 valid ndcg@10 0.0433 recall@20 0.1244 *
[vgames_lightgcn_d64_l2] epoch 150 loss 0.0277 valid ndcg@10 0.0436 recall@20 0.1251 *
[vgames_lightgcn_d64_l2] epoch 155 loss 0.0270 valid ndcg@10 0.0438 recall@20 0.1257 *
[vgames_lightgcn_d64_l2] epoch 160 loss 0.0258 valid ndcg@10 0.0442 recall@20 0.1264 *
[vgames_lightgcn_d64_l2] epoch 165 loss 0.0251 valid ndcg@10 0.0445 recall@20 0.1271 *
[vgames_lightgcn_d64_l2] epoch 170 loss 0.0241 valid ndcg@10 0.0448 recall@20 0.1274 *
[vgames_lightgcn_d64_l2] epoch 175 loss 0.0236 valid ndcg@10 0.0451 recall@20 0.1278 *
[vgames_lightgcn_d64_l2] epoch 180 loss 0.0226 valid ndcg@10 0.0452 recall@20 0.1283 *
[vgames_lightgcn_d64_l2] epoch 185 loss 0.0224 valid ndcg@10 0.0455 recall@20 0.1286 *
[vgames_lightgcn_d64_l2] epoch 190 loss 0.0218 valid ndcg@10 0.0457 recall@20 0.1292 *
[vgames_lightgcn_d64_l2] epoch 195 loss 0.0212 valid ndcg@10 0.0459 recall@20 0.1302 *
[vgames_lightgcn_d64_l2] epoch 200 loss 0.0207 valid ndcg@10 0.0461 recall@20 0.1297 *
[vgames_lightgcn_d64_l2] epoch 205 loss 0.0202 valid ndcg@10 0.0461 recall@20 0.1301 *
[vgames_lightgcn_d64_l2] epoch 210 loss 0.0198 valid ndcg@10 0.0463 recall@20 0.1302 *
[vgames_lightgcn_d64_l2] epoch 215 loss 0.0193 valid ndcg@10 0.0466 recall@20 0.1303 *
[vgames_lightgcn_d64_l2] epoch 220 loss 0.0188 valid ndcg@10 0.0465 recall@20 0.1307
[vgames_lightgcn_d64_l2] epoch 225 loss 0.0187 valid ndcg@10 0.0466 recall@20 0.1314 *
[vgames_lightgcn_d64_l2] epoch 230 loss 0.0181 valid ndcg@10 0.0467 recall@20 0.1316 *
[vgames_lightgcn_d64_l2] epoch 235 loss 0.0176 valid ndcg@10 0.0468 recall@20 0.1312 *
[vgames_lightgcn_d64_l2] epoch 240 loss 0.0174 valid ndcg@10 0.0468 recall@20 0.1318 *
[vgames_lightgcn_d64_l2] epoch 245 loss 0.0171 valid ndcg@10 0.0470 recall@20 0.1316 *
[vgames_lightgcn_d64_l2] epoch 250 loss 0.0169 valid ndcg@10 0.0470 recall@20 0.1318
[vgames_lightgcn_d64_l2] epoch 255 loss 0.0166 valid ndcg@10 0.0471 recall@20 0.1322 *
[vgames_lightgcn_d64_l2] epoch 260 loss 0.0163 valid ndcg@10 0.0472 recall@20 0.1319 *
[vgames_lightgcn_d64_l2] epoch 265 loss 0.0160 valid ndcg@10 0.0474 recall@20 0.1322 *
[vgames_lightgcn_d64_l2] epoch 270 loss 0.0159 valid ndcg@10 0.0473 recall@20 0.1322
[vgames_lightgcn_d64_l2] epoch 275 loss 0.0154 valid ndcg@10 0.0474 recall@20 0.1325 *
[vgames_lightgcn_d64_l2] epoch 280 loss 0.0155 valid ndcg@10 0.0475 recall@20 0.1326 *
[vgames_lightgcn_d64_l2] epoch 285 loss 0.0152 valid ndcg@10 0.0475 recall@20 0.1325
[vgames_lightgcn_d64_l2] epoch 290 loss 0.0152 valid ndcg@10 0.0477 recall@20 0.1329 *
[vgames_lightgcn_d64_l2] epoch 295 loss 0.0148 valid ndcg@10 0.0476 recall@20 0.1327
[vgames_lightgcn_d64_l2] epoch 300 loss 0.0149 valid ndcg@10 0.0476 recall@20 0.1330
[vgames_lightgcn_d64_l2] TEST {"recall@10": 0.08768484117279995, "ndcg@10": 0.047860774042190336, "recall@20": 0.13282824381181335, "ndcg@20": 0.059559203679794816} -> /home/ubuntu/movielens-data/project1/results/vgames_lightgcn_d64_l2.json
/opt/pytorch/lib/python3.12/site-packages/torch/cuda/__init__.py:61: FutureWarning: The pynvml package is deprecated. Please install nvidia-ml-py instead. If you did not install pynvml directly, please report this to the maintainers of the package that installed pynvml for you.
  import pynvml  # type: ignore[import]
[ml-1m_lightgcn_d64_l4] epoch   5 loss 0.4621 valid ndcg@10 0.1099 recall@20 0.1137 *
[ml-1m_lightgcn_d64_l4] epoch  10 loss 0.4478 valid ndcg@10 0.1102 recall@20 0.1139 *
[ml-1m_lightgcn_d64_l4] epoch  15 loss 0.4357 valid ndcg@10 0.1103 recall@20 0.1139 *
[ml-1m_lightgcn_d64_l4] epoch  20 loss 0.4289 valid ndcg@10 0.1101 recall@20 0.1141
[ml-1m_lightgcn_d64_l4] epoch  25 loss 0.4234 valid ndcg@10 0.1099 recall@20 0.1136
[ml-1m_lightgcn_d64_l4] epoch  30 loss 0.4200 valid ndcg@10 0.1105 recall@20 0.1143 *
[ml-1m_lightgcn_d64_l4] epoch  35 loss 0.4148 valid ndcg@10 0.1115 recall@20 0.1151 *
[ml-1m_lightgcn_d64_l4] epoch  40 loss 0.4037 valid ndcg@10 0.1173 recall@20 0.1190 *
[ml-1m_lightgcn_d64_l4] epoch  45 loss 0.3863 valid ndcg@10 0.1235 recall@20 0.1251 *
[ml-1m_lightgcn_d64_l4] epoch  50 loss 0.3765 valid ndcg@10 0.1263 recall@20 0.1304 *
[ml-1m_lightgcn_d64_l4] epoch  55 loss 0.3679 valid ndcg@10 0.1315 recall@20 0.1348 *
[ml-1m_lightgcn_d64_l4] epoch  60 loss 0.3580 valid ndcg@10 0.1406 recall@20 0.1423 *
[ml-1m_lightgcn_d64_l4] epoch  65 loss 0.3511 valid ndcg@10 0.1467 recall@20 0.1493 *
[ml-1m_lightgcn_d64_l4] epoch  70 loss 0.3462 valid ndcg@10 0.1497 recall@20 0.1529 *
[ml-1m_lightgcn_d64_l4] epoch  75 loss 0.3430 valid ndcg@10 0.1518 recall@20 0.1547 *
[ml-1m_lightgcn_d64_l4] epoch  80 loss 0.3376 valid ndcg@10 0.1544 recall@20 0.1588 *
[ml-1m_lightgcn_d64_l4] epoch  85 loss 0.3311 valid ndcg@10 0.1583 recall@20 0.1631 *
[ml-1m_lightgcn_d64_l4] epoch  90 loss 0.3268 valid ndcg@10 0.1614 recall@20 0.1657 *
[ml-1m_lightgcn_d64_l4] epoch  95 loss 0.3219 valid ndcg@10 0.1640 recall@20 0.1682 *
[ml-1m_lightgcn_d64_l4] epoch 100 loss 0.3188 valid ndcg@10 0.1661 recall@20 0.1700 *
[ml-1m_lightgcn_d64_l4] epoch 105 loss 0.3158 valid ndcg@10 0.1670 recall@20 0.1727 *
[ml-1m_lightgcn_d64_l4] epoch 110 loss 0.3147 valid ndcg@10 0.1682 recall@20 0.1744 *
[ml-1m_lightgcn_d64_l4] epoch 115 loss 0.3130 valid ndcg@10 0.1690 recall@20 0.1756 *
[ml-1m_lightgcn_d64_l4] epoch 120 loss 0.3107 valid ndcg@10 0.1714 recall@20 0.1774 *
[ml-1m_lightgcn_d64_l4] epoch 125 loss 0.3091 valid ndcg@10 0.1737 recall@20 0.1796 *
[ml-1m_lightgcn_d64_l4] epoch 130 loss 0.3069 valid ndcg@10 0.1750 recall@20 0.1811 *
[ml-1m_lightgcn_d64_l4] epoch 135 loss 0.3044 valid ndcg@10 0.1765 recall@20 0.1838 *
[ml-1m_lightgcn_d64_l4] epoch 140 loss 0.3024 valid ndcg@10 0.1790 recall@20 0.1866 *
[ml-1m_lightgcn_d64_l4] epoch 145 loss 0.3014 valid ndcg@10 0.1802 recall@20 0.1885 *
[ml-1m_lightgcn_d64_l4] epoch 150 loss 0.2993 valid ndcg@10 0.1825 recall@20 0.1924 *
[ml-1m_lightgcn_d64_l4] epoch 155 loss 0.2971 valid ndcg@10 0.1839 recall@20 0.1956 *
[ml-1m_lightgcn_d64_l4] epoch 160 loss 0.2954 valid ndcg@10 0.1855 recall@20 0.1976 *
[ml-1m_lightgcn_d64_l4] epoch 165 loss 0.2934 valid ndcg@10 0.1876 recall@20 0.1989 *
[ml-1m_lightgcn_d64_l4] epoch 170 loss 0.2923 valid ndcg@10 0.1877 recall@20 0.1988 *
[ml-1m_lightgcn_d64_l4] epoch 175 loss 0.2905 valid ndcg@10 0.1882 recall@20 0.2000 *
[ml-1m_lightgcn_d64_l4] epoch 180 loss 0.2902 valid ndcg@10 0.1891 recall@20 0.2020 *
[ml-1m_lightgcn_d64_l4] epoch 185 loss 0.2884 valid ndcg@10 0.1901 recall@20 0.2037 *
[ml-1m_lightgcn_d64_l4] epoch 190 loss 0.2865 valid ndcg@10 0.1907 recall@20 0.2047 *
[ml-1m_lightgcn_d64_l4] epoch 195 loss 0.2856 valid ndcg@10 0.1917 recall@20 0.2057 *
[ml-1m_lightgcn_d64_l4] epoch 200 loss 0.2847 valid ndcg@10 0.1926 recall@20 0.2077 *
[ml-1m_lightgcn_d64_l4] epoch 205 loss 0.2840 valid ndcg@10 0.1929 recall@20 0.2091 *
[ml-1m_lightgcn_d64_l4] epoch 210 loss 0.2818 valid ndcg@10 0.1935 recall@20 0.2100 *
[ml-1m_lightgcn_d64_l4] epoch 215 loss 0.2814 valid ndcg@10 0.1948 recall@20 0.2104 *
[ml-1m_lightgcn_d64_l4] epoch 220 loss 0.2804 valid ndcg@10 0.1946 recall@20 0.2120
[ml-1m_lightgcn_d64_l4] epoch 225 loss 0.2794 valid ndcg@10 0.1951 recall@20 0.2136 *
[ml-1m_lightgcn_d64_l4] epoch 230 loss 0.2783 valid ndcg@10 0.1947 recall@20 0.2142
[ml-1m_lightgcn_d64_l4] epoch 235 loss 0.2778 valid ndcg@10 0.1956 recall@20 0.2137 *
[ml-1m_lightgcn_d64_l4] epoch 240 loss 0.2771 valid ndcg@10 0.1958 recall@20 0.2145 *
[ml-1m_lightgcn_d64_l4] epoch 245 loss 0.2755 valid ndcg@10 0.1968 recall@20 0.2153 *
[ml-1m_lightgcn_d64_l4] epoch 250 loss 0.2752 valid ndcg@10 0.1969 recall@20 0.2156 *
[ml-1m_lightgcn_d64_l4] epoch 255 loss 0.2743 valid ndcg@10 0.1970 recall@20 0.2161 *
[ml-1m_lightgcn_d64_l4] epoch 260 loss 0.2742 valid ndcg@10 0.1973 recall@20 0.2165 *
[ml-1m_lightgcn_d64_l4] epoch 265 loss 0.2731 valid ndcg@10 0.1978 recall@20 0.2170 *
[ml-1m_lightgcn_d64_l4] epoch 270 loss 0.2723 valid ndcg@10 0.1975 recall@20 0.2181
[ml-1m_lightgcn_d64_l4] epoch 275 loss 0.2726 valid ndcg@10 0.1968 recall@20 0.2181
[ml-1m_lightgcn_d64_l4] epoch 280 loss 0.2710 valid ndcg@10 0.1984 recall@20 0.2186 *
[ml-1m_lightgcn_d64_l4] epoch 285 loss 0.2705 valid ndcg@10 0.1983 recall@20 0.2194
[ml-1m_lightgcn_d64_l4] epoch 290 loss 0.2706 valid ndcg@10 0.1987 recall@20 0.2187 *
[ml-1m_lightgcn_d64_l4] epoch 295 loss 0.2702 valid ndcg@10 0.1987 recall@20 0.2189 *
[ml-1m_lightgcn_d64_l4] epoch 300 loss 0.2681 valid ndcg@10 0.1984 recall@20 0.2191
[ml-1m_lightgcn_d64_l4] TEST {"recall@10": 0.16037859408456392, "ndcg@10": 0.2536909911857536, "recall@20": 0.24344441475675835, "ndcg@20": 0.2588593386847811} -> /home/ubuntu/movielens-data/project1/results/ml-1m_lightgcn_d64_l4.json
/opt/pytorch/lib/python3.12/site-packages/torch/cuda/__init__.py:61: FutureWarning: The pynvml package is deprecated. Please install nvidia-ml-py instead. If you did not install pynvml directly, please report this to the maintainers of the package that installed pynvml for you.
  import pynvml  # type: ignore[import]
[vgames_lightgcn_d64_l4] epoch   5 loss 0.4352 valid ndcg@10 0.0144 recall@20 0.0442 *
[vgames_lightgcn_d64_l4] epoch  10 loss 0.3297 valid ndcg@10 0.0155 recall@20 0.0486 *
[vgames_lightgcn_d64_l4] epoch  15 loss 0.2753 valid ndcg@10 0.0177 recall@20 0.0540 *
[vgames_lightgcn_d64_l4] epoch  20 loss 0.2391 valid ndcg@10 0.0194 recall@20 0.0594 *
[vgames_lightgcn_d64_l4] epoch  25 loss 0.2191 valid ndcg@10 0.0204 recall@20 0.0629 *
[vgames_lightgcn_d64_l4] epoch  30 loss 0.2025 valid ndcg@10 0.0212 recall@20 0.0652 *
[vgames_lightgcn_d64_l4] epoch  35 loss 0.1896 valid ndcg@10 0.0219 recall@20 0.0681 *
[vgames_lightgcn_d64_l4] epoch  40 loss 0.1758 valid ndcg@10 0.0229 recall@20 0.0715 *
[vgames_lightgcn_d64_l4] epoch  45 loss 0.1638 valid ndcg@10 0.0242 recall@20 0.0746 *
[vgames_lightgcn_d64_l4] epoch  50 loss 0.1528 valid ndcg@10 0.0253 recall@20 0.0775 *
[vgames_lightgcn_d64_l4] epoch  55 loss 0.1426 valid ndcg@10 0.0264 recall@20 0.0804 *
[vgames_lightgcn_d64_l4] epoch  60 loss 0.1340 valid ndcg@10 0.0274 recall@20 0.0823 *
[vgames_lightgcn_d64_l4] epoch  65 loss 0.1271 valid ndcg@10 0.0281 recall@20 0.0842 *
[vgames_lightgcn_d64_l4] epoch  70 loss 0.1198 valid ndcg@10 0.0289 recall@20 0.0864 *
[vgames_lightgcn_d64_l4] epoch  75 loss 0.1139 valid ndcg@10 0.0297 recall@20 0.0885 *
[vgames_lightgcn_d64_l4] epoch  80 loss 0.1075 valid ndcg@10 0.0303 recall@20 0.0908 *
[vgames_lightgcn_d64_l4] epoch  85 loss 0.1017 valid ndcg@10 0.0308 recall@20 0.0924 *
[vgames_lightgcn_d64_l4] epoch  90 loss 0.0962 valid ndcg@10 0.0314 recall@20 0.0940 *
[vgames_lightgcn_d64_l4] epoch  95 loss 0.0913 valid ndcg@10 0.0321 recall@20 0.0957 *
[vgames_lightgcn_d64_l4] epoch 100 loss 0.0871 valid ndcg@10 0.0326 recall@20 0.0975 *
[vgames_lightgcn_d64_l4] epoch 105 loss 0.0822 valid ndcg@10 0.0333 recall@20 0.0993 *
[vgames_lightgcn_d64_l4] epoch 110 loss 0.0790 valid ndcg@10 0.0340 recall@20 0.1007 *
[vgames_lightgcn_d64_l4] epoch 115 loss 0.0757 valid ndcg@10 0.0344 recall@20 0.1025 *
[vgames_lightgcn_d64_l4] epoch 120 loss 0.0730 valid ndcg@10 0.0350 recall@20 0.1036 *
[vgames_lightgcn_d64_l4] epoch 125 loss 0.0694 valid ndcg@10 0.0355 recall@20 0.1052 *
[vgames_lightgcn_d64_l4] epoch 130 loss 0.0664 valid ndcg@10 0.0361 recall@20 0.1069 *
[vgames_lightgcn_d64_l4] epoch 135 loss 0.0635 valid ndcg@10 0.0365 recall@20 0.1086 *
[vgames_lightgcn_d64_l4] epoch 140 loss 0.0612 valid ndcg@10 0.0370 recall@20 0.1099 *
[vgames_lightgcn_d64_l4] epoch 145 loss 0.0595 valid ndcg@10 0.0373 recall@20 0.1110 *
[vgames_lightgcn_d64_l4] epoch 150 loss 0.0566 valid ndcg@10 0.0378 recall@20 0.1122 *
[vgames_lightgcn_d64_l4] epoch 155 loss 0.0552 valid ndcg@10 0.0380 recall@20 0.1130 *
[vgames_lightgcn_d64_l4] epoch 160 loss 0.0531 valid ndcg@10 0.0384 recall@20 0.1143 *
[vgames_lightgcn_d64_l4] epoch 165 loss 0.0513 valid ndcg@10 0.0388 recall@20 0.1149 *
[vgames_lightgcn_d64_l4] epoch 170 loss 0.0496 valid ndcg@10 0.0392 recall@20 0.1157 *
[vgames_lightgcn_d64_l4] epoch 175 loss 0.0482 valid ndcg@10 0.0396 recall@20 0.1165 *
[vgames_lightgcn_d64_l4] epoch 180 loss 0.0464 valid ndcg@10 0.0400 recall@20 0.1173 *
[vgames_lightgcn_d64_l4] epoch 185 loss 0.0456 valid ndcg@10 0.0403 recall@20 0.1179 *
[vgames_lightgcn_d64_l4] epoch 190 loss 0.0446 valid ndcg@10 0.0406 recall@20 0.1188 *
[vgames_lightgcn_d64_l4] epoch 195 loss 0.0431 valid ndcg@10 0.0409 recall@20 0.1195 *
[vgames_lightgcn_d64_l4] epoch 200 loss 0.0419 valid ndcg@10 0.0411 recall@20 0.1200 *
[vgames_lightgcn_d64_l4] epoch 205 loss 0.0410 valid ndcg@10 0.0414 recall@20 0.1206 *
[vgames_lightgcn_d64_l4] epoch 210 loss 0.0402 valid ndcg@10 0.0418 recall@20 0.1212 *
[vgames_lightgcn_d64_l4] epoch 215 loss 0.0390 valid ndcg@10 0.0421 recall@20 0.1220 *
[vgames_lightgcn_d64_l4] epoch 220 loss 0.0380 valid ndcg@10 0.0423 recall@20 0.1223 *
[vgames_lightgcn_d64_l4] epoch 225 loss 0.0376 valid ndcg@10 0.0425 recall@20 0.1229 *
[vgames_lightgcn_d64_l4] epoch 230 loss 0.0362 valid ndcg@10 0.0428 recall@20 0.1234 *
[vgames_lightgcn_d64_l4] epoch 235 loss 0.0354 valid ndcg@10 0.0430 recall@20 0.1242 *
[vgames_lightgcn_d64_l4] epoch 240 loss 0.0348 valid ndcg@10 0.0432 recall@20 0.1248 *
[vgames_lightgcn_d64_l4] epoch 245 loss 0.0342 valid ndcg@10 0.0434 recall@20 0.1251 *
[vgames_lightgcn_d64_l4] epoch 250 loss 0.0337 valid ndcg@10 0.0436 recall@20 0.1256 *
[vgames_lightgcn_d64_l4] epoch 255 loss 0.0329 valid ndcg@10 0.0438 recall@20 0.1260 *
[vgames_lightgcn_d64_l4] epoch 260 loss 0.0322 valid ndcg@10 0.0439 recall@20 0.1266 *
[vgames_lightgcn_d64_l4] epoch 265 loss 0.0316 valid ndcg@10 0.0442 recall@20 0.1269 *
[vgames_lightgcn_d64_l4] epoch 270 loss 0.0311 valid ndcg@10 0.0444 recall@20 0.1273 *
[vgames_lightgcn_d64_l4] epoch 275 loss 0.0302 valid ndcg@10 0.0446 recall@20 0.1279 *
[vgames_lightgcn_d64_l4] epoch 280 loss 0.0302 valid ndcg@10 0.0448 recall@20 0.1282 *
[vgames_lightgcn_d64_l4] epoch 285 loss 0.0298 valid ndcg@10 0.0450 recall@20 0.1289 *
[vgames_lightgcn_d64_l4] epoch 290 loss 0.0294 valid ndcg@10 0.0452 recall@20 0.1294 *
[vgames_lightgcn_d64_l4] epoch 295 loss 0.0287 valid ndcg@10 0.0453 recall@20 0.1298 *
[vgames_lightgcn_d64_l4] epoch 300 loss 0.0286 valid ndcg@10 0.0454 recall@20 0.1301 *
[vgames_lightgcn_d64_l4] TEST {"recall@10": 0.08494924417515698, "ndcg@10": 0.045670234140731104, "recall@20": 0.1298190368970562, "ndcg@20": 0.05729371775095184} -> /home/ubuntu/movielens-data/project1/results/vgames_lightgcn_d64_l4.json
/opt/pytorch/lib/python3.12/site-packages/torch/cuda/__init__.py:61: FutureWarning: The pynvml package is deprecated. Please install nvidia-ml-py instead. If you did not install pynvml directly, please report this to the maintainers of the package that installed pynvml for you.
  import pynvml  # type: ignore[import]
[ml-1m_mf_d16] epoch   5 loss 0.4289 valid ndcg@10 0.1112 recall@20 0.1130 *
[ml-1m_mf_d16] epoch  10 loss 0.4086 valid ndcg@10 0.1121 recall@20 0.1142 *
[ml-1m_mf_d16] epoch  15 loss 0.3888 valid ndcg@10 0.1187 recall@20 0.1201 *
[ml-1m_mf_d16] epoch  20 loss 0.3648 valid ndcg@10 0.1314 recall@20 0.1297 *
[ml-1m_mf_d16] epoch  25 loss 0.3459 valid ndcg@10 0.1415 recall@20 0.1384 *
[ml-1m_mf_d16] epoch  30 loss 0.3331 valid ndcg@10 0.1489 recall@20 0.1484 *
[ml-1m_mf_d16] epoch  35 loss 0.3222 valid ndcg@10 0.1570 recall@20 0.1578 *
[ml-1m_mf_d16] epoch  40 loss 0.3132 valid ndcg@10 0.1628 recall@20 0.1667 *
[ml-1m_mf_d16] epoch  45 loss 0.3044 valid ndcg@10 0.1694 recall@20 0.1731 *
[ml-1m_mf_d16] epoch  50 loss 0.2981 valid ndcg@10 0.1732 recall@20 0.1787 *
[ml-1m_mf_d16] epoch  55 loss 0.2911 valid ndcg@10 0.1779 recall@20 0.1839 *
[ml-1m_mf_d16] epoch  60 loss 0.2861 valid ndcg@10 0.1792 recall@20 0.1891 *
[ml-1m_mf_d16] epoch  65 loss 0.2828 valid ndcg@10 0.1801 recall@20 0.1911 *
[ml-1m_mf_d16] epoch  70 loss 0.2793 valid ndcg@10 0.1809 recall@20 0.1933 *
[ml-1m_mf_d16] epoch  75 loss 0.2773 valid ndcg@10 0.1811 recall@20 0.1945 *
[ml-1m_mf_d16] epoch  80 loss 0.2738 valid ndcg@10 0.1818 recall@20 0.1955 *
[ml-1m_mf_d16] epoch  85 loss 0.2707 valid ndcg@10 0.1827 recall@20 0.1980 *
[ml-1m_mf_d16] epoch  90 loss 0.2687 valid ndcg@10 0.1821 recall@20 0.1993
[ml-1m_mf_d16] epoch  95 loss 0.2648 valid ndcg@10 0.1835 recall@20 0.2003 *
[ml-1m_mf_d16] epoch 100 loss 0.2630 valid ndcg@10 0.1833 recall@20 0.2011
[ml-1m_mf_d16] epoch 105 loss 0.2605 valid ndcg@10 0.1836 recall@20 0.2019 *
[ml-1m_mf_d16] epoch 110 loss 0.2596 valid ndcg@10 0.1841 recall@20 0.2040 *
[ml-1m_mf_d16] epoch 115 loss 0.2582 valid ndcg@10 0.1837 recall@20 0.2035
[ml-1m_mf_d16] epoch 120 loss 0.2565 valid ndcg@10 0.1846 recall@20 0.2049 *
[ml-1m_mf_d16] epoch 125 loss 0.2552 valid ndcg@10 0.1825 recall@20 0.2038
[ml-1m_mf_d16] epoch 130 loss 0.2543 valid ndcg@10 0.1821 recall@20 0.2050
[ml-1m_mf_d16] epoch 135 loss 0.2526 valid ndcg@10 0.1820 recall@20 0.2039
[ml-1m_mf_d16] epoch 140 loss 0.2518 valid ndcg@10 0.1820 recall@20 0.2057
[ml-1m_mf_d16] epoch 145 loss 0.2515 valid ndcg@10 0.1810 recall@20 0.2061
[ml-1m_mf_d16] epoch 150 loss 0.2506 valid ndcg@10 0.1794 recall@20 0.2067
[ml-1m_mf_d16] early stop at epoch 150
[ml-1m_mf_d16] TEST {"recall@10": 0.14765265115228485, "ndcg@10": 0.23399364962501845, "recall@20": 0.2272684248002866, "ndcg@20": 0.24077132852975325} -> /home/ubuntu/movielens-data/project1/results/ml-1m_mf_d16.json
/opt/pytorch/lib/python3.12/site-packages/torch/cuda/__init__.py:61: FutureWarning: The pynvml package is deprecated. Please install nvidia-ml-py instead. If you did not install pynvml directly, please report this to the maintainers of the package that installed pynvml for you.
  import pynvml  # type: ignore[import]
[ml-1m_lightgcn_d16_l3] epoch   5 loss 0.5508 valid ndcg@10 0.1097 recall@20 0.1136 *
[ml-1m_lightgcn_d16_l3] epoch  10 loss 0.4520 valid ndcg@10 0.1098 recall@20 0.1136 *
[ml-1m_lightgcn_d16_l3] epoch  15 loss 0.4407 valid ndcg@10 0.1101 recall@20 0.1137 *
[ml-1m_lightgcn_d16_l3] epoch  20 loss 0.4343 valid ndcg@10 0.1099 recall@20 0.1138
[ml-1m_lightgcn_d16_l3] epoch  25 loss 0.4287 valid ndcg@10 0.1099 recall@20 0.1137
[ml-1m_lightgcn_d16_l3] epoch  30 loss 0.4254 valid ndcg@10 0.1099 recall@20 0.1137
[ml-1m_lightgcn_d16_l3] epoch  35 loss 0.4227 valid ndcg@10 0.1099 recall@20 0.1135
[ml-1m_lightgcn_d16_l3] epoch  40 loss 0.4212 valid ndcg@10 0.1100 recall@20 0.1140
[ml-1m_lightgcn_d16_l3] epoch  45 loss 0.4184 valid ndcg@10 0.1101 recall@20 0.1141 *
[ml-1m_lightgcn_d16_l3] epoch  50 loss 0.4164 valid ndcg@10 0.1105 recall@20 0.1144 *
[ml-1m_lightgcn_d16_l3] epoch  55 loss 0.4124 valid ndcg@10 0.1112 recall@20 0.1148 *
[ml-1m_lightgcn_d16_l3] epoch  60 loss 0.4049 valid ndcg@10 0.1140 recall@20 0.1167 *
[ml-1m_lightgcn_d16_l3] epoch  65 loss 0.3945 valid ndcg@10 0.1182 recall@20 0.1202 *
[ml-1m_lightgcn_d16_l3] epoch  70 loss 0.3835 valid ndcg@10 0.1230 recall@20 0.1247 *
[ml-1m_lightgcn_d16_l3] epoch  75 loss 0.3766 valid ndcg@10 0.1255 recall@20 0.1289 *
[ml-1m_lightgcn_d16_l3] epoch  80 loss 0.3710 valid ndcg@10 0.1285 recall@20 0.1315 *
[ml-1m_lightgcn_d16_l3] epoch  85 loss 0.3638 valid ndcg@10 0.1332 recall@20 0.1356 *
[ml-1m_lightgcn_d16_l3] epoch  90 loss 0.3583 valid ndcg@10 0.1387 recall@20 0.1403 *
[ml-1m_lightgcn_d16_l3] epoch  95 loss 0.3524 valid ndcg@10 0.1432 recall@20 0.1449 *
[ml-1m_lightgcn_d16_l3] epoch 100 loss 0.3486 valid ndcg@10 0.1461 recall@20 0.1482 *
[ml-1m_lightgcn_d16_l3] epoch 105 loss 0.3456 valid ndcg@10 0.1470 recall@20 0.1504 *
[ml-1m_lightgcn_d16_l3] epoch 110 loss 0.3444 valid ndcg@10 0.1485 recall@20 0.1514 *
[ml-1m_lightgcn_d16_l3] epoch 115 loss 0.3425 valid ndcg@10 0.1496 recall@20 0.1526 *
[ml-1m_lightgcn_d16_l3] epoch 120 loss 0.3396 valid ndcg@10 0.1509 recall@20 0.1535 *
[ml-1m_lightgcn_d16_l3] epoch 125 loss 0.3369 valid ndcg@10 0.1525 recall@20 0.1565 *
[ml-1m_lightgcn_d16_l3] epoch 130 loss 0.3330 valid ndcg@10 0.1549 recall@20 0.1588 *
[ml-1m_lightgcn_d16_l3] epoch 135 loss 0.3285 valid ndcg@10 0.1572 recall@20 0.1611 *
[ml-1m_lightgcn_d16_l3] epoch 140 loss 0.3247 valid ndcg@10 0.1598 recall@20 0.1644 *
[ml-1m_lightgcn_d16_l3] epoch 145 loss 0.3222 valid ndcg@10 0.1621 recall@20 0.1666 *
[ml-1m_lightgcn_d16_l3] epoch 150 loss 0.3193 valid ndcg@10 0.1642 recall@20 0.1685 *
[ml-1m_lightgcn_d16_l3] epoch 155 loss 0.3169 valid ndcg@10 0.1658 recall@20 0.1708 *
[ml-1m_lightgcn_d16_l3] epoch 160 loss 0.3149 valid ndcg@10 0.1669 recall@20 0.1724 *
[ml-1m_lightgcn_d16_l3] epoch 165 loss 0.3125 valid ndcg@10 0.1681 recall@20 0.1740 *
[ml-1m_lightgcn_d16_l3] epoch 170 loss 0.3115 valid ndcg@10 0.1696 recall@20 0.1749 *
[ml-1m_lightgcn_d16_l3] epoch 175 loss 0.3094 valid ndcg@10 0.1702 recall@20 0.1758 *
[ml-1m_lightgcn_d16_l3] epoch 180 loss 0.3092 valid ndcg@10 0.1710 recall@20 0.1780 *
[ml-1m_lightgcn_d16_l3] epoch 185 loss 0.3071 valid ndcg@10 0.1726 recall@20 0.1794 *
[ml-1m_lightgcn_d16_l3] epoch 190 loss 0.3049 valid ndcg@10 0.1737 recall@20 0.1803 *
[ml-1m_lightgcn_d16_l3] epoch 195 loss 0.3041 valid ndcg@10 0.1749 recall@20 0.1811 *
[ml-1m_lightgcn_d16_l3] epoch 200 loss 0.3031 valid ndcg@10 0.1758 recall@20 0.1824 *
[ml-1m_lightgcn_d16_l3] epoch 205 loss 0.3020 valid ndcg@10 0.1773 recall@20 0.1846 *
[ml-1m_lightgcn_d16_l3] epoch 210 loss 0.2999 valid ndcg@10 0.1780 recall@20 0.1856 *
[ml-1m_lightgcn_d16_l3] epoch 215 loss 0.2991 valid ndcg@10 0.1795 recall@20 0.1875 *
[ml-1m_lightgcn_d16_l3] epoch 220 loss 0.2980 valid ndcg@10 0.1801 recall@20 0.1894 *
[ml-1m_lightgcn_d16_l3] epoch 225 loss 0.2967 valid ndcg@10 0.1817 recall@20 0.1907 *
[ml-1m_lightgcn_d16_l3] epoch 230 loss 0.2954 valid ndcg@10 0.1821 recall@20 0.1915 *
[ml-1m_lightgcn_d16_l3] epoch 235 loss 0.2950 valid ndcg@10 0.1825 recall@20 0.1926 *
[ml-1m_lightgcn_d16_l3] epoch 240 loss 0.2938 valid ndcg@10 0.1823 recall@20 0.1938
[ml-1m_lightgcn_d16_l3] epoch 245 loss 0.2924 valid ndcg@10 0.1832 recall@20 0.1945 *
[ml-1m_lightgcn_d16_l3] epoch 250 loss 0.2915 valid ndcg@10 0.1839 recall@20 0.1950 *
[ml-1m_lightgcn_d16_l3] epoch 255 loss 0.2902 valid ndcg@10 0.1843 recall@20 0.1966 *
[ml-1m_lightgcn_d16_l3] epoch 260 loss 0.2900 valid ndcg@10 0.1843 recall@20 0.1969 *
[ml-1m_lightgcn_d16_l3] epoch 265 loss 0.2890 valid ndcg@10 0.1853 recall@20 0.1968 *
[ml-1m_lightgcn_d16_l3] epoch 270 loss 0.2881 valid ndcg@10 0.1858 recall@20 0.1976 *
[ml-1m_lightgcn_d16_l3] epoch 275 loss 0.2884 valid ndcg@10 0.1858 recall@20 0.1973
[ml-1m_lightgcn_d16_l3] epoch 280 loss 0.2864 valid ndcg@10 0.1858 recall@20 0.1985
[ml-1m_lightgcn_d16_l3] epoch 285 loss 0.2860 valid ndcg@10 0.1866 recall@20 0.1991 *
[ml-1m_lightgcn_d16_l3] epoch 290 loss 0.2862 valid ndcg@10 0.1869 recall@20 0.1994 *
[ml-1m_lightgcn_d16_l3] epoch 295 loss 0.2852 valid ndcg@10 0.1876 recall@20 0.1996 *
[ml-1m_lightgcn_d16_l3] epoch 300 loss 0.2833 valid ndcg@10 0.1877 recall@20 0.2003 *
[ml-1m_lightgcn_d16_l3] TEST {"recall@10": 0.14610905078429043, "ndcg@10": 0.23772264246986247, "recall@20": 0.22085274937726987, "ndcg@20": 0.24037114825954747} -> /home/ubuntu/movielens-data/project1/results/ml-1m_lightgcn_d16_l3.json
/opt/pytorch/lib/python3.12/site-packages/torch/cuda/__init__.py:61: FutureWarning: The pynvml package is deprecated. Please install nvidia-ml-py instead. If you did not install pynvml directly, please report this to the maintainers of the package that installed pynvml for you.
  import pynvml  # type: ignore[import]
[vgames_mf_d16] epoch   5 loss 0.6444 valid ndcg@10 0.0158 recall@20 0.0491 *
[vgames_mf_d16] epoch  10 loss 0.4252 valid ndcg@10 0.0193 recall@20 0.0593 *
[vgames_mf_d16] epoch  15 loss 0.3190 valid ndcg@10 0.0210 recall@20 0.0642 *
[vgames_mf_d16] epoch  20 loss 0.2635 valid ndcg@10 0.0220 recall@20 0.0669 *
[vgames_mf_d16] epoch  25 loss 0.2276 valid ndcg@10 0.0229 recall@20 0.0686 *
[vgames_mf_d16] epoch  30 loss 0.1999 valid ndcg@10 0.0235 recall@20 0.0703 *
[vgames_mf_d16] epoch  35 loss 0.1790 valid ndcg@10 0.0239 recall@20 0.0717 *
[vgames_mf_d16] epoch  40 loss 0.1612 valid ndcg@10 0.0243 recall@20 0.0729 *
[vgames_mf_d16] epoch  45 loss 0.1463 valid ndcg@10 0.0246 recall@20 0.0739 *
[vgames_mf_d16] epoch  50 loss 0.1334 valid ndcg@10 0.0249 recall@20 0.0747 *
[vgames_mf_d16] epoch  55 loss 0.1221 valid ndcg@10 0.0250 recall@20 0.0749 *
[vgames_mf_d16] epoch  60 loss 0.1124 valid ndcg@10 0.0253 recall@20 0.0752 *
[vgames_mf_d16] epoch  65 loss 0.1050 valid ndcg@10 0.0254 recall@20 0.0759 *
[vgames_mf_d16] epoch  70 loss 0.0972 valid ndcg@10 0.0256 recall@20 0.0763 *
[vgames_mf_d16] epoch  75 loss 0.0908 valid ndcg@10 0.0258 recall@20 0.0767 *
[vgames_mf_d16] epoch  80 loss 0.0850 valid ndcg@10 0.0258 recall@20 0.0767 *
[vgames_mf_d16] epoch  85 loss 0.0794 valid ndcg@10 0.0257 recall@20 0.0766
[vgames_mf_d16] epoch  90 loss 0.0750 valid ndcg@10 0.0257 recall@20 0.0766
[vgames_mf_d16] epoch  95 loss 0.0706 valid ndcg@10 0.0259 recall@20 0.0771 *
[vgames_mf_d16] epoch 100 loss 0.0672 valid ndcg@10 0.0258 recall@20 0.0773
[vgames_mf_d16] epoch 105 loss 0.0635 valid ndcg@10 0.0259 recall@20 0.0774 *
[vgames_mf_d16] epoch 110 loss 0.0609 valid ndcg@10 0.0258 recall@20 0.0772
[vgames_mf_d16] epoch 115 loss 0.0584 valid ndcg@10 0.0258 recall@20 0.0772
[vgames_mf_d16] epoch 120 loss 0.0560 valid ndcg@10 0.0255 recall@20 0.0774
[vgames_mf_d16] epoch 125 loss 0.0535 valid ndcg@10 0.0257 recall@20 0.0770
[vgames_mf_d16] epoch 130 loss 0.0516 valid ndcg@10 0.0256 recall@20 0.0773
[vgames_mf_d16] epoch 135 loss 0.0497 valid ndcg@10 0.0258 recall@20 0.0773
[vgames_mf_d16] early stop at epoch 135
[vgames_mf_d16] TEST {"recall@10": 0.049749248385155015, "ndcg@10": 0.026264448992206094, "recall@20": 0.07831684267976313, "ndcg@20": 0.03365101012355593} -> /home/ubuntu/movielens-data/project1/results/vgames_mf_d16.json
/opt/pytorch/lib/python3.12/site-packages/torch/cuda/__init__.py:61: FutureWarning: The pynvml package is deprecated. Please install nvidia-ml-py instead. If you did not install pynvml directly, please report this to the maintainers of the package that installed pynvml for you.
  import pynvml  # type: ignore[import]
[vgames_lightgcn_d16_l3] epoch   5 loss 0.5953 valid ndcg@10 0.0162 recall@20 0.0483 *
[vgames_lightgcn_d16_l3] epoch  10 loss 0.3758 valid ndcg@10 0.0165 recall@20 0.0492 *
[vgames_lightgcn_d16_l3] epoch  15 loss 0.3070 valid ndcg@10 0.0173 recall@20 0.0521 *
[vgames_lightgcn_d16_l3] epoch  20 loss 0.2732 valid ndcg@10 0.0182 recall@20 0.0545 *
[vgames_lightgcn_d16_l3] epoch  25 loss 0.2536 valid ndcg@10 0.0188 recall@20 0.0569 *
[vgames_lightgcn_d16_l3] epoch  30 loss 0.2390 valid ndcg@10 0.0193 recall@20 0.0579 *
[vgames_lightgcn_d16_l3] epoch  35 loss 0.2301 valid ndcg@10 0.0198 recall@20 0.0592 *
[vgames_lightgcn_d16_l3] epoch  40 loss 0.2206 valid ndcg@10 0.0202 recall@20 0.0604 *
[vgames_lightgcn_d16_l3] epoch  45 loss 0.2119 valid ndcg@10 0.0206 recall@20 0.0621 *
[vgames_lightgcn_d16_l3] epoch  50 loss 0.2035 valid ndcg@10 0.0211 recall@20 0.0638 *
[vgames_lightgcn_d16_l3] epoch  55 loss 0.1953 valid ndcg@10 0.0217 recall@20 0.0656 *
[vgames_lightgcn_d16_l3] epoch  60 loss 0.1870 valid ndcg@10 0.0224 recall@20 0.0675 *
[vgames_lightgcn_d16_l3] epoch  65 loss 0.1804 valid ndcg@10 0.0229 recall@20 0.0694 *
[vgames_lightgcn_d16_l3] epoch  70 loss 0.1726 valid ndcg@10 0.0235 recall@20 0.0711 *
[vgames_lightgcn_d16_l3] epoch  75 loss 0.1659 valid ndcg@10 0.0241 recall@20 0.0728 *
[vgames_lightgcn_d16_l3] epoch  80 loss 0.1589 valid ndcg@10 0.0247 recall@20 0.0741 *
[vgames_lightgcn_d16_l3] epoch  85 loss 0.1529 valid ndcg@10 0.0251 recall@20 0.0756 *
[vgames_lightgcn_d16_l3] epoch  90 loss 0.1467 valid ndcg@10 0.0256 recall@20 0.0771 *
[vgames_lightgcn_d16_l3] epoch  95 loss 0.1413 valid ndcg@10 0.0260 recall@20 0.0780 *
[vgames_lightgcn_d16_l3] epoch 100 loss 0.1369 valid ndcg@10 0.0263 recall@20 0.0794 *
[vgames_lightgcn_d16_l3] epoch 105 loss 0.1311 valid ndcg@10 0.0266 recall@20 0.0805 *
[vgames_lightgcn_d16_l3] epoch 110 loss 0.1280 valid ndcg@10 0.0270 recall@20 0.0816 *
[vgames_lightgcn_d16_l3] epoch 115 loss 0.1240 valid ndcg@10 0.0274 recall@20 0.0827 *
[vgames_lightgcn_d16_l3] epoch 120 loss 0.1209 valid ndcg@10 0.0278 recall@20 0.0839 *
[vgames_lightgcn_d16_l3] epoch 125 loss 0.1166 valid ndcg@10 0.0281 recall@20 0.0847 *
[vgames_lightgcn_d16_l3] epoch 130 loss 0.1128 valid ndcg@10 0.0284 recall@20 0.0853 *
[vgames_lightgcn_d16_l3] epoch 135 loss 0.1093 valid ndcg@10 0.0287 recall@20 0.0860 *
[vgames_lightgcn_d16_l3] epoch 140 loss 0.1060 valid ndcg@10 0.0290 recall@20 0.0867 *
[vgames_lightgcn_d16_l3] epoch 145 loss 0.1033 valid ndcg@10 0.0293 recall@20 0.0878 *
[vgames_lightgcn_d16_l3] epoch 150 loss 0.0996 valid ndcg@10 0.0297 recall@20 0.0888 *
[vgames_lightgcn_d16_l3] epoch 155 loss 0.0975 valid ndcg@10 0.0300 recall@20 0.0897 *
[vgames_lightgcn_d16_l3] epoch 160 loss 0.0944 valid ndcg@10 0.0303 recall@20 0.0909 *
[vgames_lightgcn_d16_l3] epoch 165 loss 0.0919 valid ndcg@10 0.0307 recall@20 0.0920 *
[vgames_lightgcn_d16_l3] epoch 170 loss 0.0894 valid ndcg@10 0.0309 recall@20 0.0931 *
[vgames_lightgcn_d16_l3] epoch 175 loss 0.0866 valid ndcg@10 0.0312 recall@20 0.0942 *
[vgames_lightgcn_d16_l3] epoch 180 loss 0.0841 valid ndcg@10 0.0316 recall@20 0.0953 *
[vgames_lightgcn_d16_l3] epoch 185 loss 0.0828 valid ndcg@10 0.0318 recall@20 0.0959 *
[vgames_lightgcn_d16_l3] epoch 190 loss 0.0811 valid ndcg@10 0.0321 recall@20 0.0965 *
[vgames_lightgcn_d16_l3] epoch 195 loss 0.0788 valid ndcg@10 0.0324 recall@20 0.0974 *
[vgames_lightgcn_d16_l3] epoch 200 loss 0.0763 valid ndcg@10 0.0326 recall@20 0.0979 *
[vgames_lightgcn_d16_l3] epoch 205 loss 0.0752 valid ndcg@10 0.0329 recall@20 0.0985 *
[vgames_lightgcn_d16_l3] epoch 210 loss 0.0735 valid ndcg@10 0.0330 recall@20 0.0992 *
[vgames_lightgcn_d16_l3] epoch 215 loss 0.0717 valid ndcg@10 0.0333 recall@20 0.1000 *
[vgames_lightgcn_d16_l3] epoch 220 loss 0.0703 valid ndcg@10 0.0334 recall@20 0.1008 *
[vgames_lightgcn_d16_l3] epoch 225 loss 0.0693 valid ndcg@10 0.0337 recall@20 0.1015 *
[vgames_lightgcn_d16_l3] epoch 230 loss 0.0667 valid ndcg@10 0.0340 recall@20 0.1020 *
[vgames_lightgcn_d16_l3] epoch 235 loss 0.0656 valid ndcg@10 0.0341 recall@20 0.1029 *
[vgames_lightgcn_d16_l3] epoch 240 loss 0.0639 valid ndcg@10 0.0343 recall@20 0.1032 *
[vgames_lightgcn_d16_l3] epoch 245 loss 0.0633 valid ndcg@10 0.0345 recall@20 0.1037 *
[vgames_lightgcn_d16_l3] epoch 250 loss 0.0626 valid ndcg@10 0.0348 recall@20 0.1041 *
[vgames_lightgcn_d16_l3] epoch 255 loss 0.0610 valid ndcg@10 0.0350 recall@20 0.1046 *
[vgames_lightgcn_d16_l3] epoch 260 loss 0.0600 valid ndcg@10 0.0352 recall@20 0.1050 *
[vgames_lightgcn_d16_l3] epoch 265 loss 0.0588 valid ndcg@10 0.0354 recall@20 0.1054 *
[vgames_lightgcn_d16_l3] epoch 270 loss 0.0577 valid ndcg@10 0.0355 recall@20 0.1055 *
[vgames_lightgcn_d16_l3] epoch 275 loss 0.0563 valid ndcg@10 0.0357 recall@20 0.1059 *
[vgames_lightgcn_d16_l3] epoch 280 loss 0.0559 valid ndcg@10 0.0359 recall@20 0.1065 *
[vgames_lightgcn_d16_l3] epoch 285 loss 0.0554 valid ndcg@10 0.0361 recall@20 0.1068 *
[vgames_lightgcn_d16_l3] epoch 290 loss 0.0542 valid ndcg@10 0.0362 recall@20 0.1072 *
[vgames_lightgcn_d16_l3] epoch 295 loss 0.0528 valid ndcg@10 0.0363 recall@20 0.1077 *
[vgames_lightgcn_d16_l3] epoch 300 loss 0.0525 valid ndcg@10 0.0364 recall@20 0.1080 *
[vgames_lightgcn_d16_l3] TEST {"recall@10": 0.06879451701508116, "ndcg@10": 0.036643393820079376, "recall@20": 0.10917518662480036, "ndcg@20": 0.04703498144523474} -> /home/ubuntu/movielens-data/project1/results/vgames_lightgcn_d16_l3.json
/opt/pytorch/lib/python3.12/site-packages/torch/cuda/__init__.py:61: FutureWarning: The pynvml package is deprecated. Please install nvidia-ml-py instead. If you did not install pynvml directly, please report this to the maintainers of the package that installed pynvml for you.
  import pynvml  # type: ignore[import]
[ml-1m_mf_d32] epoch   5 loss 0.4101 valid ndcg@10 0.1170 recall@20 0.1177 *
[ml-1m_mf_d32] epoch  10 loss 0.3733 valid ndcg@10 0.1328 recall@20 0.1309 *
[ml-1m_mf_d32] epoch  15 loss 0.3473 valid ndcg@10 0.1454 recall@20 0.1433 *
[ml-1m_mf_d32] epoch  20 loss 0.3286 valid ndcg@10 0.1549 recall@20 0.1570 *
[ml-1m_mf_d32] epoch  25 loss 0.3129 valid ndcg@10 0.1651 recall@20 0.1691 *
[ml-1m_mf_d32] epoch  30 loss 0.3009 valid ndcg@10 0.1727 recall@20 0.1794 *
[ml-1m_mf_d32] epoch  35 loss 0.2914 valid ndcg@10 0.1792 recall@20 0.1885 *
[ml-1m_mf_d32] epoch  40 loss 0.2843 valid ndcg@10 0.1820 recall@20 0.1937 *
[ml-1m_mf_d32] epoch  45 loss 0.2769 valid ndcg@10 0.1843 recall@20 0.1992 *
[ml-1m_mf_d32] epoch  50 loss 0.2714 valid ndcg@10 0.1870 recall@20 0.2035 *
[ml-1m_mf_d32] epoch  55 loss 0.2649 valid ndcg@10 0.1876 recall@20 0.2055 *
[ml-1m_mf_d32] epoch  60 loss 0.2603 valid ndcg@10 0.1898 recall@20 0.2083 *
[ml-1m_mf_d32] epoch  65 loss 0.2569 valid ndcg@10 0.1891 recall@20 0.2101
[ml-1m_mf_d32] epoch  70 loss 0.2530 valid ndcg@10 0.1887 recall@20 0.2106
[ml-1m_mf_d32] epoch  75 loss 0.2508 valid ndcg@10 0.1888 recall@20 0.2117
[ml-1m_mf_d32] epoch  80 loss 0.2474 valid ndcg@10 0.1884 recall@20 0.2124
[ml-1m_mf_d32] epoch  85 loss 0.2440 valid ndcg@10 0.1897 recall@20 0.2126
[ml-1m_mf_d32] epoch  90 loss 0.2414 valid ndcg@10 0.1893 recall@20 0.2146
[ml-1m_mf_d32] early stop at epoch 90
[ml-1m_mf_d32] TEST {"recall@10": 0.1509764193846381, "ndcg@10": 0.2424268570241164, "recall@20": 0.22744686201074107, "ndcg@20": 0.24618811020713996} -> /home/ubuntu/movielens-data/project1/results/ml-1m_mf_d32.json
/opt/pytorch/lib/python3.12/site-packages/torch/cuda/__init__.py:61: FutureWarning: The pynvml package is deprecated. Please install nvidia-ml-py instead. If you did not install pynvml directly, please report this to the maintainers of the package that installed pynvml for you.
  import pynvml  # type: ignore[import]
[ml-1m_lightgcn_d32_l3] epoch   5 loss 0.4893 valid ndcg@10 0.1097 recall@20 0.1136 *
[ml-1m_lightgcn_d32_l3] epoch  10 loss 0.4448 valid ndcg@10 0.1101 recall@20 0.1137 *
[ml-1m_lightgcn_d32_l3] epoch  15 loss 0.4331 valid ndcg@10 0.1101 recall@20 0.1138
[ml-1m_lightgcn_d32_l3] epoch  20 loss 0.4272 valid ndcg@10 0.1100 recall@20 0.1139
[ml-1m_lightgcn_d32_l3] epoch  25 loss 0.4224 valid ndcg@10 0.1098 recall@20 0.1139
[ml-1m_lightgcn_d32_l3] epoch  30 loss 0.4196 valid ndcg@10 0.1103 recall@20 0.1139 *
[ml-1m_lightgcn_d32_l3] epoch  35 loss 0.4163 valid ndcg@10 0.1107 recall@20 0.1142 *
[ml-1m_lightgcn_d32_l3] epoch  40 loss 0.4103 valid ndcg@10 0.1125 recall@20 0.1154 *
[ml-1m_lightgcn_d32_l3] epoch  45 loss 0.3948 valid ndcg@10 0.1187 recall@20 0.1208 *
[ml-1m_lightgcn_d32_l3] epoch  50 loss 0.3791 valid ndcg@10 0.1252 recall@20 0.1266 *
[ml-1m_lightgcn_d32_l3] epoch  55 loss 0.3685 valid ndcg@10 0.1303 recall@20 0.1318 *
[ml-1m_lightgcn_d32_l3] epoch  60 loss 0.3594 valid ndcg@10 0.1368 recall@20 0.1382 *
[ml-1m_lightgcn_d32_l3] epoch  65 loss 0.3527 valid ndcg@10 0.1433 recall@20 0.1445 *
[ml-1m_lightgcn_d32_l3] epoch  70 loss 0.3473 valid ndcg@10 0.1477 recall@20 0.1496 *
[ml-1m_lightgcn_d32_l3] epoch  75 loss 0.3444 valid ndcg@10 0.1496 recall@20 0.1522 *
[ml-1m_lightgcn_d32_l3] epoch  80 loss 0.3400 valid ndcg@10 0.1514 recall@20 0.1547 *
[ml-1m_lightgcn_d32_l3] epoch  85 loss 0.3342 valid ndcg@10 0.1548 recall@20 0.1577 *
[ml-1m_lightgcn_d32_l3] epoch  90 loss 0.3298 valid ndcg@10 0.1572 recall@20 0.1615 *
[ml-1m_lightgcn_d32_l3] epoch  95 loss 0.3244 valid ndcg@10 0.1603 recall@20 0.1653 *
[ml-1m_lightgcn_d32_l3] epoch 100 loss 0.3206 valid ndcg@10 0.1633 recall@20 0.1671 *
[ml-1m_lightgcn_d32_l3] epoch 105 loss 0.3170 valid ndcg@10 0.1651 recall@20 0.1693 *
[ml-1m_lightgcn_d32_l3] epoch 110 loss 0.3154 valid ndcg@10 0.1675 recall@20 0.1718 *
[ml-1m_lightgcn_d32_l3] epoch 115 loss 0.3134 valid ndcg@10 0.1676 recall@20 0.1740 *
[ml-1m_lightgcn_d32_l3] epoch 120 loss 0.3110 valid ndcg@10 0.1700 recall@20 0.1757 *
[ml-1m_lightgcn_d32_l3] epoch 125 loss 0.3093 valid ndcg@10 0.1717 recall@20 0.1774 *
[ml-1m_lightgcn_d32_l3] epoch 130 loss 0.3070 valid ndcg@10 0.1739 recall@20 0.1800 *
[ml-1m_lightgcn_d32_l3] epoch 135 loss 0.3043 valid ndcg@10 0.1751 recall@20 0.1815 *
[ml-1m_lightgcn_d32_l3] epoch 140 loss 0.3023 valid ndcg@10 0.1768 recall@20 0.1841 *
[ml-1m_lightgcn_d32_l3] epoch 145 loss 0.3011 valid ndcg@10 0.1784 recall@20 0.1863 *
[ml-1m_lightgcn_d32_l3] epoch 150 loss 0.2990 valid ndcg@10 0.1800 recall@20 0.1878 *
[ml-1m_lightgcn_d32_l3] epoch 155 loss 0.2969 valid ndcg@10 0.1813 recall@20 0.1913 *
[ml-1m_lightgcn_d32_l3] epoch 160 loss 0.2952 valid ndcg@10 0.1827 recall@20 0.1929 *
[ml-1m_lightgcn_d32_l3] epoch 165 loss 0.2933 valid ndcg@10 0.1841 recall@20 0.1941 *
[ml-1m_lightgcn_d32_l3] epoch 170 loss 0.2921 valid ndcg@10 0.1849 recall@20 0.1959 *
[ml-1m_lightgcn_d32_l3] epoch 175 loss 0.2903 valid ndcg@10 0.1850 recall@20 0.1959 *
[ml-1m_lightgcn_d32_l3] epoch 180 loss 0.2898 valid ndcg@10 0.1858 recall@20 0.1979 *
[ml-1m_lightgcn_d32_l3] epoch 185 loss 0.2879 valid ndcg@10 0.1871 recall@20 0.1991 *
[ml-1m_lightgcn_d32_l3] epoch 190 loss 0.2858 valid ndcg@10 0.1880 recall@20 0.2002 *
[ml-1m_lightgcn_d32_l3] epoch 195 loss 0.2849 valid ndcg@10 0.1892 recall@20 0.2023 *
[ml-1m_lightgcn_d32_l3] epoch 200 loss 0.2838 valid ndcg@10 0.1892 recall@20 0.2026
[ml-1m_lightgcn_d32_l3] epoch 205 loss 0.2830 valid ndcg@10 0.1899 recall@20 0.2040 *
[ml-1m_lightgcn_d32_l3] epoch 210 loss 0.2807 valid ndcg@10 0.1903 recall@20 0.2052 *
[ml-1m_lightgcn_d32_l3] epoch 215 loss 0.2801 valid ndcg@10 0.1913 recall@20 0.2059 *
[ml-1m_lightgcn_d32_l3] epoch 220 loss 0.2790 valid ndcg@10 0.1913 recall@20 0.2070
[ml-1m_lightgcn_d32_l3] epoch 225 loss 0.2779 valid ndcg@10 0.1917 recall@20 0.2088 *
[ml-1m_lightgcn_d32_l3] epoch 230 loss 0.2767 valid ndcg@10 0.1926 recall@20 0.2094 *
[ml-1m_lightgcn_d32_l3] epoch 235 loss 0.2762 valid ndcg@10 0.1925 recall@20 0.2100
[ml-1m_lightgcn_d32_l3] epoch 240 loss 0.2753 valid ndcg@10 0.1927 recall@20 0.2109 *
[ml-1m_lightgcn_d32_l3] epoch 245 loss 0.2736 valid ndcg@10 0.1935 recall@20 0.2114 *
[ml-1m_lightgcn_d32_l3] epoch 250 loss 0.2731 valid ndcg@10 0.1937 recall@20 0.2118 *
[ml-1m_lightgcn_d32_l3] epoch 255 loss 0.2721 valid ndcg@10 0.1939 recall@20 0.2123 *
[ml-1m_lightgcn_d32_l3] epoch 260 loss 0.2720 valid ndcg@10 0.1939 recall@20 0.2130
[ml-1m_lightgcn_d32_l3] epoch 265 loss 0.2709 valid ndcg@10 0.1949 recall@20 0.2137 *
[ml-1m_lightgcn_d32_l3] epoch 270 loss 0.2700 valid ndcg@10 0.1948 recall@20 0.2141
[ml-1m_lightgcn_d32_l3] epoch 275 loss 0.2702 valid ndcg@10 0.1941 recall@20 0.2148
[ml-1m_lightgcn_d32_l3] epoch 280 loss 0.2687 valid ndcg@10 0.1950 recall@20 0.2147 *
[ml-1m_lightgcn_d32_l3] epoch 285 loss 0.2680 valid ndcg@10 0.1956 recall@20 0.2151 *
[ml-1m_lightgcn_d32_l3] epoch 290 loss 0.2681 valid ndcg@10 0.1962 recall@20 0.2155 *
[ml-1m_lightgcn_d32_l3] epoch 295 loss 0.2677 valid ndcg@10 0.1969 recall@20 0.2155 *
[ml-1m_lightgcn_d32_l3] epoch 300 loss 0.2655 valid ndcg@10 0.1963 recall@20 0.2159
[ml-1m_lightgcn_d32_l3] TEST {"recall@10": 0.15869593587040381, "ndcg@10": 0.25054736935428473, "recall@20": 0.24024173227620987, "ndcg@20": 0.2554651224003582} -> /home/ubuntu/movielens-data/project1/results/ml-1m_lightgcn_d32_l3.json
/opt/pytorch/lib/python3.12/site-packages/torch/cuda/__init__.py:61: FutureWarning: The pynvml package is deprecated. Please install nvidia-ml-py instead. If you did not install pynvml directly, please report this to the maintainers of the package that installed pynvml for you.
  import pynvml  # type: ignore[import]
[vgames_mf_d32] epoch   5 loss 0.5931 valid ndcg@10 0.0167 recall@20 0.0500 *
[vgames_mf_d32] epoch  10 loss 0.3554 valid ndcg@10 0.0197 recall@20 0.0602 *
[vgames_mf_d32] epoch  15 loss 0.2707 valid ndcg@10 0.0218 recall@20 0.0659 *
[vgames_mf_d32] epoch  20 loss 0.2184 valid ndcg@10 0.0230 recall@20 0.0697 *
[vgames_mf_d32] epoch  25 loss 0.1808 valid ndcg@10 0.0240 recall@20 0.0727 *
[vgames_mf_d32] epoch  30 loss 0.1511 valid ndcg@10 0.0250 recall@20 0.0742 *
[vgames_mf_d32] epoch  35 loss 0.1282 valid ndcg@10 0.0256 recall@20 0.0762 *
[vgames_mf_d32] epoch  40 loss 0.1093 valid ndcg@10 0.0261 recall@20 0.0775 *
[vgames_mf_d32] epoch  45 loss 0.0944 valid ndcg@10 0.0267 recall@20 0.0789 *
[vgames_mf_d32] epoch  50 loss 0.0820 valid ndcg@10 0.0271 recall@20 0.0802 *
[vgames_mf_d32] epoch  55 loss 0.0720 valid ndcg@10 0.0273 recall@20 0.0809 *
[vgames_mf_d32] epoch  60 loss 0.0638 valid ndcg@10 0.0275 recall@20 0.0815 *
[vgames_mf_d32] epoch  65 loss 0.0575 valid ndcg@10 0.0276 recall@20 0.0820 *
[vgames_mf_d32] epoch  70 loss 0.0518 valid ndcg@10 0.0277 recall@20 0.0825 *
[vgames_mf_d32] epoch  75 loss 0.0473 valid ndcg@10 0.0279 recall@20 0.0824 *
[vgames_mf_d32] epoch  80 loss 0.0431 valid ndcg@10 0.0281 recall@20 0.0829 *
[vgames_mf_d32] epoch  85 loss 0.0395 valid ndcg@10 0.0281 recall@20 0.0830
[vgames_mf_d32] epoch  90 loss 0.0367 valid ndcg@10 0.0281 recall@20 0.0834
[vgames_mf_d32] epoch  95 loss 0.0340 valid ndcg@10 0.0283 recall@20 0.0829 *
[vgames_mf_d32] epoch 100 loss 0.0318 valid ndcg@10 0.0283 recall@20 0.0831 *
[vgames_mf_d32] epoch 105 loss 0.0297 valid ndcg@10 0.0283 recall@20 0.0830
[vgames_mf_d32] epoch 110 loss 0.0283 valid ndcg@10 0.0283 recall@20 0.0832
[vgames_mf_d32] epoch 115 loss 0.0270 valid ndcg@10 0.0285 recall@20 0.0836 *
[vgames_mf_d32] epoch 120 loss 0.0257 valid ndcg@10 0.0283 recall@20 0.0839
[vgames_mf_d32] epoch 125 loss 0.0245 valid ndcg@10 0.0283 recall@20 0.0836
[vgames_mf_d32] epoch 130 loss 0.0235 valid ndcg@10 0.0282 recall@20 0.0834
[vgames_mf_d32] epoch 135 loss 0.0225 valid ndcg@10 0.0283 recall@20 0.0831
[vgames_mf_d32] epoch 140 loss 0.0217 valid ndcg@10 0.0284 recall@20 0.0832
[vgames_mf_d32] epoch 145 loss 0.0210 valid ndcg@10 0.0284 recall@20 0.0834
[vgames_mf_d32] early stop at epoch 145
[vgames_mf_d32] TEST {"recall@10": 0.05508470124100016, "ndcg@10": 0.02928026545618719, "recall@20": 0.08565219833083916, "ndcg@20": 0.03719580960166086} -> /home/ubuntu/movielens-data/project1/results/vgames_mf_d32.json
/opt/pytorch/lib/python3.12/site-packages/torch/cuda/__init__.py:61: FutureWarning: The pynvml package is deprecated. Please install nvidia-ml-py instead. If you did not install pynvml directly, please report this to the maintainers of the package that installed pynvml for you.
  import pynvml  # type: ignore[import]
[vgames_lightgcn_d32_l3] epoch   5 loss 0.5197 valid ndcg@10 0.0149 recall@20 0.0452 *
[vgames_lightgcn_d32_l3] epoch  10 loss 0.3439 valid ndcg@10 0.0157 recall@20 0.0473 *
[vgames_lightgcn_d32_l3] epoch  15 loss 0.2971 valid ndcg@10 0.0172 recall@20 0.0516 *
[vgames_lightgcn_d32_l3] epoch  20 loss 0.2633 valid ndcg@10 0.0185 recall@20 0.0553 *
[vgames_lightgcn_d32_l3] epoch  25 loss 0.2420 valid ndcg@10 0.0194 recall@20 0.0578 *
[vgames_lightgcn_d32_l3] epoch  30 loss 0.2251 valid ndcg@10 0.0200 recall@20 0.0598 *
[vgames_lightgcn_d32_l3] epoch  35 loss 0.2129 valid ndcg@10 0.0204 recall@20 0.0617 *
[vgames_lightgcn_d32_l3] epoch  40 loss 0.1993 valid ndcg@10 0.0211 recall@20 0.0638 *
[vgames_lightgcn_d32_l3] epoch  45 loss 0.1868 valid ndcg@10 0.0218 recall@20 0.0663 *
[vgames_lightgcn_d32_l3] epoch  50 loss 0.1749 valid ndcg@10 0.0227 recall@20 0.0692 *
[vgames_lightgcn_d32_l3] epoch  55 loss 0.1643 valid ndcg@10 0.0235 recall@20 0.0716 *
[vgames_lightgcn_d32_l3] epoch  60 loss 0.1550 valid ndcg@10 0.0244 recall@20 0.0741 *
[vgames_lightgcn_d32_l3] epoch  65 loss 0.1475 valid ndcg@10 0.0250 recall@20 0.0758 *
[vgames_lightgcn_d32_l3] epoch  70 loss 0.1396 valid ndcg@10 0.0258 recall@20 0.0776 *
[vgames_lightgcn_d32_l3] epoch  75 loss 0.1330 valid ndcg@10 0.0264 recall@20 0.0794 *
[vgames_lightgcn_d32_l3] epoch  80 loss 0.1262 valid ndcg@10 0.0269 recall@20 0.0811 *
[vgames_lightgcn_d32_l3] epoch  85 loss 0.1199 valid ndcg@10 0.0275 recall@20 0.0828 *
[vgames_lightgcn_d32_l3] epoch  90 loss 0.1138 valid ndcg@10 0.0280 recall@20 0.0843 *
[vgames_lightgcn_d32_l3] epoch  95 loss 0.1083 valid ndcg@10 0.0285 recall@20 0.0861 *
[vgames_lightgcn_d32_l3] epoch 100 loss 0.1035 valid ndcg@10 0.0290 recall@20 0.0876 *
[vgames_lightgcn_d32_l3] epoch 105 loss 0.0980 valid ndcg@10 0.0295 recall@20 0.0892 *
[vgames_lightgcn_d32_l3] epoch 110 loss 0.0946 valid ndcg@10 0.0300 recall@20 0.0907 *
[vgames_lightgcn_d32_l3] epoch 115 loss 0.0907 valid ndcg@10 0.0304 recall@20 0.0921 *
[vgames_lightgcn_d32_l3] epoch 120 loss 0.0875 valid ndcg@10 0.0309 recall@20 0.0936 *
[vgames_lightgcn_d32_l3] epoch 125 loss 0.0835 valid ndcg@10 0.0313 recall@20 0.0945 *
[vgames_lightgcn_d32_l3] epoch 130 loss 0.0799 valid ndcg@10 0.0318 recall@20 0.0958 *
[vgames_lightgcn_d32_l3] epoch 135 loss 0.0767 valid ndcg@10 0.0322 recall@20 0.0972 *
[vgames_lightgcn_d32_l3] epoch 140 loss 0.0739 valid ndcg@10 0.0326 recall@20 0.0981 *
[vgames_lightgcn_d32_l3] epoch 145 loss 0.0716 valid ndcg@10 0.0330 recall@20 0.0991 *
[vgames_lightgcn_d32_l3] epoch 150 loss 0.0683 valid ndcg@10 0.0334 recall@20 0.1002 *
[vgames_lightgcn_d32_l3] epoch 155 loss 0.0666 valid ndcg@10 0.0338 recall@20 0.1010 *
[vgames_lightgcn_d32_l3] epoch 160 loss 0.0644 valid ndcg@10 0.0342 recall@20 0.1023 *
[vgames_lightgcn_d32_l3] epoch 165 loss 0.0619 valid ndcg@10 0.0346 recall@20 0.1031 *
[vgames_lightgcn_d32_l3] epoch 170 loss 0.0600 valid ndcg@10 0.0348 recall@20 0.1037 *
[vgames_lightgcn_d32_l3] epoch 175 loss 0.0580 valid ndcg@10 0.0353 recall@20 0.1049 *
[vgames_lightgcn_d32_l3] epoch 180 loss 0.0562 valid ndcg@10 0.0355 recall@20 0.1058 *
[vgames_lightgcn_d32_l3] epoch 185 loss 0.0552 valid ndcg@10 0.0358 recall@20 0.1067 *
[vgames_lightgcn_d32_l3] epoch 190 loss 0.0536 valid ndcg@10 0.0362 recall@20 0.1076 *
[vgames_lightgcn_d32_l3] epoch 195 loss 0.0519 valid ndcg@10 0.0365 recall@20 0.1081 *
[vgames_lightgcn_d32_l3] epoch 200 loss 0.0502 valid ndcg@10 0.0368 recall@20 0.1088 *
[vgames_lightgcn_d32_l3] epoch 205 loss 0.0494 valid ndcg@10 0.0371 recall@20 0.1095 *
[vgames_lightgcn_d32_l3] epoch 210 loss 0.0482 valid ndcg@10 0.0373 recall@20 0.1102 *
[vgames_lightgcn_d32_l3] epoch 215 loss 0.0467 valid ndcg@10 0.0376 recall@20 0.1104 *
[vgames_lightgcn_d32_l3] epoch 220 loss 0.0457 valid ndcg@10 0.0378 recall@20 0.1115 *
[vgames_lightgcn_d32_l3] epoch 225 loss 0.0451 valid ndcg@10 0.0381 recall@20 0.1120 *
[vgames_lightgcn_d32_l3] epoch 230 loss 0.0434 valid ndcg@10 0.0383 recall@20 0.1124 *
[vgames_lightgcn_d32_l3] epoch 235 loss 0.0424 valid ndcg@10 0.0385 recall@20 0.1130 *
[vgames_lightgcn_d32_l3] epoch 240 loss 0.0414 valid ndcg@10 0.0388 recall@20 0.1136 *
[vgames_lightgcn_d32_l3] epoch 245 loss 0.0409 valid ndcg@10 0.0390 recall@20 0.1142 *
[vgames_lightgcn_d32_l3] epoch 250 loss 0.0401 valid ndcg@10 0.0394 recall@20 0.1145 *
[vgames_lightgcn_d32_l3] epoch 255 loss 0.0392 valid ndcg@10 0.0396 recall@20 0.1151 *
[vgames_lightgcn_d32_l3] epoch 260 loss 0.0382 valid ndcg@10 0.0397 recall@20 0.1153 *
[vgames_lightgcn_d32_l3] epoch 265 loss 0.0375 valid ndcg@10 0.0399 recall@20 0.1157 *
[vgames_lightgcn_d32_l3] epoch 270 loss 0.0368 valid ndcg@10 0.0401 recall@20 0.1163 *
[vgames_lightgcn_d32_l3] epoch 275 loss 0.0357 valid ndcg@10 0.0402 recall@20 0.1164 *
[vgames_lightgcn_d32_l3] epoch 280 loss 0.0357 valid ndcg@10 0.0405 recall@20 0.1171 *
[vgames_lightgcn_d32_l3] epoch 285 loss 0.0352 valid ndcg@10 0.0405 recall@20 0.1174 *
[vgames_lightgcn_d32_l3] epoch 290 loss 0.0345 valid ndcg@10 0.0406 recall@20 0.1177 *
[vgames_lightgcn_d32_l3] epoch 295 loss 0.0335 valid ndcg@10 0.0407 recall@20 0.1180 *
[vgames_lightgcn_d32_l3] epoch 300 loss 0.0334 valid ndcg@10 0.0409 recall@20 0.1183 *
[vgames_lightgcn_d32_l3] TEST {"recall@10": 0.07795977613258907, "ndcg@10": 0.041227225916778215, "recall@20": 0.11975967351462521, "ndcg@20": 0.052001175341600286} -> /home/ubuntu/movielens-data/project1/results/vgames_lightgcn_d32_l3.json
ALL RUNS COMPLETE
